<?xml version="1.0" encoding="ISO-8859-1" ?>
<link_info>
   <banner>TI ARM Linker PC v20.2.7.LTS</banner>
   <copyright>Copyright (c) 1996-2018 Texas Instruments Incorporated</copyright>
   <link_time>0x640d63c1</link_time>
   <link_errors>0x0</link_errors>
   <output_file>pwmled2_CC3220S_LAUNCHXL_nortos_ccs.out</output_file>
   <entry_point>
      <name>resetISR</name>
      <address>0x2000ea01</address>
   </entry_point>
   <input_file_list>
      <input_file id="fl-2">
         <path>.\</path>
         <kind>object</kind>
         <file>main_nortos.obj</file>
         <name>main_nortos.obj</name>
      </input_file>
      <input_file id="fl-3">
         <path>.\</path>
         <kind>object</kind>
         <file>pwmled2.obj</file>
         <name>pwmled2.obj</name>
      </input_file>
      <input_file id="fl-4">
         <path>.\syscfg\</path>
         <kind>object</kind>
         <file>ti_drivers_config.obj</file>
         <name>ti_drivers_config.obj</name>
      </input_file>
      <input_file id="fl-d">
         <kind>object</kind>
         <file>&lt;internal&gt;</file>
         <name>&lt;internal&gt;</name>
      </input_file>
      <input_file id="fl-e">
         <path>C:\ti\simplelink_cc32xx_sdk_6_10_00_05\source\ti\drivers\lib\ccs\m4\</path>
         <kind>archive</kind>
         <file>drivers_cc32xx.a</file>
         <name>PWM.oem4</name>
      </input_file>
      <input_file id="fl-f">
         <path>C:\ti\simplelink_cc32xx_sdk_6_10_00_05\source\ti\drivers\lib\ccs\m4\</path>
         <kind>archive</kind>
         <file>drivers_cc32xx.a</file>
         <name>GPIOCC32XX.oem4</name>
      </input_file>
      <input_file id="fl-10">
         <path>C:\ti\simplelink_cc32xx_sdk_6_10_00_05\source\ti\drivers\lib\ccs\m4\</path>
         <kind>archive</kind>
         <file>drivers_cc32xx.a</file>
         <name>PowerCC32XX.oem4</name>
      </input_file>
      <input_file id="fl-11">
         <path>C:\ti\simplelink_cc32xx_sdk_6_10_00_05\source\ti\drivers\lib\ccs\m4\</path>
         <kind>archive</kind>
         <file>drivers_cc32xx.a</file>
         <name>PowerCC32XX_asm.oem4</name>
      </input_file>
      <input_file id="fl-12">
         <path>C:\ti\simplelink_cc32xx_sdk_6_10_00_05\source\ti\drivers\lib\ccs\m4\</path>
         <kind>archive</kind>
         <file>drivers_cc32xx.a</file>
         <name>PWMTimerCC32XX.oem4</name>
      </input_file>
      <input_file id="fl-13">
         <path>C:\ti\simplelink_cc32xx_sdk_6_10_00_05\source\ti\drivers\lib\ccs\m4\</path>
         <kind>archive</kind>
         <file>drivers_cc32xx.a</file>
         <name>TimerCC32XX.oem4</name>
      </input_file>
      <input_file id="fl-14">
         <path>C:\ti\simplelink_cc32xx_sdk_6_10_00_05\source\ti\drivers\lib\ccs\m4\</path>
         <kind>archive</kind>
         <file>drivers_cc32xx.a</file>
         <name>Timer.oem4</name>
      </input_file>
      <input_file id="fl-15">
         <path>C:\ti\simplelink_cc32xx_sdk_6_10_00_05\source\ti\drivers\lib\ccs\m4\</path>
         <kind>archive</kind>
         <file>drivers_cc32xx.a</file>
         <name>List.oem4</name>
      </input_file>
      <input_file id="fl-16">
         <path>C:\ti\simplelink_cc32xx_sdk_6_10_00_05\kernel\nortos\lib\ccs\m4\</path>
         <kind>archive</kind>
         <file>nortos_cc32xx.a</file>
         <name>posix_sleep.oem4</name>
      </input_file>
      <input_file id="fl-17">
         <path>C:\ti\simplelink_cc32xx_sdk_6_10_00_05\kernel\nortos\lib\ccs\m4\</path>
         <kind>archive</kind>
         <file>nortos_cc32xx.a</file>
         <name>NoRTOS.oem4</name>
      </input_file>
      <input_file id="fl-18">
         <path>C:\ti\simplelink_cc32xx_sdk_6_10_00_05\kernel\nortos\lib\ccs\m4\</path>
         <kind>archive</kind>
         <file>nortos_cc32xx.a</file>
         <name>SemaphoreP_nortos.oem4</name>
      </input_file>
      <input_file id="fl-19">
         <path>C:\ti\simplelink_cc32xx_sdk_6_10_00_05\kernel\nortos\lib\ccs\m4\</path>
         <kind>archive</kind>
         <file>nortos_cc32xx.a</file>
         <name>ClockPSysTick_nortos.oem4</name>
      </input_file>
      <input_file id="fl-1a">
         <path>C:\ti\simplelink_cc32xx_sdk_6_10_00_05\kernel\nortos\lib\ccs\m4\</path>
         <kind>archive</kind>
         <file>nortos_cc32xx.a</file>
         <name>HwiPCC32XX_nortos.oem4</name>
      </input_file>
      <input_file id="fl-1b">
         <path>C:\ti\simplelink_cc32xx_sdk_6_10_00_05\kernel\nortos\lib\ccs\m4\</path>
         <kind>archive</kind>
         <file>nortos_cc32xx.a</file>
         <name>PowerCC32XX_nortos.oem4</name>
      </input_file>
      <input_file id="fl-1c">
         <path>C:\ti\simplelink_cc32xx_sdk_6_10_00_05\kernel\nortos\lib\ccs\m4\</path>
         <kind>archive</kind>
         <file>nortos_cc32xx.a</file>
         <name>startup_cc32xx_ccs.oem4</name>
      </input_file>
      <input_file id="fl-1d">
         <path>C:\ti\simplelink_cc32xx_sdk_6_10_00_05\kernel\nortos\lib\ccs\m4\</path>
         <kind>archive</kind>
         <file>nortos_cc32xx.a</file>
         <name>SwiP_nortos.oem4</name>
      </input_file>
      <input_file id="fl-1e">
         <path>C:\ti\simplelink_cc32xx_sdk_6_10_00_05\kernel\nortos\lib\ccs\m4\</path>
         <kind>archive</kind>
         <file>nortos_cc32xx.a</file>
         <name>QueueP_nortos.oem4</name>
      </input_file>
      <input_file id="fl-1f">
         <path>C:\ti\simplelink_cc32xx_sdk_6_10_00_05\source\ti\devices\cc32xx\driverlib\ccs\Release\</path>
         <kind>archive</kind>
         <file>driverlib.a</file>
         <name>cpu.obj</name>
      </input_file>
      <input_file id="fl-20">
         <path>C:\ti\simplelink_cc32xx_sdk_6_10_00_05\source\ti\devices\cc32xx\driverlib\ccs\Release\</path>
         <kind>archive</kind>
         <file>driverlib.a</file>
         <name>interrupt.obj</name>
      </input_file>
      <input_file id="fl-21">
         <path>C:\ti\simplelink_cc32xx_sdk_6_10_00_05\source\ti\devices\cc32xx\driverlib\ccs\Release\</path>
         <kind>archive</kind>
         <file>driverlib.a</file>
         <name>pin.obj</name>
      </input_file>
      <input_file id="fl-22">
         <path>C:\ti\simplelink_cc32xx_sdk_6_10_00_05\source\ti\devices\cc32xx\driverlib\ccs\Release\</path>
         <kind>archive</kind>
         <file>driverlib.a</file>
         <name>prcm.obj</name>
      </input_file>
      <input_file id="fl-23">
         <path>C:\ti\simplelink_cc32xx_sdk_6_10_00_05\source\ti\devices\cc32xx\driverlib\ccs\Release\</path>
         <kind>archive</kind>
         <file>driverlib.a</file>
         <name>timer.obj</name>
      </input_file>
      <input_file id="fl-24">
         <path>C:\ti\simplelink_cc32xx_sdk_6_10_00_05\source\ti\devices\cc32xx\driverlib\ccs\Release\</path>
         <kind>archive</kind>
         <file>driverlib.a</file>
         <name>utils.obj</name>
      </input_file>
      <input_file id="fl-25">
         <path>C:\ti\simplelink_cc32xx_sdk_6_10_00_05\source\ti\devices\cc32xx\driverlib\ccs\Release\</path>
         <kind>archive</kind>
         <file>driverlib.a</file>
         <name>flash.obj</name>
      </input_file>
      <input_file id="fl-db">
         <path>C:\ti\ccs1220\ccs\tools\compiler\ti-cgt-arm_20.2.7.LTS\lib\</path>
         <kind>archive</kind>
         <file>rtsv7M4_T_le_eabi.lib</file>
         <name>ll_mul_t2.asm.obj</name>
      </input_file>
      <input_file id="fl-dc">
         <path>C:\ti\ccs1220\ccs\tools\compiler\ti-cgt-arm_20.2.7.LTS\lib\</path>
         <kind>archive</kind>
         <file>rtsv7M4_T_le_eabi.lib</file>
         <name>memcpy_t2.asm.obj</name>
      </input_file>
      <input_file id="fl-dd">
         <path>C:\ti\ccs1220\ccs\tools\compiler\ti-cgt-arm_20.2.7.LTS\lib\</path>
         <kind>archive</kind>
         <file>rtsv7M4_T_le_eabi.lib</file>
         <name>ull_div_t2.asm.obj</name>
      </input_file>
      <input_file id="fl-de">
         <path>C:\ti\ccs1220\ccs\tools\compiler\ti-cgt-arm_20.2.7.LTS\lib\</path>
         <kind>archive</kind>
         <file>rtsv7M4_T_le_eabi.lib</file>
         <name>copy_zero_init.c.obj</name>
      </input_file>
      <input_file id="fl-df">
         <path>C:\ti\ccs1220\ccs\tools\compiler\ti-cgt-arm_20.2.7.LTS\lib\</path>
         <kind>archive</kind>
         <file>rtsv7M4_T_le_eabi.lib</file>
         <name>copy_decompress_none.c.obj</name>
      </input_file>
      <input_file id="fl-e0">
         <path>C:\ti\ccs1220\ccs\tools\compiler\ti-cgt-arm_20.2.7.LTS\lib\</path>
         <kind>archive</kind>
         <file>rtsv7M4_T_le_eabi.lib</file>
         <name>copy_decompress_lzss.c.obj</name>
      </input_file>
      <input_file id="fl-e1">
         <path>C:\ti\ccs1220\ccs\tools\compiler\ti-cgt-arm_20.2.7.LTS\lib\</path>
         <kind>archive</kind>
         <file>rtsv7M4_T_le_eabi.lib</file>
         <name>memory.c.obj</name>
      </input_file>
      <input_file id="fl-e2">
         <path>C:\ti\ccs1220\ccs\tools\compiler\ti-cgt-arm_20.2.7.LTS\lib\</path>
         <kind>archive</kind>
         <file>rtsv7M4_T_le_eabi.lib</file>
         <name>boot_cortex_m.c.obj</name>
      </input_file>
      <input_file id="fl-e3">
         <path>C:\ti\ccs1220\ccs\tools\compiler\ti-cgt-arm_20.2.7.LTS\lib\</path>
         <kind>archive</kind>
         <file>rtsv7M4_T_le_eabi.lib</file>
         <name>div0.asm.obj</name>
      </input_file>
      <input_file id="fl-e4">
         <path>C:\ti\ccs1220\ccs\tools\compiler\ti-cgt-arm_20.2.7.LTS\lib\</path>
         <kind>archive</kind>
         <file>rtsv7M4_T_le_eabi.lib</file>
         <name>memset_t2.asm.obj</name>
      </input_file>
      <input_file id="fl-e5">
         <path>C:\ti\ccs1220\ccs\tools\compiler\ti-cgt-arm_20.2.7.LTS\lib\</path>
         <kind>archive</kind>
         <file>rtsv7M4_T_le_eabi.lib</file>
         <name>autoinit.c.obj</name>
      </input_file>
      <input_file id="fl-e6">
         <path>C:\ti\ccs1220\ccs\tools\compiler\ti-cgt-arm_20.2.7.LTS\lib\</path>
         <kind>archive</kind>
         <file>rtsv7M4_T_le_eabi.lib</file>
         <name>pre_init.c.obj</name>
      </input_file>
      <input_file id="fl-e7">
         <path>C:\ti\ccs1220\ccs\tools\compiler\ti-cgt-arm_20.2.7.LTS\lib\</path>
         <kind>archive</kind>
         <file>rtsv7M4_T_le_eabi.lib</file>
         <name>cpy_tbl.c.obj</name>
      </input_file>
      <input_file id="fl-e8">
         <path>C:\ti\ccs1220\ccs\tools\compiler\ti-cgt-arm_20.2.7.LTS\lib\</path>
         <kind>archive</kind>
         <file>rtsv7M4_T_le_eabi.lib</file>
         <name>exit.c.obj</name>
      </input_file>
      <input_file id="fl-e9">
         <path>C:\ti\ccs1220\ccs\tools\compiler\ti-cgt-arm_20.2.7.LTS\lib\</path>
         <kind>archive</kind>
         <file>rtsv7M4_T_le_eabi.lib</file>
         <name>_lock.c.obj</name>
      </input_file>
      <input_file id="fl-ea">
         <path>C:\ti\ccs1220\ccs\tools\compiler\ti-cgt-arm_20.2.7.LTS\lib\</path>
         <kind>archive</kind>
         <file>rtsv7M4_T_le_eabi.lib</file>
         <name>args_main.c.obj</name>
      </input_file>
   </input_file_list>
   <object_component_list>
      <object_component id="oc-1af">
         <name>.text:PRCMCC3200MCUInit</name>
         <load_address>0x2000c040</load_address>
         <run_address>0x2000c040</run_address>
         <size>0x42c</size>
         <input_file_ref idref="fl-22"/>
      </object_component>
      <object_component id="oc-332">
         <name>.text:PowerCC32XX_sleepPolicy</name>
         <load_address>0x2000c46c</load_address>
         <run_address>0x2000c46c</run_address>
         <size>0x1a0</size>
         <input_file_ref idref="fl-1b"/>
      </object_component>
      <object_component id="oc-2a9">
         <name>.text:GPIO_setConfig</name>
         <load_address>0x2000c60c</load_address>
         <run_address>0x2000c60c</run_address>
         <size>0x154</size>
         <input_file_ref idref="fl-f"/>
      </object_component>
      <object_component id="oc-520">
         <name>.text:parkPins</name>
         <load_address>0x2000c760</load_address>
         <run_address>0x2000c760</run_address>
         <size>0x148</size>
         <input_file_ref idref="fl-10"/>
      </object_component>
      <object_component id="oc-4ec">
         <name>.text:PWMTimerCC32XX_setDutyAndPeriod</name>
         <load_address>0x2000c8a8</load_address>
         <run_address>0x2000c8a8</run_address>
         <size>0x140</size>
         <input_file_ref idref="fl-12"/>
      </object_component>
      <object_component id="oc-451">
         <name>.text:Power_sleep</name>
         <load_address>0x2000c9e8</load_address>
         <run_address>0x2000c9e8</run_address>
         <size>0x138</size>
         <input_file_ref idref="fl-10"/>
      </object_component>
      <object_component id="oc-566">
         <name>.text:aligned_alloc</name>
         <load_address>0x2000cb20</load_address>
         <run_address>0x2000cb20</run_address>
         <size>0x100</size>
         <input_file_ref idref="fl-e1"/>
      </object_component>
      <object_component id="oc-4da">
         <name>.text:PWMTimerCC32XX_open</name>
         <load_address>0x2000cc20</load_address>
         <run_address>0x2000cc20</run_address>
         <size>0xf0</size>
         <input_file_ref idref="fl-12"/>
      </object_component>
      <object_component id="oc-34e">
         <name>.text:free</name>
         <load_address>0x2000cd10</load_address>
         <run_address>0x2000cd10</run_address>
         <size>0xe4</size>
         <input_file_ref idref="fl-e1"/>
      </object_component>
      <object_component id="oc-4f8">
         <name>.text:PWMTimerCC32XX_stop</name>
         <load_address>0x2000cdf4</load_address>
         <run_address>0x2000cdf4</run_address>
         <size>0xc4</size>
         <input_file_ref idref="fl-12"/>
      </object_component>
      <object_component id="oc-53d">
         <name>.text:restoreParkedPins</name>
         <load_address>0x2000ceb8</load_address>
         <run_address>0x2000ceb8</run_address>
         <size>0xc0</size>
         <input_file_ref idref="fl-10"/>
      </object_component>
      <object_component id="oc-4e0">
         <name>.text:PWMTimerCC32XX_setDuty</name>
         <load_address>0x2000cf78</load_address>
         <run_address>0x2000cf78</run_address>
         <size>0xb8</size>
         <input_file_ref idref="fl-12"/>
      </object_component>
      <object_component id="oc-b5">
         <name>.text:IntEnable</name>
         <load_address>0x2000d030</load_address>
         <run_address>0x2000d030</run_address>
         <size>0xa8</size>
         <input_file_ref idref="fl-20"/>
      </object_component>
      <object_component id="oc-27e">
         <name>.text:PowerCC32XX_configureWakeup</name>
         <load_address>0x2000d0d8</load_address>
         <run_address>0x2000d0d8</run_address>
         <size>0xa8</size>
         <input_file_ref idref="fl-10"/>
      </object_component>
      <object_component id="oc-5ad">
         <name>.text:initHw</name>
         <load_address>0x2000d180</load_address>
         <run_address>0x2000d180</run_address>
         <size>0xa4</size>
         <input_file_ref idref="fl-12"/>
      </object_component>
      <object_component id="oc-2a3">
         <name>.text:SemaphoreP_pend</name>
         <load_address>0x2000d224</load_address>
         <run_address>0x2000d224</run_address>
         <size>0xa0</size>
         <input_file_ref idref="fl-18"/>
      </object_component>
      <object_component id="oc-3b">
         <name>.text</name>
         <load_address>0x2000d2c4</load_address>
         <run_address>0x2000d2c4</run_address>
         <size>0x9c</size>
         <input_file_ref idref="fl-dc"/>
      </object_component>
      <object_component id="oc-4e6">
         <name>.text:PWMTimerCC32XX_setPeriod</name>
         <load_address>0x2000d360</load_address>
         <run_address>0x2000d360</run_address>
         <size>0x98</size>
         <input_file_ref idref="fl-12"/>
      </object_component>
      <object_component id="oc-2de">
         <name>.text</name>
         <load_address>0x2000d3f8</load_address>
         <run_address>0x2000d3f8</run_address>
         <size>0x96</size>
         <input_file_ref idref="fl-dd"/>
      </object_component>
      <object_component id="oc-1c1">
         <name>.text:Board_initHook</name>
         <load_address>0x2000d48e</load_address>
         <run_address>0x2000d48e</run_address>
         <size>0x2</size>
         <input_file_ref idref="fl-4"/>
      </object_component>
      <object_component id="oc-1bb">
         <name>.text:GPIO_init</name>
         <load_address>0x2000d490</load_address>
         <run_address>0x2000d490</run_address>
         <size>0x90</size>
         <input_file_ref idref="fl-f"/>
      </object_component>
      <object_component id="oc-531">
         <name>.text:restoreNVICRegs</name>
         <load_address>0x2000d520</load_address>
         <run_address>0x2000d520</run_address>
         <size>0x90</size>
         <input_file_ref idref="fl-10"/>
      </object_component>
      <object_component id="oc-4ad">
         <name>.text:HwiP_construct</name>
         <load_address>0x2000d5b0</load_address>
         <run_address>0x2000d5b0</run_address>
         <size>0x8c</size>
         <input_file_ref idref="fl-1a"/>
      </object_component>
      <object_component id="oc-618">
         <name>.text:IntPendSet</name>
         <load_address>0x2000d63c</load_address>
         <run_address>0x2000d63c</run_address>
         <size>0x88</size>
         <input_file_ref idref="fl-20"/>
      </object_component>
      <object_component id="oc-4c8">
         <name>.text:PWMTimerCC32XX_close</name>
         <load_address>0x2000d6c4</load_address>
         <run_address>0x2000d6c4</run_address>
         <size>0x88</size>
         <input_file_ref idref="fl-12"/>
      </object_component>
      <object_component id="oc-37d">
         <name>.text:PinConfigSet</name>
         <load_address>0x2000d74c</load_address>
         <run_address>0x2000d74c</run_address>
         <size>0x88</size>
         <input_file_ref idref="fl-21"/>
      </object_component>
      <object_component id="oc-1b5">
         <name>.text:Power_init</name>
         <load_address>0x2000d7d4</load_address>
         <run_address>0x2000d7d4</run_address>
         <size>0x84</size>
         <input_file_ref idref="fl-10"/>
      </object_component>
      <object_component id="oc-526">
         <name>.text:saveNVICRegs</name>
         <load_address>0x2000d858</load_address>
         <run_address>0x2000d858</run_address>
         <size>0x84</size>
         <input_file_ref idref="fl-10"/>
      </object_component>
      <object_component id="oc-383">
         <name>.text:Power_setDependency</name>
         <load_address>0x2000d8dc</load_address>
         <run_address>0x2000d8dc</run_address>
         <size>0x80</size>
         <input_file_ref idref="fl-10"/>
      </object_component>
      <object_component id="oc-163">
         <name>.text:mainThread</name>
         <load_address>0x2000d95c</load_address>
         <run_address>0x2000d95c</run_address>
         <size>0x7a</size>
         <input_file_ref idref="fl-3"/>
      </object_component>
      <object_component id="oc-4d4">
         <name>.text:PWMTimerCC32XX_init</name>
         <load_address>0x2000d9d6</load_address>
         <run_address>0x2000d9d6</run_address>
         <size>0x2</size>
         <input_file_ref idref="fl-12"/>
      </object_component>
      <object_component id="oc-2c8">
         <name>.text:powerNotifyFxn</name>
         <load_address>0x2000d9d8</load_address>
         <run_address>0x2000d9d8</run_address>
         <size>0x74</size>
         <input_file_ref idref="fl-f"/>
      </object_component>
      <object_component id="oc-629">
         <name>.text:split</name>
         <load_address>0x2000da4c</load_address>
         <run_address>0x2000da4c</run_address>
         <size>0x70</size>
         <input_file_ref idref="fl-e1"/>
      </object_component>
      <object_component id="oc-4f2">
         <name>.text:PWMTimerCC32XX_start</name>
         <load_address>0x2000dabc</load_address>
         <run_address>0x2000dabc</run_address>
         <size>0x68</size>
         <input_file_ref idref="fl-12"/>
      </object_component>
      <object_component id="oc-14">
         <name>.text:decompress:lzss:__TI_decompress_lzss</name>
         <load_address>0x2000db24</load_address>
         <run_address>0x2000db24</run_address>
         <size>0x68</size>
         <input_file_ref idref="fl-e0"/>
      </object_component>
      <object_component id="oc-395">
         <name>.text:GPIO_setInterruptConfig</name>
         <load_address>0x2000db8c</load_address>
         <run_address>0x2000db8c</run_address>
         <size>0x64</size>
         <input_file_ref idref="fl-f"/>
      </object_component>
      <object_component id="oc-3cf">
         <name>.text:PowerCC32XX_setParkState</name>
         <load_address>0x2000dbf0</load_address>
         <run_address>0x2000dbf0</run_address>
         <size>0x64</size>
         <input_file_ref idref="fl-10"/>
      </object_component>
      <object_component id="oc-3a4">
         <name>.text:GPIO_hwiIntFxn</name>
         <load_address>0x2000dc54</load_address>
         <run_address>0x2000dc54</run_address>
         <size>0x60</size>
         <input_file_ref idref="fl-f"/>
      </object_component>
      <object_component id="oc-24c">
         <name>.text:PRCMSysResetCauseGet</name>
         <load_address>0x2000dcb4</load_address>
         <run_address>0x2000dcb4</run_address>
         <size>0x60</size>
         <input_file_ref idref="fl-22"/>
      </object_component>
      <object_component id="oc-3e9">
         <name>.text:sysTickInit</name>
         <load_address>0x2000dd14</load_address>
         <run_address>0x2000dd14</run_address>
         <size>0x5c</size>
         <input_file_ref idref="fl-19"/>
      </object_component>
      <object_component id="oc-265">
         <name>.text:PRCMPeripheralReset</name>
         <load_address>0x2000dd70</load_address>
         <run_address>0x2000dd70</run_address>
         <size>0x58</size>
         <input_file_ref idref="fl-22"/>
      </object_component>
      <object_component id="oc-58c">
         <name>.text:Power_releaseDependency</name>
         <load_address>0x2000ddc8</load_address>
         <run_address>0x2000ddc8</run_address>
         <size>0x58</size>
         <input_file_ref idref="fl-10"/>
      </object_component>
      <object_component id="oc-5f5">
         <name>.text:PowerCC32XX_resumeLPDS</name>
         <load_address>0x2000de20</load_address>
         <run_address>0x2000de20</run_address>
         <size>0x52</size>
         <input_file_ref idref="fl-11"/>
      </object_component>
      <object_component id="oc-32c">
         <name>.text:PowerCC32XX_initPolicy</name>
         <load_address>0x2000de72</load_address>
         <run_address>0x2000de72</run_address>
         <size>0x2</size>
         <input_file_ref idref="fl-1b"/>
      </object_component>
      <object_component id="oc-79">
         <name>.text:ClockP_sysTickHandler</name>
         <load_address>0x2000de74</load_address>
         <run_address>0x2000de74</run_address>
         <size>0x50</size>
         <input_file_ref idref="fl-19"/>
      </object_component>
      <object_component id="oc-3f3">
         <name>.text:SemaphoreP_construct</name>
         <load_address>0x2000dec4</load_address>
         <run_address>0x2000dec4</run_address>
         <size>0x50</size>
         <input_file_ref idref="fl-18"/>
      </object_component>
      <object_component id="oc-5a7">
         <name>.text:TimerCC32XX_allocateTimerResource</name>
         <load_address>0x2000df14</load_address>
         <run_address>0x2000df14</run_address>
         <size>0x50</size>
         <input_file_ref idref="fl-13"/>
      </object_component>
      <object_component id="oc-5ec">
         <name>.text:PowerCC32XX_parkPin</name>
         <load_address>0x2000df64</load_address>
         <run_address>0x2000df64</run_address>
         <size>0x4c</size>
         <input_file_ref idref="fl-10"/>
      </object_component>
      <object_component id="oc-5ba">
         <name>.text:getDutyCounts</name>
         <load_address>0x2000dfb0</load_address>
         <run_address>0x2000dfb0</run_address>
         <size>0x4c</size>
         <input_file_ref idref="fl-12"/>
      </object_component>
      <object_component id="oc-5c4">
         <name>.text:getPeriodCounts</name>
         <load_address>0x2000dffc</load_address>
         <run_address>0x2000dffc</run_address>
         <size>0x4c</size>
         <input_file_ref idref="fl-12"/>
      </object_component>
      <object_component id="oc-537">
         <name>.text:restorePeriphClocks</name>
         <load_address>0x2000e048</load_address>
         <run_address>0x2000e048</run_address>
         <size>0x4c</size>
         <input_file_ref idref="fl-10"/>
      </object_component>
      <object_component id="oc-610">
         <name>.text:FlashDisable</name>
         <load_address>0x2000e094</load_address>
         <run_address>0x2000e094</run_address>
         <size>0x48</size>
         <input_file_ref idref="fl-25"/>
      </object_component>
      <object_component id="oc-4b4">
         <name>.text:GPIO_disableInt</name>
         <load_address>0x2000e0dc</load_address>
         <run_address>0x2000e0dc</run_address>
         <size>0x48</size>
         <input_file_ref idref="fl-f"/>
      </object_component>
      <object_component id="oc-39b">
         <name>.text:GPIO_enableInt</name>
         <load_address>0x2000e124</load_address>
         <run_address>0x2000e124</run_address>
         <size>0x48</size>
         <input_file_ref idref="fl-f"/>
      </object_component>
      <object_component id="oc-543">
         <name>.text:PRCMLPDSEnter</name>
         <load_address>0x2000e16c</load_address>
         <run_address>0x2000e16c</run_address>
         <size>0x48</size>
         <input_file_ref idref="fl-22"/>
      </object_component>
      <object_component id="oc-25f">
         <name>.text:PRCMPeripheralClkEnable</name>
         <load_address>0x2000e1b4</load_address>
         <run_address>0x2000e1b4</run_address>
         <size>0x48</size>
         <input_file_ref idref="fl-22"/>
      </object_component>
      <object_component id="oc-5d3">
         <name>.text:Power_releaseConstraint</name>
         <load_address>0x2000e1fc</load_address>
         <run_address>0x2000e1fc</run_address>
         <size>0x48</size>
         <input_file_ref idref="fl-10"/>
      </object_component>
      <object_component id="oc-49d">
         <name>.text:ClockP_stop</name>
         <load_address>0x2000e244</load_address>
         <run_address>0x2000e244</run_address>
         <size>0x44</size>
         <input_file_ref idref="fl-19"/>
      </object_component>
      <object_component id="oc-5fa">
         <name>.text:PRCMLPDSRestoreInfoSet</name>
         <load_address>0x2000e288</load_address>
         <run_address>0x2000e288</run_address>
         <size>0x44</size>
         <input_file_ref idref="fl-22"/>
      </object_component>
      <object_component id="oc-1c9">
         <name>.text:PWM_init</name>
         <load_address>0x2000e2cc</load_address>
         <run_address>0x2000e2cc</run_address>
         <size>0x44</size>
         <input_file_ref idref="fl-e"/>
      </object_component>
      <object_component id="oc-52c">
         <name>.text:PowerCC32XX_enterLPDS</name>
         <load_address>0x2000e310</load_address>
         <run_address>0x2000e310</run_address>
         <size>0x44</size>
         <input_file_ref idref="fl-11"/>
      </object_component>
      <object_component id="oc-2b5">
         <name>.text:SemaphoreP_post</name>
         <load_address>0x2000e354</load_address>
         <run_address>0x2000e354</run_address>
         <size>0x44</size>
         <input_file_ref idref="fl-18"/>
      </object_component>
      <object_component id="oc-468">
         <name>.text:SwiP_restore</name>
         <load_address>0x2000e398</load_address>
         <run_address>0x2000e398</run_address>
         <size>0x44</size>
         <input_file_ref idref="fl-1d"/>
      </object_component>
      <object_component id="oc-176">
         <name>.text:__TI_auto_init_nobinit_nopinit:__TI_auto_init_nobinit_nopinit</name>
         <load_address>0x2000e3dc</load_address>
         <run_address>0x2000e3dc</run_address>
         <size>0x44</size>
         <input_file_ref idref="fl-e5"/>
      </object_component>
      <object_component id="oc-1d5">
         <name>.text:PWM_open</name>
         <load_address>0x2000e420</load_address>
         <run_address>0x2000e420</run_address>
         <size>0x40</size>
         <input_file_ref idref="fl-e"/>
      </object_component>
      <object_component id="oc-277">
         <name>.text:PinModeSet</name>
         <load_address>0x2000e460</load_address>
         <run_address>0x2000e460</run_address>
         <size>0x40</size>
         <input_file_ref idref="fl-21"/>
      </object_component>
      <object_component id="oc-36d">
         <name>.text:ClockP_destruct</name>
         <load_address>0x2000e4a0</load_address>
         <run_address>0x2000e4a0</run_address>
         <size>0x3c</size>
         <input_file_ref idref="fl-19"/>
      </object_component>
      <object_component id="oc-5cc">
         <name>.text:Power_setConstraint</name>
         <load_address>0x2000e4dc</load_address>
         <run_address>0x2000e4dc</run_address>
         <size>0x3c</size>
         <input_file_ref idref="fl-10"/>
      </object_component>
      <object_component id="oc-44b">
         <name>.text:getCountsRTC</name>
         <load_address>0x2000e518</load_address>
         <run_address>0x2000e518</run_address>
         <size>0x3a</size>
         <input_file_ref idref="fl-1b"/>
      </object_component>
      <object_component id="oc-586">
         <name>.text:getPowerMgrId</name>
         <load_address>0x2000e552</load_address>
         <run_address>0x2000e552</run_address>
         <size>0x3a</size>
         <input_file_ref idref="fl-12"/>
      </object_component>
      <object_component id="oc-549">
         <name>.text:PRCMLPDSEnterKeepDebugIf</name>
         <load_address>0x2000e58c</load_address>
         <run_address>0x2000e58c</run_address>
         <size>0x38</size>
         <input_file_ref idref="fl-22"/>
      </object_component>
      <object_component id="oc-db">
         <name>.text:addToList</name>
         <load_address>0x2000e5c4</load_address>
         <run_address>0x2000e5c4</run_address>
         <size>0x38</size>
         <input_file_ref idref="fl-19"/>
      </object_component>
      <object_component id="oc-59">
         <name>.text:initVectors</name>
         <load_address>0x2000e5fc</load_address>
         <run_address>0x2000e5fc</run_address>
         <size>0x38</size>
         <input_file_ref idref="fl-1c"/>
      </object_component>
      <object_component id="oc-51a">
         <name>.text:notify</name>
         <load_address>0x2000e634</load_address>
         <run_address>0x2000e634</run_address>
         <size>0x38</size>
         <input_file_ref idref="fl-10"/>
      </object_component>
      <object_component id="oc-439">
         <name>.text:ClockP_getTicksUntilInterrupt</name>
         <load_address>0x2000e66c</load_address>
         <run_address>0x2000e66c</run_address>
         <size>0x34</size>
         <input_file_ref idref="fl-19"/>
      </object_component>
      <object_component id="oc-2e3">
         <name>.text:ClockP_startup</name>
         <load_address>0x2000e6a0</load_address>
         <run_address>0x2000e6a0</run_address>
         <size>0x34</size>
         <input_file_ref idref="fl-19"/>
      </object_component>
      <object_component id="oc-271">
         <name>.text:PinModeGet</name>
         <load_address>0x2000e6d4</load_address>
         <run_address>0x2000e6d4</run_address>
         <size>0x34</size>
         <input_file_ref idref="fl-21"/>
      </object_component>
      <object_component id="oc-580">
         <name>.text:TimerCC32XX_freeTimerResource</name>
         <load_address>0x2000e708</load_address>
         <run_address>0x2000e708</run_address>
         <size>0x34</size>
         <input_file_ref idref="fl-13"/>
      </object_component>
      <object_component id="oc-635">
         <name>.text:getPowerMgrId</name>
         <load_address>0x2000e73c</load_address>
         <run_address>0x2000e73c</run_address>
         <size>0x34</size>
         <input_file_ref idref="fl-13"/>
      </object_component>
      <object_component id="oc-35b">
         <name>.text:ClockP_start</name>
         <load_address>0x2000e770</load_address>
         <run_address>0x2000e770</run_address>
         <size>0x30</size>
         <input_file_ref idref="fl-19"/>
      </object_component>
      <object_component id="oc-609">
         <name>.text:PowerCC32XX_restoreParkedPin</name>
         <load_address>0x2000e7a0</load_address>
         <run_address>0x2000e7a0</run_address>
         <size>0x30</size>
         <input_file_ref idref="fl-10"/>
      </object_component>
      <object_component id="oc-38f">
         <name>.text:HwiP_create</name>
         <load_address>0x2000e7d0</load_address>
         <run_address>0x2000e7d0</run_address>
         <size>0x2a</size>
         <input_file_ref idref="fl-1a"/>
      </object_component>
      <object_component id="oc-3f9">
         <name>.text:SemaphoreP_destruct</name>
         <load_address>0x2000e7fa</load_address>
         <run_address>0x2000e7fa</run_address>
         <size>0x2</size>
         <input_file_ref idref="fl-18"/>
      </object_component>
      <object_component id="oc-1e7">
         <name>.text:ClockP_sleep</name>
         <load_address>0x2000e7fc</load_address>
         <run_address>0x2000e7fc</run_address>
         <size>0x28</size>
         <input_file_ref idref="fl-19"/>
      </object_component>
      <object_component id="oc-26b">
         <name>.text:PRCMPeripheralClkDisable</name>
         <load_address>0x2000e824</load_address>
         <run_address>0x2000e824</run_address>
         <size>0x28</size>
         <input_file_ref idref="fl-22"/>
      </object_component>
      <object_component id="oc-2af">
         <name>.text:Power_registerNotify</name>
         <load_address>0x2000e84c</load_address>
         <run_address>0x2000e84c</run_address>
         <size>0x28</size>
         <input_file_ref idref="fl-10"/>
      </object_component>
      <object_component id="oc-495">
         <name>.text:free_list_insert</name>
         <load_address>0x2000e874</load_address>
         <run_address>0x2000e874</run_address>
         <size>0x28</size>
         <input_file_ref idref="fl-e1"/>
      </object_component>
      <object_component id="oc-3ae">
         <name>.text:List_put</name>
         <load_address>0x2000e89c</load_address>
         <run_address>0x2000e89c</run_address>
         <size>0x26</size>
         <input_file_ref idref="fl-15"/>
      </object_component>
      <object_component id="oc-642">
         <name>.text:List_remove</name>
         <load_address>0x2000e8c2</load_address>
         <run_address>0x2000e8c2</run_address>
         <size>0x26</size>
         <input_file_ref idref="fl-15"/>
      </object_component>
      <object_component id="oc-576">
         <name>.text:HwiP_dispatch</name>
         <load_address>0x2000e8e8</load_address>
         <run_address>0x2000e8e8</run_address>
         <size>0x24</size>
         <input_file_ref idref="fl-1a"/>
      </object_component>
      <object_component id="oc-c5">
         <name>.text:_c_int00_noargs:_c_int00_noargs</name>
         <load_address>0x2000e90c</load_address>
         <run_address>0x2000e90c</run_address>
         <size>0x24</size>
         <input_file_ref idref="fl-e2"/>
      </object_component>
      <object_component id="oc-2e9">
         <name>.text:sleepTicks</name>
         <load_address>0x2000e930</load_address>
         <run_address>0x2000e930</run_address>
         <size>0x24</size>
         <input_file_ref idref="fl-19"/>
      </object_component>
      <object_component id="oc-592">
         <name>.text:Power_unregisterNotify</name>
         <load_address>0x2000e954</load_address>
         <run_address>0x2000e954</run_address>
         <size>0x20</size>
         <input_file_ref idref="fl-10"/>
      </object_component>
      <object_component id="oc-598">
         <name>.text:PinToPadGet</name>
         <load_address>0x2000e974</load_address>
         <run_address>0x2000e974</run_address>
         <size>0x1c</size>
         <input_file_ref idref="fl-21"/>
      </object_component>
      <object_component id="oc-42d">
         <name>.text:SwiP_disable</name>
         <load_address>0x2000e990</load_address>
         <run_address>0x2000e990</run_address>
         <size>0x1c</size>
         <input_file_ref idref="fl-1d"/>
      </object_component>
      <object_component id="oc-47">
         <name>.text:decompress:ZI:__TI_zero_init_nomemset:__TI_zero_init_nomemset</name>
         <load_address>0x2000e9ac</load_address>
         <run_address>0x2000e9ac</run_address>
         <size>0x1c</size>
         <input_file_ref idref="fl-de"/>
      </object_component>
      <object_component id="oc-48f">
         <name>.text:free_list_remove</name>
         <load_address>0x2000e9c8</load_address>
         <run_address>0x2000e9c8</run_address>
         <size>0x1c</size>
         <input_file_ref idref="fl-e1"/>
      </object_component>
      <object_component id="oc-28b">
         <name>.text:SemaphoreP_createBinary</name>
         <load_address>0x2000e9e4</load_address>
         <run_address>0x2000e9e4</run_address>
         <size>0x1a</size>
         <input_file_ref idref="fl-18"/>
      </object_component>
      <object_component id="oc-2f7">
         <name>.text:_nop</name>
         <load_address>0x2000e9fe</load_address>
         <run_address>0x2000e9fe</run_address>
         <size>0x2</size>
         <input_file_ref idref="fl-e9"/>
      </object_component>
      <object_component id="oc-21">
         <name>.text:resetISR</name>
         <load_address>0x2000ea00</load_address>
         <run_address>0x2000ea00</run_address>
         <size>0x1a</size>
         <input_file_ref idref="fl-1c"/>
      </object_component>
      <object_component id="oc-73">
         <name>.text:busFaultHandler</name>
         <load_address>0x2000ea1a</load_address>
         <run_address>0x2000ea1a</run_address>
         <size>0x2</size>
         <input_file_ref idref="fl-1c"/>
      </object_component>
      <object_component id="oc-43f">
         <name>.text:Power_getTransitionLatency</name>
         <load_address>0x2000ea1c</load_address>
         <run_address>0x2000ea1c</run_address>
         <size>0x18</size>
         <input_file_ref idref="fl-10"/>
      </object_component>
      <object_component id="oc-55e">
         <name>.text:Power_idleFunc</name>
         <load_address>0x2000ea34</load_address>
         <run_address>0x2000ea34</run_address>
         <size>0x18</size>
         <input_file_ref idref="fl-10"/>
      </object_component>
      <object_component id="oc-457">
         <name>.text</name>
         <load_address>0x2000ea4c</load_address>
         <run_address>0x2000ea4c</run_address>
         <size>0x18</size>
         <input_file_ref idref="fl-db"/>
      </object_component>
      <object_component id="oc-259">
         <name>.text:PRCMHIBRegRead</name>
         <load_address>0x2000ea64</load_address>
         <run_address>0x2000ea64</run_address>
         <size>0x16</size>
         <input_file_ref idref="fl-22"/>
      </object_component>
      <object_component id="oc-253">
         <name>.text:PRCMHIBRegWrite</name>
         <load_address>0x2000ea7a</load_address>
         <run_address>0x2000ea7a</run_address>
         <size>0x16</size>
         <input_file_ref idref="fl-22"/>
      </object_component>
      <object_component id="oc-343">
         <name>.text:SemaphoreP_create</name>
         <load_address>0x2000ea90</load_address>
         <run_address>0x2000ea90</run_address>
         <size>0x16</size>
         <input_file_ref idref="fl-18"/>
      </object_component>
      <object_component id="oc-157">
         <name>.text:Board_init</name>
         <load_address>0x2000eaa6</load_address>
         <run_address>0x2000eaa6</run_address>
         <size>0x14</size>
         <input_file_ref idref="fl-4"/>
      </object_component>
      <object_component id="oc-a3">
         <name>.text:CPUcpsid</name>
         <load_address>0x2000eaba</load_address>
         <run_address>0x2000eaba</run_address>
         <size>0x14</size>
         <input_file_ref idref="fl-1f"/>
      </object_component>
      <object_component id="oc-373">
         <name>.text:clkFxn</name>
         <load_address>0x2000eace</load_address>
         <run_address>0x2000eace</run_address>
         <size>0x2</size>
         <input_file_ref idref="fl-18"/>
      </object_component>
      <object_component id="oc-3b5">
         <name>.text:HwiP_inISR</name>
         <load_address>0x2000ead0</load_address>
         <run_address>0x2000ead0</run_address>
         <size>0x14</size>
         <input_file_ref idref="fl-1a"/>
      </object_component>
      <object_component id="oc-af">
         <name>.text:IntVTableBaseSet</name>
         <load_address>0x2000eae4</load_address>
         <run_address>0x2000eae4</run_address>
         <size>0x14</size>
         <input_file_ref idref="fl-20"/>
      </object_component>
      <object_component id="oc-1cf">
         <name>.text:PWM_Params_init</name>
         <load_address>0x2000eaf8</load_address>
         <run_address>0x2000eaf8</run_address>
         <size>0x14</size>
         <input_file_ref idref="fl-e"/>
      </object_component>
      <object_component id="oc-3bb">
         <name>.text:Power_disablePolicy</name>
         <load_address>0x2000eb0c</load_address>
         <run_address>0x2000eb0c</run_address>
         <size>0x14</size>
         <input_file_ref idref="fl-10"/>
      </object_component>
      <object_component id="oc-602">
         <name>.text:Power_getDependencyCount</name>
         <load_address>0x2000eb20</load_address>
         <run_address>0x2000eb20</run_address>
         <size>0x14</size>
         <input_file_ref idref="fl-10"/>
      </object_component>
      <object_component id="oc-389">
         <name>.text:HwiP_Params_init</name>
         <load_address>0x2000eb34</load_address>
         <run_address>0x2000eb34</run_address>
         <size>0x12</size>
         <input_file_ref idref="fl-1a"/>
      </object_component>
      <object_component id="oc-11f">
         <name>.text:main</name>
         <load_address>0x2000eb46</load_address>
         <run_address>0x2000eb46</run_address>
         <size>0x12</size>
         <input_file_ref idref="fl-2"/>
      </object_component>
      <object_component id="oc-5b3">
         <name>.text:postNotifyFxn</name>
         <load_address>0x2000eb58</load_address>
         <run_address>0x2000eb58</run_address>
         <size>0x12</size>
         <input_file_ref idref="fl-12"/>
      </object_component>
      <object_component id="oc-355">
         <name>.text:ClockP_add</name>
         <load_address>0x2000eb6a</load_address>
         <run_address>0x2000eb6a</run_address>
         <size>0x10</size>
         <input_file_ref idref="fl-19"/>
      </object_component>
      <object_component id="oc-6d">
         <name>.text:defaultHandler</name>
         <load_address>0x2000eb7a</load_address>
         <run_address>0x2000eb7a</run_address>
         <size>0x2</size>
         <input_file_ref idref="fl-1c"/>
      </object_component>
      <object_component id="oc-427">
         <name>.text:ClockP_getCpuFreq</name>
         <load_address>0x2000eb7c</load_address>
         <run_address>0x2000eb7c</run_address>
         <size>0x10</size>
         <input_file_ref idref="fl-19"/>
      </object_component>
      <object_component id="oc-445">
         <name>.text:ClockP_getSystemTicks</name>
         <load_address>0x2000eb8c</load_address>
         <run_address>0x2000eb8c</run_address>
         <size>0x10</size>
         <input_file_ref idref="fl-19"/>
      </object_component>
      <object_component id="oc-45c">
         <name>.text:ClockP_setTicks</name>
         <load_address>0x2000eb9c</load_address>
         <run_address>0x2000eb9c</run_address>
         <size>0x10</size>
         <input_file_ref idref="fl-19"/>
      </object_component>
      <object_component id="oc-297">
         <name>.text:HwiP_restore</name>
         <load_address>0x2000ebac</load_address>
         <run_address>0x2000ebac</run_address>
         <size>0x10</size>
         <input_file_ref idref="fl-1a"/>
      </object_component>
      <object_component id="oc-361">
         <name>.text:Power_enablePolicy</name>
         <load_address>0x2000ebbc</load_address>
         <run_address>0x2000ebbc</run_address>
         <size>0x10</size>
         <input_file_ref idref="fl-10"/>
      </object_component>
      <object_component id="oc-33d">
         <name>.text:SemaphoreP_Params_init</name>
         <load_address>0x2000ebcc</load_address>
         <run_address>0x2000ebcc</run_address>
         <size>0x10</size>
         <input_file_ref idref="fl-18"/>
      </object_component>
      <object_component id="oc-291">
         <name>.text:HwiP_disable</name>
         <load_address>0x2000ebdc</load_address>
         <run_address>0x2000ebdc</run_address>
         <size>0xe</size>
         <input_file_ref idref="fl-1a"/>
      </object_component>
      <object_component id="oc-15d">
         <name>.text:HwiP_enable</name>
         <load_address>0x2000ebea</load_address>
         <run_address>0x2000ebea</run_address>
         <size>0xe</size>
         <input_file_ref idref="fl-1a"/>
      </object_component>
      <object_component id="oc-1a">
         <name>.text:decompress:none:__TI_decompress_none</name>
         <load_address>0x2000ebf8</load_address>
         <run_address>0x2000ebf8</run_address>
         <size>0xe</size>
         <input_file_ref idref="fl-df"/>
      </object_component>
      <object_component id="oc-67">
         <name>.text:faultISR</name>
         <load_address>0x2000ec06</load_address>
         <run_address>0x2000ec06</run_address>
         <size>0x2</size>
         <input_file_ref idref="fl-1c"/>
      </object_component>
      <object_component id="oc-433">
         <name>.text:Power_getConstraintMask</name>
         <load_address>0x2000ec08</load_address>
         <run_address>0x2000ec08</run_address>
         <size>0xc</size>
         <input_file_ref idref="fl-10"/>
      </object_component>
      <object_component id="oc-367">
         <name>.text:ClockP_isActive</name>
         <load_address>0x2000ec14</load_address>
         <run_address>0x2000ec14</run_address>
         <size>0xa</size>
         <input_file_ref idref="fl-19"/>
      </object_component>
      <object_component id="oc-53">
         <name>.text:IntMasterDisable</name>
         <load_address>0x2000ec1e</load_address>
         <run_address>0x2000ec1e</run_address>
         <size>0xa</size>
         <input_file_ref idref="fl-20"/>
      </object_component>
      <object_component id="oc-1e1">
         <name>.text:PWM_setDuty</name>
         <load_address>0x2000ec28</load_address>
         <run_address>0x2000ec28</run_address>
         <size>0xa</size>
         <input_file_ref idref="fl-e"/>
      </object_component>
      <object_component id="oc-1db">
         <name>.text:PWM_start</name>
         <load_address>0x2000ec32</load_address>
         <run_address>0x2000ec32</run_address>
         <size>0xa</size>
         <input_file_ref idref="fl-e"/>
      </object_component>
      <object_component id="oc-475">
         <name>.text:malloc</name>
         <load_address>0x2000ec3c</load_address>
         <run_address>0x2000ec3c</run_address>
         <size>0x8</size>
         <input_file_ref idref="fl-e1"/>
      </object_component>
      <object_component id="oc-4ce">
         <name>.text:PWMTimerCC32XX_control</name>
         <load_address>0x2000ec44</load_address>
         <run_address>0x2000ec44</run_address>
         <size>0x6</size>
         <input_file_ref idref="fl-12"/>
      </object_component>
      <object_component id="oc-252">
         <name>.text:UtilsDelay</name>
         <load_address>0x2000ec4a</load_address>
         <run_address>0x2000ec4a</run_address>
         <size>0x6</size>
         <input_file_ref idref="fl-24"/>
      </object_component>
      <object_component id="oc-462">
         <name>.text:ClockP_doTick</name>
         <load_address>0x2000ec50</load_address>
         <run_address>0x2000ec50</run_address>
         <size>0x4</size>
         <input_file_ref idref="fl-19"/>
      </object_component>
      <object_component id="oc-553">
         <name>.text:HwiP_post</name>
         <load_address>0x2000ec54</load_address>
         <run_address>0x2000ec54</run_address>
         <size>0x4</size>
         <input_file_ref idref="fl-1a"/>
      </object_component>
      <object_component id="oc-29d">
         <name>.text:SemaphoreP_delete</name>
         <load_address>0x2000ec58</load_address>
         <run_address>0x2000ec58</run_address>
         <size>0x4</size>
         <input_file_ref idref="fl-18"/>
      </object_component>
      <object_component id="oc-119">
         <name>.text:_system_pre_init</name>
         <load_address>0x2000ec5c</load_address>
         <run_address>0x2000ec5c</run_address>
         <size>0x4</size>
         <input_file_ref idref="fl-e6"/>
      </object_component>
      <object_component id="oc-16a">
         <name>.text:abort:abort</name>
         <load_address>0x2000ec60</load_address>
         <run_address>0x2000ec60</run_address>
         <size>0x4</size>
         <input_file_ref idref="fl-e8"/>
      </object_component>
      <object_component id="oc-61">
         <name>.text:nmiISR</name>
         <load_address>0x2000ec64</load_address>
         <run_address>0x2000ec64</run_address>
         <size>0x2</size>
         <input_file_ref idref="fl-1c"/>
      </object_component>
      <object_component id="oc-3e3">
         <name>.text</name>
         <load_address>0x2000ec66</load_address>
         <run_address>0x2000ec66</run_address>
         <size>0x2</size>
         <input_file_ref idref="fl-e3"/>
      </object_component>
      <object_component id="oc-322">
         <name>.const:g_ulPinToPadMap</name>
         <load_address>0x2000f288</load_address>
         <run_address>0x2000f288</run_address>
         <size>0x100</size>
         <input_file_ref idref="fl-21"/>
      </object_component>
      <object_component id="oc-31b">
         <name>.const:PRCM_PeriphRegsList</name>
         <load_address>0x2000f388</load_address>
         <run_address>0x2000f388</run_address>
         <size>0xa8</size>
         <input_file_ref idref="fl-22"/>
      </object_component>
      <object_component id="oc-287">
         <name>.const:PowerCC32XX_config</name>
         <load_address>0x2000f430</load_address>
         <run_address>0x2000f430</run_address>
         <size>0x44</size>
         <input_file_ref idref="fl-4"/>
      </object_component>
      <object_component id="oc-3aa">
         <name>.const:portConfigs</name>
         <load_address>0x2000f474</load_address>
         <run_address>0x2000f474</run_address>
         <size>0x28</size>
         <input_file_ref idref="fl-f"/>
      </object_component>
      <object_component id="oc-3d8">
         <name>.const:PWMTimerCC32XX_fxnTable</name>
         <load_address>0x2000f49c</load_address>
         <run_address>0x2000f49c</run_address>
         <size>0x24</size>
         <input_file_ref idref="fl-12"/>
      </object_component>
      <object_component id="oc-3a1">
         <name>.const:.string:pinTable</name>
         <load_address>0x2000f4c0</load_address>
         <run_address>0x2000f4c0</run_address>
         <size>0x21</size>
         <input_file_ref idref="fl-f"/>
      </object_component>
      <object_component id="oc-5d9">
         <name>.const:gpioPinIndexes</name>
         <load_address>0x2000f4e4</load_address>
         <run_address>0x2000f4e4</run_address>
         <size>0x20</size>
         <input_file_ref idref="fl-12"/>
      </object_component>
      <object_component id="oc-2d3">
         <name>.const:PWM_config</name>
         <load_address>0x2000f504</load_address>
         <run_address>0x2000f504</run_address>
         <size>0x18</size>
         <input_file_ref idref="fl-4"/>
      </object_component>
      <object_component id="oc-2d7">
         <name>.const:PWM_defaultParams</name>
         <load_address>0x2000f51c</load_address>
         <run_address>0x2000f51c</run_address>
         <size>0x18</size>
         <input_file_ref idref="fl-e"/>
      </object_component>
      <object_component id="oc-113">
         <name>.const:g_pulEnRegs</name>
         <load_address>0x2000f534</load_address>
         <run_address>0x2000f534</run_address>
         <size>0x18</size>
         <input_file_ref idref="fl-20"/>
      </object_component>
      <object_component id="oc-65f">
         <name>.const:g_pulPendRegs</name>
         <load_address>0x2000f54c</load_address>
         <run_address>0x2000f54c</run_address>
         <size>0x18</size>
         <input_file_ref idref="fl-20"/>
      </object_component>
      <object_component id="oc-2c2">
         <name>.const:GPIO_config</name>
         <load_address>0x2000f564</load_address>
         <run_address>0x2000f564</run_address>
         <size>0x10</size>
         <input_file_ref idref="fl-4"/>
      </object_component>
      <object_component id="oc-5a1">
         <name>.const:gpioBaseAddresses</name>
         <load_address>0x2000f574</load_address>
         <run_address>0x2000f574</run_address>
         <size>0x10</size>
         <input_file_ref idref="fl-12"/>
      </object_component>
      <object_component id="oc-59e">
         <name>.const:timerBaseAddresses</name>
         <load_address>0x2000f584</load_address>
         <run_address>0x2000f584</run_address>
         <size>0x10</size>
         <input_file_ref idref="fl-12"/>
      </object_component>
      <object_component id="oc-3dc">
         <name>.const:pwmTimerCC32XXHWAttrs</name>
         <load_address>0x2000f594</load_address>
         <run_address>0x2000f594</run_address>
         <size>0x8</size>
         <input_file_ref idref="fl-4"/>
      </object_component>
      <object_component id="oc-5c0">
         <name>.const:timerHalves</name>
         <load_address>0x2000f59c</load_address>
         <run_address>0x2000f59c</run_address>
         <size>0x8</size>
         <input_file_ref idref="fl-12"/>
      </object_component>
      <object_component id="oc-2bf">
         <name>.const</name>
         <load_address>0x2000f5a4</load_address>
         <run_address>0x2000f5a4</run_address>
         <size>0x5</size>
         <input_file_ref idref="fl-4"/>
      </object_component>
      <object_component id="oc-69e">
         <name>.cinit..data.load</name>
         <load_address>0x2000f870</load_address>
         <run_address>0x2000f870</run_address>
         <size>0xc1</size>
      </object_component>
      <object_component id="oc-69c">
         <name>__TI_handler_table</name>
         <load_address>0x2000f934</load_address>
         <run_address>0x2000f934</run_address>
         <size>0xc</size>
      </object_component>
      <object_component id="oc-69f">
         <name>.cinit..bss.load</name>
         <load_address>0x2000f940</load_address>
         <run_address>0x2000f940</run_address>
         <size>0x8</size>
      </object_component>
      <object_component id="oc-69d">
         <name>__TI_cinit_table</name>
         <load_address>0x2000f948</load_address>
         <run_address>0x2000f948</run_address>
         <size>0x10</size>
      </object_component>
      <object_component id="oc-3c6">
         <name>.data:gpioPinConfigs</name>
         <load_address>0x2000f1d8</load_address>
         <run_address>0x2000f1d8</run_address>
         <size>0x84</size>
         <input_file_ref idref="fl-4"/>
      </object_component>
      <object_component id="oc-338">
         <name>.data:parkInfo</name>
         <load_address>0x2000f0e0</load_address>
         <run_address>0x2000f0e0</run_address>
         <size>0xf8</size>
         <input_file_ref idref="fl-4"/>
      </object_component>
      <object_component id="oc-2d0">
         <name>.data</name>
         <load_address>0x2000f286</load_address>
         <run_address>0x2000f286</run_address>
         <size>0x1</size>
         <input_file_ref idref="fl-e"/>
      </object_component>
      <object_component id="oc-2bc">
         <name>.data</name>
         <load_address>0x2000f284</load_address>
         <run_address>0x2000f284</run_address>
         <size>0x2</size>
         <input_file_ref idref="fl-f"/>
      </object_component>
      <object_component id="oc-284">
         <name>.data:PowerCC32XX_module</name>
         <load_address>0x2000ef74</load_address>
         <run_address>0x2000ef74</run_address>
         <size>0x16c</size>
         <input_file_ref idref="fl-10"/>
      </object_component>
      <object_component id="oc-379">
         <name>.data</name>
         <load_address>0x2000f281</load_address>
         <run_address>0x2000f281</run_address>
         <size>0x3</size>
         <input_file_ref idref="fl-18"/>
      </object_component>
      <object_component id="oc-471">
         <name>.data:SemaphoreP_defaultParams</name>
         <load_address>0x2000f26c</load_address>
         <run_address>0x2000f26c</run_address>
         <size>0x8</size>
         <input_file_ref idref="fl-18"/>
      </object_component>
      <object_component id="oc-2ef">
         <name>.data</name>
         <load_address>0x2000f27c</load_address>
         <run_address>0x2000f27c</run_address>
         <size>0x5</size>
         <input_file_ref idref="fl-19"/>
      </object_component>
      <object_component id="oc-573">
         <name>.data:HwiP_dispatchTable</name>
         <load_address>0x2000ec68</load_address>
         <run_address>0x2000ec68</run_address>
         <size>0x30c</size>
         <input_file_ref idref="fl-1a"/>
      </object_component>
      <object_component id="oc-559">
         <name>.data</name>
         <load_address>0x2000f274</load_address>
         <run_address>0x2000f274</run_address>
         <size>0x8</size>
         <input_file_ref idref="fl-1a"/>
      </object_component>
      <object_component id="oc-56d">
         <name>.data:$O1$$</name>
         <load_address>0x2000f264</load_address>
         <run_address>0x2000f264</run_address>
         <size>0x8</size>
         <input_file_ref idref="fl-e1"/>
      </object_component>
      <object_component id="oc-1f8">
         <name>.data:$O1$$</name>
         <load_address>0x2000f25c</load_address>
         <run_address>0x2000f25c</run_address>
         <size>0x8</size>
         <input_file_ref idref="fl-e9"/>
      </object_component>
      <object_component id="oc-2c5">
         <name>.bss:powerNotifyObj</name>
         <uninitialized>true</uninitialized>
         <run_address>0x2000f82c</run_address>
         <size>0x14</size>
         <input_file_ref idref="fl-f"/>
      </object_component>
      <object_component id="oc-2bb">
         <name>.bss</name>
         <uninitialized>true</uninitialized>
         <run_address>0x2000f860</run_address>
         <size>0x4</size>
         <input_file_ref idref="fl-f"/>
      </object_component>
      <object_component id="oc-63b">
         <name>.bss:timerState</name>
         <uninitialized>true</uninitialized>
         <run_address>0x2000f868</run_address>
         <size>0x4</size>
         <input_file_ref idref="fl-13"/>
      </object_component>
      <object_component id="oc-3ef">
         <name>.bss</name>
         <uninitialized>true</uninitialized>
         <run_address>0x2000f864</run_address>
         <size>0x4</size>
         <input_file_ref idref="fl-19"/>
      </object_component>
      <object_component id="oc-50b">
         <name>.bss</name>
         <uninitialized>true</uninitialized>
         <run_address>0x2000f850</run_address>
         <size>0xd</size>
         <input_file_ref idref="fl-1d"/>
      </object_component>
      <object_component id="oc-3c9">
         <name>.common:gpioCallbackFunctions</name>
         <uninitialized>true</uninitialized>
         <run_address>0x2000f6dc</run_address>
         <size>0x84</size>
      </object_component>
      <object_component id="oc-3ca">
         <name>.common:gpioUserArgs</name>
         <uninitialized>true</uninitialized>
         <run_address>0x2000f760</run_address>
         <size>0x84</size>
      </object_component>
      <object_component id="oc-3db">
         <name>.common:pwmTimerCC32XXObjects</name>
         <uninitialized>true</uninitialized>
         <run_address>0x2000f7e4</run_address>
         <size>0x48</size>
      </object_component>
      <object_component id="oc-5f3">
         <name>.common:PowerCC32XX_contextSave</name>
         <uninitialized>true</uninitialized>
         <run_address>0x2000f5b0</run_address>
         <size>0x12c</size>
      </object_component>
      <object_component id="oc-e1">
         <name>.common:ClockP_ctrl</name>
         <uninitialized>true</uninitialized>
         <run_address>0x2000f840</run_address>
         <size>0x10</size>
      </object_component>
      <object_component id="oc-2a">
         <name>.sysmem</name>
         <uninitialized>true</uninitialized>
         <run_address>0x20004040</run_address>
         <size>0x10</size>
         <input_file_ref idref="fl-e1"/>
      </object_component>
      <object_component id="oc-6a2">
         <name>.sysmem</name>
         <uninitialized>true</uninitialized>
         <run_address>0x20004040</run_address>
         <size>0x0</size>
      </object_component>
      <object_component id="oc-2d">
         <name>.stack</name>
         <uninitialized>true</uninitialized>
         <run_address>0x20003000</run_address>
         <size>0x4</size>
         <input_file_ref idref="fl-e2"/>
      </object_component>
      <object_component id="oc-6a1">
         <name>.stack</name>
         <uninitialized>true</uninitialized>
         <run_address>0x20003000</run_address>
         <size>0x0</size>
      </object_component>
      <object_component id="oc-27">
         <name>.resetVecs:retain</name>
         <load_address>0x20004000</load_address>
         <run_address>0x20004000</run_address>
         <size>0x40</size>
         <input_file_ref idref="fl-1c"/>
      </object_component>
      <object_component id="oc-bb">
         <name>.ramVecs</name>
         <uninitialized>true</uninitialized>
         <run_address>0x20000000</run_address>
         <size>0x30c</size>
         <input_file_ref idref="fl-1c"/>
      </object_component>
      <object_component id="oc-152">
         <name>.debug_info</name>
         <load_address>0x0</load_address>
         <run_address>0x0</run_address>
         <size>0x1bc</size>
         <input_file_ref idref="fl-2"/>
      </object_component>
      <object_component id="oc-123">
         <name>.debug_info</name>
         <load_address>0x1bc</load_address>
         <run_address>0x1bc</run_address>
         <size>0x154</size>
         <input_file_ref idref="fl-2"/>
      </object_component>
      <object_component id="oc-e7">
         <name>.debug_info</name>
         <load_address>0x310</load_address>
         <run_address>0x310</run_address>
         <size>0x26b</size>
         <input_file_ref idref="fl-2"/>
      </object_component>
      <object_component id="oc-36">
         <name>.debug_info</name>
         <load_address>0x57b</load_address>
         <run_address>0x57b</run_address>
         <size>0x84</size>
         <input_file_ref idref="fl-2"/>
      </object_component>
      <object_component id="oc-14d">
         <name>.debug_info</name>
         <load_address>0x5ff</load_address>
         <run_address>0x5ff</run_address>
         <size>0x2a4</size>
         <input_file_ref idref="fl-2"/>
      </object_component>
      <object_component id="oc-216">
         <name>.debug_info</name>
         <load_address>0x8a3</load_address>
         <run_address>0x8a3</run_address>
         <size>0xef</size>
         <input_file_ref idref="fl-2"/>
      </object_component>
      <object_component id="oc-134">
         <name>.debug_info</name>
         <load_address>0x992</load_address>
         <run_address>0x992</run_address>
         <size>0xbb</size>
         <input_file_ref idref="fl-2"/>
      </object_component>
      <object_component id="oc-623">
         <name>.debug_info</name>
         <load_address>0xa4d</load_address>
         <run_address>0xa4d</run_address>
         <size>0x53</size>
         <input_file_ref idref="fl-2"/>
      </object_component>
      <object_component id="oc-1ee">
         <name>.debug_info</name>
         <load_address>0xaa0</load_address>
         <run_address>0xaa0</run_address>
         <size>0x2e1</size>
         <input_file_ref idref="fl-3"/>
      </object_component>
      <object_component id="oc-164">
         <name>.debug_info</name>
         <load_address>0xd81</load_address>
         <run_address>0xd81</run_address>
         <size>0x22b</size>
         <input_file_ref idref="fl-3"/>
      </object_component>
      <object_component id="oc-1ef">
         <name>.debug_info</name>
         <load_address>0xfac</load_address>
         <run_address>0xfac</run_address>
         <size>0x30f</size>
         <input_file_ref idref="fl-3"/>
      </object_component>
      <object_component id="oc-316">
         <name>.debug_info</name>
         <load_address>0x12bb</load_address>
         <run_address>0x12bb</run_address>
         <size>0x4f8</size>
         <input_file_ref idref="fl-4"/>
      </object_component>
      <object_component id="oc-2c0">
         <name>.debug_info</name>
         <load_address>0x17b3</load_address>
         <run_address>0x17b3</run_address>
         <size>0x1d1</size>
         <input_file_ref idref="fl-4"/>
      </object_component>
      <object_component id="oc-3c7">
         <name>.debug_info</name>
         <load_address>0x1984</load_address>
         <run_address>0x1984</run_address>
         <size>0x107</size>
         <input_file_ref idref="fl-4"/>
      </object_component>
      <object_component id="oc-2c3">
         <name>.debug_info</name>
         <load_address>0x1a8b</load_address>
         <run_address>0x1a8b</run_address>
         <size>0x101</size>
         <input_file_ref idref="fl-4"/>
      </object_component>
      <object_component id="oc-3dd">
         <name>.debug_info</name>
         <load_address>0x1b8c</load_address>
         <run_address>0x1b8c</run_address>
         <size>0x115</size>
         <input_file_ref idref="fl-4"/>
      </object_component>
      <object_component id="oc-2d4">
         <name>.debug_info</name>
         <load_address>0x1ca1</load_address>
         <run_address>0x1ca1</run_address>
         <size>0xff</size>
         <input_file_ref idref="fl-4"/>
      </object_component>
      <object_component id="oc-288">
         <name>.debug_info</name>
         <load_address>0x1da0</load_address>
         <run_address>0x1da0</run_address>
         <size>0x10f</size>
         <input_file_ref idref="fl-4"/>
      </object_component>
      <object_component id="oc-339">
         <name>.debug_info</name>
         <load_address>0x1eaf</load_address>
         <run_address>0x1eaf</run_address>
         <size>0xfb</size>
         <input_file_ref idref="fl-4"/>
      </object_component>
      <object_component id="oc-1c3">
         <name>.debug_info</name>
         <load_address>0x1faa</load_address>
         <run_address>0x1faa</run_address>
         <size>0x153</size>
         <input_file_ref idref="fl-4"/>
      </object_component>
      <object_component id="oc-15a">
         <name>.debug_info</name>
         <load_address>0x20fd</load_address>
         <run_address>0x20fd</run_address>
         <size>0x19a</size>
         <input_file_ref idref="fl-4"/>
      </object_component>
      <object_component id="oc-225">
         <name>.debug_info</name>
         <load_address>0x2297</load_address>
         <run_address>0x2297</run_address>
         <size>0x878</size>
         <input_file_ref idref="fl-4"/>
      </object_component>
      <object_component id="oc-22f">
         <name>.debug_info</name>
         <load_address>0x2b0f</load_address>
         <run_address>0x2b0f</run_address>
         <size>0xa8</size>
         <input_file_ref idref="fl-4"/>
      </object_component>
      <object_component id="oc-21b">
         <name>.debug_info</name>
         <load_address>0x2bb7</load_address>
         <run_address>0x2bb7</run_address>
         <size>0xb6</size>
         <input_file_ref idref="fl-4"/>
      </object_component>
      <object_component id="oc-242">
         <name>.debug_info</name>
         <load_address>0x2c6d</load_address>
         <run_address>0x2c6d</run_address>
         <size>0x10e</size>
         <input_file_ref idref="fl-4"/>
      </object_component>
      <object_component id="oc-234">
         <name>.debug_info</name>
         <load_address>0x2d7b</load_address>
         <run_address>0x2d7b</run_address>
         <size>0xa1</size>
         <input_file_ref idref="fl-4"/>
      </object_component>
      <object_component id="oc-417">
         <name>.debug_info</name>
         <load_address>0x2e1c</load_address>
         <run_address>0x2e1c</run_address>
         <size>0x62</size>
         <input_file_ref idref="fl-4"/>
      </object_component>
      <object_component id="oc-10d">
         <name>.debug_info</name>
         <load_address>0x2e7e</load_address>
         <run_address>0x2e7e</run_address>
         <size>0x8b</size>
         <input_file_ref idref="fl-4"/>
      </object_component>
      <object_component id="oc-aa">
         <name>.debug_info</name>
         <load_address>0x2f09</load_address>
         <run_address>0x2f09</run_address>
         <size>0x2c</size>
         <input_file_ref idref="fl-4"/>
      </object_component>
      <object_component id="oc-1a9">
         <name>.debug_info</name>
         <load_address>0x2f35</load_address>
         <run_address>0x2f35</run_address>
         <size>0x2c8</size>
         <input_file_ref idref="fl-e"/>
      </object_component>
      <object_component id="oc-2d8">
         <name>.debug_info</name>
         <load_address>0x31fd</load_address>
         <run_address>0x31fd</run_address>
         <size>0xe3</size>
         <input_file_ref idref="fl-e"/>
      </object_component>
      <object_component id="oc-2d1">
         <name>.debug_info</name>
         <load_address>0x32e0</load_address>
         <run_address>0x32e0</run_address>
         <size>0xda</size>
         <input_file_ref idref="fl-e"/>
      </object_component>
      <object_component id="oc-1dd">
         <name>.debug_info</name>
         <load_address>0x33ba</load_address>
         <run_address>0x33ba</run_address>
         <size>0x126</size>
         <input_file_ref idref="fl-e"/>
      </object_component>
      <object_component id="oc-1e3">
         <name>.debug_info</name>
         <load_address>0x34e0</load_address>
         <run_address>0x34e0</run_address>
         <size>0x13f</size>
         <input_file_ref idref="fl-e"/>
      </object_component>
      <object_component id="oc-1d7">
         <name>.debug_info</name>
         <load_address>0x361f</load_address>
         <run_address>0x361f</run_address>
         <size>0x163</size>
         <input_file_ref idref="fl-e"/>
      </object_component>
      <object_component id="oc-1cb">
         <name>.debug_info</name>
         <load_address>0x3782</load_address>
         <run_address>0x3782</run_address>
         <size>0x12f</size>
         <input_file_ref idref="fl-e"/>
      </object_component>
      <object_component id="oc-1d0">
         <name>.debug_info</name>
         <load_address>0x38b1</load_address>
         <run_address>0x38b1</run_address>
         <size>0x116</size>
         <input_file_ref idref="fl-e"/>
      </object_component>
      <object_component id="oc-220">
         <name>.debug_info</name>
         <load_address>0x39c7</load_address>
         <run_address>0x39c7</run_address>
         <size>0xf8</size>
         <input_file_ref idref="fl-e"/>
      </object_component>
      <object_component id="oc-13e">
         <name>.debug_info</name>
         <load_address>0x3abf</load_address>
         <run_address>0x3abf</run_address>
         <size>0x110</size>
         <input_file_ref idref="fl-e"/>
      </object_component>
      <object_component id="oc-1a8">
         <name>.debug_info</name>
         <load_address>0x3bcf</load_address>
         <run_address>0x3bcf</run_address>
         <size>0x5a8</size>
         <input_file_ref idref="fl-f"/>
      </object_component>
      <object_component id="oc-3a2">
         <name>.debug_info</name>
         <load_address>0x4177</load_address>
         <run_address>0x4177</run_address>
         <size>0xdc</size>
         <input_file_ref idref="fl-f"/>
      </object_component>
      <object_component id="oc-3ab">
         <name>.debug_info</name>
         <load_address>0x4253</load_address>
         <run_address>0x4253</run_address>
         <size>0xe2</size>
         <input_file_ref idref="fl-f"/>
      </object_component>
      <object_component id="oc-2bd">
         <name>.debug_info</name>
         <load_address>0x4335</load_address>
         <run_address>0x4335</run_address>
         <size>0x11a</size>
         <input_file_ref idref="fl-f"/>
      </object_component>
      <object_component id="oc-2c6">
         <name>.debug_info</name>
         <load_address>0x444f</load_address>
         <run_address>0x444f</run_address>
         <size>0xe8</size>
         <input_file_ref idref="fl-f"/>
      </object_component>
      <object_component id="oc-3a5">
         <name>.debug_info</name>
         <load_address>0x4537</load_address>
         <run_address>0x4537</run_address>
         <size>0x1a4</size>
         <input_file_ref idref="fl-f"/>
      </object_component>
      <object_component id="oc-4b5">
         <name>.debug_info</name>
         <load_address>0x46db</load_address>
         <run_address>0x46db</run_address>
         <size>0x187</size>
         <input_file_ref idref="fl-f"/>
      </object_component>
      <object_component id="oc-39c">
         <name>.debug_info</name>
         <load_address>0x4862</load_address>
         <run_address>0x4862</run_address>
         <size>0x185</size>
         <input_file_ref idref="fl-f"/>
      </object_component>
      <object_component id="oc-396">
         <name>.debug_info</name>
         <load_address>0x49e7</load_address>
         <run_address>0x49e7</run_address>
         <size>0x1f1</size>
         <input_file_ref idref="fl-f"/>
      </object_component>
      <object_component id="oc-2aa">
         <name>.debug_info</name>
         <load_address>0x4bd8</load_address>
         <run_address>0x4bd8</run_address>
         <size>0x372</size>
         <input_file_ref idref="fl-f"/>
      </object_component>
      <object_component id="oc-2c9">
         <name>.debug_info</name>
         <load_address>0x4f4a</load_address>
         <run_address>0x4f4a</run_address>
         <size>0x1dd</size>
         <input_file_ref idref="fl-f"/>
      </object_component>
      <object_component id="oc-1bc">
         <name>.debug_info</name>
         <load_address>0x5127</load_address>
         <run_address>0x5127</run_address>
         <size>0x21c</size>
         <input_file_ref idref="fl-f"/>
      </object_component>
      <object_component id="oc-139">
         <name>.debug_info</name>
         <load_address>0x5343</load_address>
         <run_address>0x5343</run_address>
         <size>0x100</size>
         <input_file_ref idref="fl-f"/>
      </object_component>
      <object_component id="oc-22a">
         <name>.debug_info</name>
         <load_address>0x5443</load_address>
         <run_address>0x5443</run_address>
         <size>0x72</size>
         <input_file_ref idref="fl-f"/>
      </object_component>
      <object_component id="oc-328">
         <name>.debug_info</name>
         <load_address>0x54b5</load_address>
         <run_address>0x54b5</run_address>
         <size>0x5aa</size>
         <input_file_ref idref="fl-10"/>
      </object_component>
      <object_component id="oc-285">
         <name>.debug_info</name>
         <load_address>0x5a5f</load_address>
         <run_address>0x5a5f</run_address>
         <size>0xf3</size>
         <input_file_ref idref="fl-10"/>
      </object_component>
      <object_component id="oc-595">
         <name>.debug_info</name>
         <load_address>0x5b52</load_address>
         <run_address>0x5b52</run_address>
         <size>0x1bd</size>
         <input_file_ref idref="fl-10"/>
      </object_component>
      <object_component id="oc-51d">
         <name>.debug_info</name>
         <load_address>0x5d0f</load_address>
         <run_address>0x5d0f</run_address>
         <size>0x16d</size>
         <input_file_ref idref="fl-10"/>
      </object_component>
      <object_component id="oc-5ef">
         <name>.debug_info</name>
         <load_address>0x5e7c</load_address>
         <run_address>0x5e7c</run_address>
         <size>0x25b</size>
         <input_file_ref idref="fl-10"/>
      </object_component>
      <object_component id="oc-523">
         <name>.debug_info</name>
         <load_address>0x60d7</load_address>
         <run_address>0x60d7</run_address>
         <size>0x197</size>
         <input_file_ref idref="fl-10"/>
      </object_component>
      <object_component id="oc-529">
         <name>.debug_info</name>
[...]
      </symbol>
      <symbol id="sm-359">
         <name>Power_getDependencyCount</name>
         <value>0x2000eb21</value>
         <object_component_ref idref="oc-602"/>
      </symbol>
      <symbol id="sm-35a">
         <name>Power_enablePolicy</name>
         <value>0x2000ebbd</value>
         <object_component_ref idref="oc-361"/>
      </symbol>
      <symbol id="sm-35b">
         <name>Power_setConstraint</name>
         <value>0x2000e4dd</value>
         <object_component_ref idref="oc-5cc"/>
      </symbol>
      <symbol id="sm-35c">
         <name>PowerCC32XX_parkPin</name>
         <value>0x2000df65</value>
         <object_component_ref idref="oc-5ec"/>
      </symbol>
      <symbol id="sm-35d">
         <name>PowerCC32XX_module</name>
         <value>0x2000ef74</value>
         <object_component_ref idref="oc-284"/>
      </symbol>
      <symbol id="sm-35e">
         <name>Power_getTransitionLatency</name>
         <value>0x2000ea1d</value>
         <object_component_ref idref="oc-43f"/>
      </symbol>
      <symbol id="sm-35f">
         <name>Power_setDependency</name>
         <value>0x2000d8dd</value>
         <object_component_ref idref="oc-383"/>
      </symbol>
      <symbol id="sm-370">
         <name>PowerCC32XX_enterLPDS</name>
         <value>0x2000e311</value>
         <object_component_ref idref="oc-52c"/>
      </symbol>
      <symbol id="sm-371">
         <name>PowerCC32XX_resumeLPDS</name>
         <value>0x2000de21</value>
         <object_component_ref idref="oc-5f5"/>
      </symbol>
      <symbol id="sm-46d">
         <name>PWMTimerCC32XX_fxnTable</name>
         <value>0x2000f49c</value>
         <object_component_ref idref="oc-3d8"/>
      </symbol>
      <symbol id="sm-46e">
         <name>PWMTimerCC32XX_setPeriod</name>
         <value>0x2000d361</value>
         <object_component_ref idref="oc-4e6"/>
      </symbol>
      <symbol id="sm-46f">
         <name>PWMTimerCC32XX_setDutyAndPeriod</name>
         <value>0x2000c8a9</value>
         <object_component_ref idref="oc-4ec"/>
      </symbol>
      <symbol id="sm-470">
         <name>PWMTimerCC32XX_stop</name>
         <value>0x2000cdf5</value>
         <object_component_ref idref="oc-4f8"/>
      </symbol>
      <symbol id="sm-471">
         <name>PWMTimerCC32XX_start</name>
         <value>0x2000dabd</value>
         <object_component_ref idref="oc-4f2"/>
      </symbol>
      <symbol id="sm-472">
         <name>PWMTimerCC32XX_close</name>
         <value>0x2000d6c5</value>
         <object_component_ref idref="oc-4c8"/>
      </symbol>
      <symbol id="sm-473">
         <name>PWMTimerCC32XX_setDuty</name>
         <value>0x2000cf79</value>
         <object_component_ref idref="oc-4e0"/>
      </symbol>
      <symbol id="sm-474">
         <name>PWMTimerCC32XX_init</name>
         <value>0x2000d9d7</value>
         <object_component_ref idref="oc-4d4"/>
      </symbol>
      <symbol id="sm-475">
         <name>PWMTimerCC32XX_control</name>
         <value>0x2000ec45</value>
         <object_component_ref idref="oc-4ce"/>
      </symbol>
      <symbol id="sm-476">
         <name>PWMTimerCC32XX_open</name>
         <value>0x2000cc21</value>
         <object_component_ref idref="oc-4da"/>
      </symbol>
      <symbol id="sm-4ac">
         <name>TimerCC32XX_freeTimerResource</name>
         <value>0x2000e709</value>
         <object_component_ref idref="oc-580"/>
      </symbol>
      <symbol id="sm-4ad">
         <name>TimerCC32XX_allocateTimerResource</name>
         <value>0x2000df15</value>
         <object_component_ref idref="oc-5a7"/>
      </symbol>
      <symbol id="sm-4c6">
         <name>List_remove</name>
         <value>0x2000e8c3</value>
         <object_component_ref idref="oc-642"/>
      </symbol>
      <symbol id="sm-4c7">
         <name>List_put</name>
         <value>0x2000e89d</value>
         <object_component_ref idref="oc-3ae"/>
      </symbol>
      <symbol id="sm-54b">
         <name>SemaphoreP_defaultParams</name>
         <value>0x2000f26c</value>
         <object_component_ref idref="oc-471"/>
      </symbol>
      <symbol id="sm-54c">
         <name>SemaphoreP_construct</name>
         <value>0x2000dec5</value>
         <object_component_ref idref="oc-3f3"/>
      </symbol>
      <symbol id="sm-54d">
         <name>SemaphoreP_create</name>
         <value>0x2000ea91</value>
         <object_component_ref idref="oc-343"/>
      </symbol>
      <symbol id="sm-54e">
         <name>SemaphoreP_destruct</name>
         <value>0x2000e7fb</value>
         <object_component_ref idref="oc-3f9"/>
      </symbol>
      <symbol id="sm-54f">
         <name>SemaphoreP_post</name>
         <value>0x2000e355</value>
         <object_component_ref idref="oc-2b5"/>
      </symbol>
      <symbol id="sm-550">
         <name>SemaphoreP_pend</name>
         <value>0x2000d225</value>
         <object_component_ref idref="oc-2a3"/>
      </symbol>
      <symbol id="sm-551">
         <name>SemaphoreP_delete</name>
         <value>0x2000ec59</value>
         <object_component_ref idref="oc-29d"/>
      </symbol>
      <symbol id="sm-552">
         <name>SemaphoreP_createBinary</name>
         <value>0x2000e9e5</value>
         <object_component_ref idref="oc-28b"/>
      </symbol>
      <symbol id="sm-553">
         <name>SemaphoreP_Params_init</name>
         <value>0x2000ebcd</value>
         <object_component_ref idref="oc-33d"/>
      </symbol>
      <symbol id="sm-554">
         <name>clkFxn</name>
         <value>0x2000eacf</value>
         <object_component_ref idref="oc-373"/>
      </symbol>
      <symbol id="sm-62c">
         <name>ClockP_ctrl</name>
         <value>0x2000f840</value>
      </symbol>
      <symbol id="sm-62d">
         <name>ClockP_doTick</name>
         <value>0x2000ec51</value>
         <object_component_ref idref="oc-462"/>
      </symbol>
      <symbol id="sm-62e">
         <name>ClockP_startup</name>
         <value>0x2000e6a1</value>
         <object_component_ref idref="oc-2e3"/>
      </symbol>
      <symbol id="sm-62f">
         <name>ClockP_stop</name>
         <value>0x2000e245</value>
         <object_component_ref idref="oc-49d"/>
      </symbol>
      <symbol id="sm-630">
         <name>ClockP_getTicksUntilInterrupt</name>
         <value>0x2000e66d</value>
         <object_component_ref idref="oc-439"/>
      </symbol>
      <symbol id="sm-631">
         <name>ClockP_setTicks</name>
         <value>0x2000eb9d</value>
         <object_component_ref idref="oc-45c"/>
      </symbol>
      <symbol id="sm-632">
         <name>ClockP_tickPeriod</name>
         <value>0x2000f27c</value>
         <object_component_ref idref="oc-2ef"/>
      </symbol>
      <symbol id="sm-633">
         <name>ClockP_getSystemTicks</name>
         <value>0x2000eb8d</value>
         <object_component_ref idref="oc-445"/>
      </symbol>
      <symbol id="sm-634">
         <name>ClockP_destruct</name>
         <value>0x2000e4a1</value>
         <object_component_ref idref="oc-36d"/>
      </symbol>
      <symbol id="sm-635">
         <name>ClockP_start</name>
         <value>0x2000e771</value>
         <object_component_ref idref="oc-35b"/>
      </symbol>
      <symbol id="sm-636">
         <name>ClockP_sysTickHandler</name>
         <value>0x2000de75</value>
         <object_component_ref idref="oc-79"/>
      </symbol>
      <symbol id="sm-637">
         <name>ClockP_isActive</name>
         <value>0x2000ec15</value>
         <object_component_ref idref="oc-367"/>
      </symbol>
      <symbol id="sm-638">
         <name>ClockP_sleep</name>
         <value>0x2000e7fd</value>
         <object_component_ref idref="oc-1e7"/>
      </symbol>
      <symbol id="sm-639">
         <name>ClockP_getCpuFreq</name>
         <value>0x2000eb7d</value>
         <object_component_ref idref="oc-427"/>
      </symbol>
      <symbol id="sm-63a">
         <name>ClockP_add</name>
         <value>0x2000eb6b</value>
         <object_component_ref idref="oc-355"/>
      </symbol>
      <symbol id="sm-6ab">
         <name>HwiP_construct</name>
         <value>0x2000d5b1</value>
         <object_component_ref idref="oc-4ad"/>
      </symbol>
      <symbol id="sm-6ac">
         <name>HwiP_inISR</name>
         <value>0x2000ead1</value>
         <object_component_ref idref="oc-3b5"/>
      </symbol>
      <symbol id="sm-6ad">
         <name>HwiP_dispatch</name>
         <value>0x2000e8e9</value>
         <object_component_ref idref="oc-576"/>
      </symbol>
      <symbol id="sm-6ae">
         <name>HwiP_swiPIntNum</name>
         <value>0x2000f278</value>
         <object_component_ref idref="oc-559"/>
      </symbol>
      <symbol id="sm-6af">
         <name>HwiP_Params_init</name>
         <value>0x2000eb35</value>
         <object_component_ref idref="oc-389"/>
      </symbol>
      <symbol id="sm-6b0">
         <name>HwiP_disable</name>
         <value>0x2000ebdd</value>
         <object_component_ref idref="oc-291"/>
      </symbol>
      <symbol id="sm-6b1">
         <name>HwiP_key</name>
         <value>0x2000f274</value>
         <object_component_ref idref="oc-559"/>
      </symbol>
      <symbol id="sm-6b2">
         <name>HwiP_create</name>
         <value>0x2000e7d1</value>
         <object_component_ref idref="oc-38f"/>
      </symbol>
      <symbol id="sm-6b3">
         <name>HwiP_post</name>
         <value>0x2000ec55</value>
         <object_component_ref idref="oc-553"/>
      </symbol>
      <symbol id="sm-6b4">
         <name>HwiP_enable</name>
         <value>0x2000ebeb</value>
         <object_component_ref idref="oc-15d"/>
      </symbol>
      <symbol id="sm-6b5">
         <name>HwiP_restore</name>
         <value>0x2000ebad</value>
         <object_component_ref idref="oc-297"/>
      </symbol>
      <symbol id="sm-6e5">
         <name>PowerCC32XX_initPolicy</name>
         <value>0x2000de73</value>
         <object_component_ref idref="oc-32c"/>
      </symbol>
      <symbol id="sm-6e6">
         <name>PowerCC32XX_sleepPolicy</name>
         <value>0x2000c46d</value>
         <object_component_ref idref="oc-332"/>
      </symbol>
      <symbol id="sm-740">
         <name>resetISR</name>
         <value>0x2000ea01</value>
         <object_component_ref idref="oc-21"/>
      </symbol>
      <symbol id="sm-741">
         <name>resetVectorAddr</name>
         <value>0x2000ea14</value>
         <object_component_ref idref="oc-21"/>
      </symbol>
      <symbol id="sm-742">
         <name>initVectors</name>
         <value>0x2000e5fd</value>
         <object_component_ref idref="oc-59"/>
      </symbol>
      <symbol id="sm-743">
         <name>resetVectors</name>
         <value>0x20004000</value>
         <object_component_ref idref="oc-27"/>
      </symbol>
      <symbol id="sm-773">
         <name>SwiP_disable</name>
         <value>0x2000e991</value>
         <object_component_ref idref="oc-42d"/>
      </symbol>
      <symbol id="sm-774">
         <name>SwiP_restore</name>
         <value>0x2000e399</value>
         <object_component_ref idref="oc-468"/>
      </symbol>
      <symbol id="sm-77f">
         <name>CPUcpsid</name>
         <value>0x2000eabb</value>
         <object_component_ref idref="oc-a3"/>
      </symbol>
      <symbol id="sm-7c4">
         <name>IntVTableBaseSet</name>
         <value>0x2000eae5</value>
         <object_component_ref idref="oc-af"/>
      </symbol>
      <symbol id="sm-7c5">
         <name>IntEnable</name>
         <value>0x2000d031</value>
         <object_component_ref idref="oc-b5"/>
      </symbol>
      <symbol id="sm-7c6">
         <name>IntMasterDisable</name>
         <value>0x2000ec1f</value>
         <object_component_ref idref="oc-53"/>
      </symbol>
      <symbol id="sm-7c7">
         <name>IntPendSet</name>
         <value>0x2000d63d</value>
         <object_component_ref idref="oc-618"/>
      </symbol>
      <symbol id="sm-801">
         <name>PinModeGet</name>
         <value>0x2000e6d5</value>
         <object_component_ref idref="oc-271"/>
      </symbol>
      <symbol id="sm-802">
         <name>PinConfigSet</name>
         <value>0x2000d74d</value>
         <object_component_ref idref="oc-37d"/>
      </symbol>
      <symbol id="sm-803">
         <name>PinModeSet</name>
         <value>0x2000e461</value>
         <object_component_ref idref="oc-277"/>
      </symbol>
      <symbol id="sm-804">
         <name>PinToPadGet</name>
         <value>0x2000e975</value>
         <object_component_ref idref="oc-598"/>
      </symbol>
      <symbol id="sm-8cd">
         <name>PRCMLPDSRestoreInfoSet</name>
         <value>0x2000e289</value>
         <object_component_ref idref="oc-5fa"/>
      </symbol>
      <symbol id="sm-8ce">
         <name>PRCMPeripheralReset</name>
         <value>0x2000dd71</value>
         <object_component_ref idref="oc-265"/>
      </symbol>
      <symbol id="sm-8cf">
         <name>PRCMLPDSEnter</name>
         <value>0x2000e16d</value>
         <object_component_ref idref="oc-543"/>
      </symbol>
      <symbol id="sm-8d0">
         <name>PRCMPeripheralClkEnable</name>
         <value>0x2000e1b5</value>
         <object_component_ref idref="oc-25f"/>
      </symbol>
      <symbol id="sm-8d1">
         <name>PRCMLPDSEnterKeepDebugIf</name>
         <value>0x2000e58d</value>
         <object_component_ref idref="oc-549"/>
      </symbol>
      <symbol id="sm-8d2">
         <name>PRCMCC3200MCUInit</name>
         <value>0x2000c041</value>
         <object_component_ref idref="oc-1af"/>
      </symbol>
      <symbol id="sm-8d3">
         <name>PRCMHIBRegWrite</name>
         <value>0x2000ea7b</value>
         <object_component_ref idref="oc-253"/>
      </symbol>
      <symbol id="sm-8d4">
         <name>PRCMSysResetCauseGet</name>
         <value>0x2000dcb5</value>
         <object_component_ref idref="oc-24c"/>
      </symbol>
      <symbol id="sm-8d5">
         <name>PRCMPeripheralClkDisable</name>
         <value>0x2000e825</value>
         <object_component_ref idref="oc-26b"/>
      </symbol>
      <symbol id="sm-8d6">
         <name>PRCMHIBRegRead</name>
         <value>0x2000ea65</value>
         <object_component_ref idref="oc-259"/>
      </symbol>
      <symbol id="sm-8db">
         <name>UtilsDelay</name>
         <value>0x2000ec4b</value>
         <object_component_ref idref="oc-252"/>
      </symbol>
      <symbol id="sm-8eb">
         <name>FlashDisable</name>
         <value>0x2000e095</value>
         <object_component_ref idref="oc-610"/>
      </symbol>
      <symbol id="sm-8f4">
         <name>__aeabi_lmul</name>
         <value>0x2000ea4d</value>
         <object_component_ref idref="oc-457"/>
      </symbol>
      <symbol id="sm-90f">
         <name>memcpy</name>
         <value>0x2000d2c5</value>
         <object_component_ref idref="oc-3b"/>
      </symbol>
      <symbol id="sm-910">
         <name>__aeabi_memcpy</name>
         <value>0x2000d2c5</value>
         <object_component_ref idref="oc-3b"/>
      </symbol>
      <symbol id="sm-911">
         <name>__aeabi_memcpy8</name>
         <value>0x2000d2c5</value>
         <object_component_ref idref="oc-3b"/>
      </symbol>
      <symbol id="sm-912">
         <name>__aeabi_memcpy4</name>
         <value>0x2000d2c5</value>
         <object_component_ref idref="oc-3b"/>
      </symbol>
      <symbol id="sm-91f">
         <name>__aeabi_uldivmod</name>
         <value>0x2000d3f9</value>
         <object_component_ref idref="oc-2de"/>
      </symbol>
      <symbol id="sm-933">
         <name>__TI_zero_init_nomemset</name>
         <value>0x2000e9ad</value>
         <object_component_ref idref="oc-47"/>
      </symbol>
      <symbol id="sm-94a">
         <name>__TI_decompress_none</name>
         <value>0x2000ebf9</value>
         <object_component_ref idref="oc-1a"/>
      </symbol>
      <symbol id="sm-96d">
         <name>__TI_decompress_lzss</name>
         <value>0x2000db25</value>
         <object_component_ref idref="oc-14"/>
      </symbol>
      <symbol id="sm-9f6">
         <name>_sys_memory</name>
         <value>0x20004040</value>
         <object_component_ref idref="oc-2a"/>
      </symbol>
      <symbol id="sm-9f7">
         <name>free</name>
         <value>0x2000cd11</value>
         <object_component_ref idref="oc-34e"/>
      </symbol>
      <symbol id="sm-9f8">
         <name>memalign</name>
         <value>0x2000cb21</value>
         <object_component_ref idref="oc-566"/>
      </symbol>
      <symbol id="sm-9f9">
         <name>malloc</name>
         <value>0x2000ec3d</value>
         <object_component_ref idref="oc-475"/>
      </symbol>
      <symbol id="sm-9fa">
         <name>aligned_alloc</name>
         <value>0x2000cb21</value>
         <object_component_ref idref="oc-566"/>
      </symbol>
      <symbol id="sm-a0c">
         <name>__stack</name>
         <value>0x20003000</value>
         <object_component_ref idref="oc-2d"/>
      </symbol>
      <symbol id="sm-a0d">
         <name>_c_int00_noargs</name>
         <value>0x2000e90d</value>
         <object_component_ref idref="oc-c5"/>
      </symbol>
      <symbol id="sm-a17">
         <name>__aeabi_idiv0</name>
         <value>0x2000ec67</value>
         <object_component_ref idref="oc-3e3"/>
      </symbol>
      <symbol id="sm-a18">
         <name>__aeabi_ldiv0</name>
         <value>0x2000ec67</value>
         <object_component_ref idref="oc-3e3"/>
      </symbol>
      <symbol id="sm-a41">
         <name>__TI_auto_init_nobinit_nopinit</name>
         <value>0x2000e3dd</value>
         <object_component_ref idref="oc-176"/>
      </symbol>
      <symbol id="sm-a4b">
         <name>_system_pre_init</name>
         <value>0x2000ec5d</value>
         <object_component_ref idref="oc-119"/>
      </symbol>
      <symbol id="sm-a57">
         <name>C$$EXIT</name>
         <value>0x2000ec61</value>
         <object_component_ref idref="oc-16a"/>
      </symbol>
      <symbol id="sm-a58">
         <name>abort</name>
         <value>0x2000ec61</value>
         <object_component_ref idref="oc-16a"/>
      </symbol>
      <symbol id="sm-a6d">
         <name>_nop</name>
         <value>0x2000e9ff</value>
         <object_component_ref idref="oc-2f7"/>
      </symbol>
      <symbol id="sm-a6e">
         <name>_lock</name>
         <value>0x2000f25c</value>
         <object_component_ref idref="oc-1f8"/>
      </symbol>
      <symbol id="sm-a6f">
         <name>_unlock</name>
         <value>0x2000f260</value>
         <object_component_ref idref="oc-1f8"/>
      </symbol>
      <symbol id="sm-a71">
         <name>__TI_static_base__</name>
         <value>0x2000f870</value>
      </symbol>
      <symbol id="sm-a74">
         <name>ITM_flush</name>
         <value>0x0</value>
      </symbol>
      <symbol id="sm-a75">
         <name>ITM_restore</name>
         <value>0x0</value>
      </symbol>
      <symbol id="sm-a76">
         <name>__mpu_init</name>
         <value>0x0</value>
      </symbol>
      <symbol id="sm-a77">
         <name>_system_post_cinit</name>
         <value>0x0</value>
      </symbol>
      <symbol id="sm-a78">
         <name>sleep</name>
         <value>0x2000e7fd</value>
      </symbol>
      <symbol id="sm-a79">
         <name>NoRTOS_start</name>
         <value>0x2000ebeb</value>
      </symbol>
   </symbol_table>
   <title>Link successful</title>
</link_info>
