******************************************************************************
                  TI ARM Linker PC v20.2.7                     
******************************************************************************
>> Linked Sat Mar 11 21:31:45 2023

OUTPUT FILE NAME:   <pwmled2_CC3220S_LAUNCHXL_nortos_ccs.out>
ENTRY POINT SYMBOL: "resetISR"  address: 2000ea01


MEMORY CONFIGURATION

         name            origin    length      used     unused   attr    fill
----------------------  --------  ---------  --------  --------  ----  --------
  SRAM2                 20000000   00004000  0000130c  00002cf4  RW X
  SRAM                  20004000   0003c000  0000b94c  000306b4  RW X
  LOG_DATA              90000000   00040000  00000000  00040000  R   


SEGMENT ALLOCATION MAP

run origin  load origin   length   init length attrs members
----------  ----------- ---------- ----------- ----- -------
20003000    20003000    00001000   00000000    rw-
  20003000    20003000    00001000   00000000    rw- .stack
20004000    20004000    00000040   00000040    r--
  20004000    20004000    00000040   00000040    r-- .resetVecs
20004040    20004040    00008000   00000000    rw-
  20004040    20004040    00008000   00000000    rw- .sysmem
2000c040    2000c040    00002c28   00002c28    r-x
  2000c040    2000c040    00002c28   00002c28    r-x .text
2000ec68    2000ec68    0000061f   00000000    rw-
  2000ec68    2000ec68    0000061f   00000000    rw- .data
2000f288    2000f288    00000321   00000321    r--
  2000f288    2000f288    00000321   00000321    r-- .const
2000f5b0    2000f5b0    000002bc   00000000    rw-
  2000f5b0    2000f5b0    000002bc   00000000    rw- .bss
2000f870    2000f870    000000e8   000000e8    r--
  2000f870    2000f870    000000e8   000000e8    r-- .cinit


SECTION ALLOCATION MAP

 output                                  attributes/
section   page    origin      length       input sections
--------  ----  ----------  ----------   ----------------
.text      0    2000c040    00002c28     
                  2000c040    0000042c     driverlib.a : prcm.obj (.text:PRCMCC3200MCUInit)
                  2000c46c    000001a0     nortos_cc32xx.a : PowerCC32XX_nortos.oem4 (.text:PowerCC32XX_sleepPolicy)
                  2000c60c    00000154     drivers_cc32xx.a : GPIOCC32XX.oem4 (.text:GPIO_setConfig)
                  2000c760    00000148                      : PowerCC32XX.oem4 (.text:parkPins)
                  2000c8a8    00000140                      : PWMTimerCC32XX.oem4 (.text:PWMTimerCC32XX_setDutyAndPeriod)
                  2000c9e8    00000138                      : PowerCC32XX.oem4 (.text:Power_sleep)
                  2000cb20    00000100     rtsv7M4_T_le_eabi.lib : memory.c.obj (.text:aligned_alloc)
                  2000cc20    000000f0     drivers_cc32xx.a : PWMTimerCC32XX.oem4 (.text:PWMTimerCC32XX_open)
                  2000cd10    000000e4     rtsv7M4_T_le_eabi.lib : memory.c.obj (.text:free)
                  2000cdf4    000000c4     drivers_cc32xx.a : PWMTimerCC32XX.oem4 (.text:PWMTimerCC32XX_stop)
                  2000ceb8    000000c0                      : PowerCC32XX.oem4 (.text:restoreParkedPins)
                  2000cf78    000000b8                      : PWMTimerCC32XX.oem4 (.text:PWMTimerCC32XX_setDuty)
                  2000d030    000000a8     driverlib.a : interrupt.obj (.text:IntEnable)
                  2000d0d8    000000a8     drivers_cc32xx.a : PowerCC32XX.oem4 (.text:PowerCC32XX_configureWakeup)
                  2000d180    000000a4                      : PWMTimerCC32XX.oem4 (.text:initHw)
                  2000d224    000000a0     nortos_cc32xx.a : SemaphoreP_nortos.oem4 (.text:SemaphoreP_pend)
                  2000d2c4    0000009c     rtsv7M4_T_le_eabi.lib : memcpy_t2.asm.obj (.text)
                  2000d360    00000098     drivers_cc32xx.a : PWMTimerCC32XX.oem4 (.text:PWMTimerCC32XX_setPeriod)
                  2000d3f8    00000096     rtsv7M4_T_le_eabi.lib : ull_div_t2.asm.obj (.text)
                  2000d48e    00000002     ti_drivers_config.obj (.text:Board_initHook)
                  2000d490    00000090     drivers_cc32xx.a : GPIOCC32XX.oem4 (.text:GPIO_init)
                  2000d520    00000090                      : PowerCC32XX.oem4 (.text:restoreNVICRegs)
                  2000d5b0    0000008c     nortos_cc32xx.a : HwiPCC32XX_nortos.oem4 (.text:HwiP_construct)
                  2000d63c    00000088     driverlib.a : interrupt.obj (.text:IntPendSet)
                  2000d6c4    00000088     drivers_cc32xx.a : PWMTimerCC32XX.oem4 (.text:PWMTimerCC32XX_close)
                  2000d74c    00000088     driverlib.a : pin.obj (.text:PinConfigSet)
                  2000d7d4    00000084     drivers_cc32xx.a : PowerCC32XX.oem4 (.text:Power_init)
                  2000d858    00000084                      : PowerCC32XX.oem4 (.text:saveNVICRegs)
                  2000d8dc    00000080                      : PowerCC32XX.oem4 (.text:Power_setDependency)
                  2000d95c    0000007a     pwmled2.obj (.text:mainThread)
                  2000d9d6    00000002     drivers_cc32xx.a : PWMTimerCC32XX.oem4 (.text:PWMTimerCC32XX_init)
                  2000d9d8    00000074                      : GPIOCC32XX.oem4 (.text:powerNotifyFxn)
                  2000da4c    00000070     rtsv7M4_T_le_eabi.lib : memory.c.obj (.text:split)
                  2000dabc    00000068     drivers_cc32xx.a : PWMTimerCC32XX.oem4 (.text:PWMTimerCC32XX_start)
                  2000db24    00000068     rtsv7M4_T_le_eabi.lib : copy_decompress_lzss.c.obj (.text:decompress:lzss:__TI_decompress_lzss)
                  2000db8c    00000064     drivers_cc32xx.a : GPIOCC32XX.oem4 (.text:GPIO_setInterruptConfig)
                  2000dbf0    00000064                      : PowerCC32XX.oem4 (.text:PowerCC32XX_setParkState)
                  2000dc54    00000060                      : GPIOCC32XX.oem4 (.text:GPIO_hwiIntFxn)
                  2000dcb4    00000060     driverlib.a : prcm.obj (.text:PRCMSysResetCauseGet)
                  2000dd14    0000005c     nortos_cc32xx.a : ClockPSysTick_nortos.oem4 (.text:sysTickInit)
                  2000dd70    00000058     driverlib.a : prcm.obj (.text:PRCMPeripheralReset)
                  2000ddc8    00000058     drivers_cc32xx.a : PowerCC32XX.oem4 (.text:Power_releaseDependency)
                  2000de20    00000052                      : PowerCC32XX_asm.oem4 (.text:PowerCC32XX_resumeLPDS)
                  2000de72    00000002     nortos_cc32xx.a : PowerCC32XX_nortos.oem4 (.text:PowerCC32XX_initPolicy)
                  2000de74    00000050                     : ClockPSysTick_nortos.oem4 (.text:ClockP_sysTickHandler)
                  2000dec4    00000050                     : SemaphoreP_nortos.oem4 (.text:SemaphoreP_construct)
                  2000df14    00000050     drivers_cc32xx.a : TimerCC32XX.oem4 (.text:TimerCC32XX_allocateTimerResource)
                  2000df64    0000004c                      : PowerCC32XX.oem4 (.text:PowerCC32XX_parkPin)
                  2000dfb0    0000004c                      : PWMTimerCC32XX.oem4 (.text:getDutyCounts)
                  2000dffc    0000004c                      : PWMTimerCC32XX.oem4 (.text:getPeriodCounts)
                  2000e048    0000004c                      : PowerCC32XX.oem4 (.text:restorePeriphClocks)
                  2000e094    00000048     driverlib.a : flash.obj (.text:FlashDisable)
                  2000e0dc    00000048     drivers_cc32xx.a : GPIOCC32XX.oem4 (.text:GPIO_disableInt)
                  2000e124    00000048                      : GPIOCC32XX.oem4 (.text:GPIO_enableInt)
                  2000e16c    00000048     driverlib.a : prcm.obj (.text:PRCMLPDSEnter)
                  2000e1b4    00000048                 : prcm.obj (.text:PRCMPeripheralClkEnable)
                  2000e1fc    00000048     drivers_cc32xx.a : PowerCC32XX.oem4 (.text:Power_releaseConstraint)
                  2000e244    00000044     nortos_cc32xx.a : ClockPSysTick_nortos.oem4 (.text:ClockP_stop)
                  2000e288    00000044     driverlib.a : prcm.obj (.text:PRCMLPDSRestoreInfoSet)
                  2000e2cc    00000044     drivers_cc32xx.a : PWM.oem4 (.text:PWM_init)
                  2000e310    00000044                      : PowerCC32XX_asm.oem4 (.text:PowerCC32XX_enterLPDS)
                  2000e354    00000044     nortos_cc32xx.a : SemaphoreP_nortos.oem4 (.text:SemaphoreP_post)
                  2000e398    00000044                     : SwiP_nortos.oem4 (.text:SwiP_restore)
                  2000e3dc    00000044     rtsv7M4_T_le_eabi.lib : autoinit.c.obj (.text:__TI_auto_init_nobinit_nopinit:__TI_auto_init_nobinit_nopinit)
                  2000e420    00000040     drivers_cc32xx.a : PWM.oem4 (.text:PWM_open)
                  2000e460    00000040     driverlib.a : pin.obj (.text:PinModeSet)
                  2000e4a0    0000003c     nortos_cc32xx.a : ClockPSysTick_nortos.oem4 (.text:ClockP_destruct)
                  2000e4dc    0000003c     drivers_cc32xx.a : PowerCC32XX.oem4 (.text:Power_setConstraint)
                  2000e518    0000003a     nortos_cc32xx.a : PowerCC32XX_nortos.oem4 (.text:getCountsRTC)
                  2000e552    0000003a     drivers_cc32xx.a : PWMTimerCC32XX.oem4 (.text:getPowerMgrId)
                  2000e58c    00000038     driverlib.a : prcm.obj (.text:PRCMLPDSEnterKeepDebugIf)
                  2000e5c4    00000038     nortos_cc32xx.a : ClockPSysTick_nortos.oem4 (.text:addToList)
                  2000e5fc    00000038                     : startup_cc32xx_ccs.oem4 (.text:initVectors)
                  2000e634    00000038     drivers_cc32xx.a : PowerCC32XX.oem4 (.text:notify)
                  2000e66c    00000034     nortos_cc32xx.a : ClockPSysTick_nortos.oem4 (.text:ClockP_getTicksUntilInterrupt)
                  2000e6a0    00000034                     : ClockPSysTick_nortos.oem4 (.text:ClockP_startup)
                  2000e6d4    00000034     driverlib.a : pin.obj (.text:PinModeGet)
                  2000e708    00000034     drivers_cc32xx.a : TimerCC32XX.oem4 (.text:TimerCC32XX_freeTimerResource)
                  2000e73c    00000034                      : TimerCC32XX.oem4 (.text:getPowerMgrId)
                  2000e770    00000030     nortos_cc32xx.a : ClockPSysTick_nortos.oem4 (.text:ClockP_start)
                  2000e7a0    00000030     drivers_cc32xx.a : PowerCC32XX.oem4 (.text:PowerCC32XX_restoreParkedPin)
                  2000e7d0    0000002a     nortos_cc32xx.a : HwiPCC32XX_nortos.oem4 (.text:HwiP_create)
                  2000e7fa    00000002                     : SemaphoreP_nortos.oem4 (.text:SemaphoreP_destruct)
                  2000e7fc    00000028                     : ClockPSysTick_nortos.oem4 (.text:ClockP_sleep)
                  2000e824    00000028     driverlib.a : prcm.obj (.text:PRCMPeripheralClkDisable)
                  2000e84c    00000028     drivers_cc32xx.a : PowerCC32XX.oem4 (.text:Power_registerNotify)
                  2000e874    00000028     rtsv7M4_T_le_eabi.lib : memory.c.obj (.text:free_list_insert)
                  2000e89c    00000026     drivers_cc32xx.a : List.oem4 (.text:List_put)
                  2000e8c2    00000026                      : List.oem4 (.text:List_remove)
                  2000e8e8    00000024     nortos_cc32xx.a : HwiPCC32XX_nortos.oem4 (.text:HwiP_dispatch)
                  2000e90c    00000024     rtsv7M4_T_le_eabi.lib : boot_cortex_m.c.obj (.text:_c_int00_noargs:_c_int00_noargs)
                  2000e930    00000024     nortos_cc32xx.a : ClockPSysTick_nortos.oem4 (.text:sleepTicks)
                  2000e954    00000020     drivers_cc32xx.a : PowerCC32XX.oem4 (.text:Power_unregisterNotify)
                  2000e974    0000001c     driverlib.a : pin.obj (.text:PinToPadGet)
                  2000e990    0000001c     nortos_cc32xx.a : SwiP_nortos.oem4 (.text:SwiP_disable)
                  2000e9ac    0000001c     rtsv7M4_T_le_eabi.lib : copy_zero_init.c.obj (.text:decompress:ZI:__TI_zero_init_nomemset:__TI_zero_init_nomemset)
                  2000e9c8    0000001c                           : memory.c.obj (.text:free_list_remove)
                  2000e9e4    0000001a     nortos_cc32xx.a : SemaphoreP_nortos.oem4 (.text:SemaphoreP_createBinary)
                  2000e9fe    00000002     rtsv7M4_T_le_eabi.lib : _lock.c.obj (.text:_nop)
                  2000ea00    0000001a     nortos_cc32xx.a : startup_cc32xx_ccs.oem4 (.text:resetISR)
                  2000ea1a    00000002                     : startup_cc32xx_ccs.oem4 (.text:busFaultHandler)
                  2000ea1c    00000018     drivers_cc32xx.a : PowerCC32XX.oem4 (.text:Power_getTransitionLatency)
                  2000ea34    00000018                      : PowerCC32XX.oem4 (.text:Power_idleFunc)
                  2000ea4c    00000018     rtsv7M4_T_le_eabi.lib : ll_mul_t2.asm.obj (.text)
                  2000ea64    00000016     driverlib.a : prcm.obj (.text:PRCMHIBRegRead)
                  2000ea7a    00000016                 : prcm.obj (.text:PRCMHIBRegWrite)
                  2000ea90    00000016     nortos_cc32xx.a : SemaphoreP_nortos.oem4 (.text:SemaphoreP_create)
                  2000eaa6    00000014     ti_drivers_config.obj (.text:Board_init)
                  2000eaba    00000014     driverlib.a : cpu.obj (.text:CPUcpsid)
                  2000eace    00000002     nortos_cc32xx.a : SemaphoreP_nortos.oem4 (.text:clkFxn)
                  2000ead0    00000014                     : HwiPCC32XX_nortos.oem4 (.text:HwiP_inISR)
                  2000eae4    00000014     driverlib.a : interrupt.obj (.text:IntVTableBaseSet)
                  2000eaf8    00000014     drivers_cc32xx.a : PWM.oem4 (.text:PWM_Params_init)
                  2000eb0c    00000014                      : PowerCC32XX.oem4 (.text:Power_disablePolicy)
                  2000eb20    00000014                      : PowerCC32XX.oem4 (.text:Power_getDependencyCount)
                  2000eb34    00000012     nortos_cc32xx.a : HwiPCC32XX_nortos.oem4 (.text:HwiP_Params_init)
                  2000eb46    00000012     main_nortos.obj (.text:main)
                  2000eb58    00000012     drivers_cc32xx.a : PWMTimerCC32XX.oem4 (.text:postNotifyFxn)
                  2000eb6a    00000010     nortos_cc32xx.a : ClockPSysTick_nortos.oem4 (.text:ClockP_add)
                  2000eb7a    00000002                     : startup_cc32xx_ccs.oem4 (.text:defaultHandler)
                  2000eb7c    00000010                     : ClockPSysTick_nortos.oem4 (.text:ClockP_getCpuFreq)
                  2000eb8c    00000010                     : ClockPSysTick_nortos.oem4 (.text:ClockP_getSystemTicks)
                  2000eb9c    00000010                     : ClockPSysTick_nortos.oem4 (.text:ClockP_setTicks)
                  2000ebac    00000010                     : HwiPCC32XX_nortos.oem4 (.text:HwiP_restore)
                  2000ebbc    00000010     drivers_cc32xx.a : PowerCC32XX.oem4 (.text:Power_enablePolicy)
                  2000ebcc    00000010     nortos_cc32xx.a : SemaphoreP_nortos.oem4 (.text:SemaphoreP_Params_init)
                  2000ebdc    0000000e                     : HwiPCC32XX_nortos.oem4 (.text:HwiP_disable)
                  2000ebea    0000000e                     : HwiPCC32XX_nortos.oem4 (.text:HwiP_enable)
                  2000ebf8    0000000e     rtsv7M4_T_le_eabi.lib : copy_decompress_none.c.obj (.text:decompress:none:__TI_decompress_none)
                  2000ec06    00000002     nortos_cc32xx.a : startup_cc32xx_ccs.oem4 (.text:faultISR)
                  2000ec08    0000000c     drivers_cc32xx.a : PowerCC32XX.oem4 (.text:Power_getConstraintMask)
                  2000ec14    0000000a     nortos_cc32xx.a : ClockPSysTick_nortos.oem4 (.text:ClockP_isActive)
                  2000ec1e    0000000a     driverlib.a : interrupt.obj (.text:IntMasterDisable)
                  2000ec28    0000000a     drivers_cc32xx.a : PWM.oem4 (.text:PWM_setDuty)
                  2000ec32    0000000a                      : PWM.oem4 (.text:PWM_start)
                  2000ec3c    00000008     rtsv7M4_T_le_eabi.lib : memory.c.obj (.text:malloc)
                  2000ec44    00000006     drivers_cc32xx.a : PWMTimerCC32XX.oem4 (.text:PWMTimerCC32XX_control)
                  2000ec4a    00000006     driverlib.a : utils.obj (.text:UtilsDelay)
                  2000ec50    00000004     nortos_cc32xx.a : ClockPSysTick_nortos.oem4 (.text:ClockP_doTick)
                  2000ec54    00000004                     : HwiPCC32XX_nortos.oem4 (.text:HwiP_post)
                  2000ec58    00000004                     : SemaphoreP_nortos.oem4 (.text:SemaphoreP_delete)
                  2000ec5c    00000004     rtsv7M4_T_le_eabi.lib : pre_init.c.obj (.text:_system_pre_init)
                  2000ec60    00000004                           : exit.c.obj (.text:abort:abort)
                  2000ec64    00000002     nortos_cc32xx.a : startup_cc32xx_ccs.oem4 (.text:nmiISR)
                  2000ec66    00000002     rtsv7M4_T_le_eabi.lib : div0.asm.obj (.text)

.const     0    2000f288    00000321     
                  2000f288    00000100     driverlib.a : pin.obj (.const:g_ulPinToPadMap)
                  2000f388    000000a8                 : prcm.obj (.const:PRCM_PeriphRegsList)
                  2000f430    00000044     ti_drivers_config.obj (.const:PowerCC32XX_config)
                  2000f474    00000028     drivers_cc32xx.a : GPIOCC32XX.oem4 (.const:portConfigs)
                  2000f49c    00000024                      : PWMTimerCC32XX.oem4 (.const:PWMTimerCC32XX_fxnTable)
                  2000f4c0    00000021                      : GPIOCC32XX.oem4 (.const:.string:pinTable)
                  2000f4e1    00000003     --HOLE-- [fill = 0]
                  2000f4e4    00000020                      : PWMTimerCC32XX.oem4 (.const:gpioPinIndexes)
                  2000f504    00000018     ti_drivers_config.obj (.const:PWM_config)
                  2000f51c    00000018     drivers_cc32xx.a : PWM.oem4 (.const:PWM_defaultParams)
                  2000f534    00000018     driverlib.a : interrupt.obj (.const:g_pulEnRegs)
                  2000f54c    00000018                 : interrupt.obj (.const:g_pulPendRegs)
                  2000f564    00000010     ti_drivers_config.obj (.const:GPIO_config)
                  2000f574    00000010     drivers_cc32xx.a : PWMTimerCC32XX.oem4 (.const:gpioBaseAddresses)
                  2000f584    00000010                      : PWMTimerCC32XX.oem4 (.const:timerBaseAddresses)
                  2000f594    00000008     ti_drivers_config.obj (.const:pwmTimerCC32XXHWAttrs)
                  2000f59c    00000008     drivers_cc32xx.a : PWMTimerCC32XX.oem4 (.const:timerHalves)
                  2000f5a4    00000005     ti_drivers_config.obj (.const)

.cinit     0    2000f870    000000e8     
                  2000f870    000000c1     (.cinit..data.load) [load image, compression = lzss]
                  2000f931    00000003     --HOLE-- [fill = 0]
                  2000f934    0000000c     (__TI_handler_table)
                  2000f940    00000008     (.cinit..bss.load) [load image, compression = zero_init]
                  2000f948    00000010     (__TI_cinit_table)

.init_array 
*          0    20004000    00000000     UNINITIALIZED

.ramVecs   0    20000000    0000030c     NOLOAD SECTION
                  20000000    0000030c     nortos_cc32xx.a : startup_cc32xx_ccs.oem4 (.ramVecs)

.stack     0    20003000    00001000     UNINITIALIZED
                  20003000    00000004     rtsv7M4_T_le_eabi.lib : boot_cortex_m.c.obj (.stack)
                  20003004    00000ffc     --HOLE--

.resetVecs 
*          0    20004000    00000040     
                  20004000    00000040     nortos_cc32xx.a : startup_cc32xx_ccs.oem4 (.resetVecs:retain)

.sysmem    0    20004040    00008000     UNINITIALIZED
                  20004040    00000010     rtsv7M4_T_le_eabi.lib : memory.c.obj (.sysmem)
                  20004050    00007ff0     --HOLE--

.data      0    2000ec68    0000061f     UNINITIALIZED
                  2000ec68    0000030c     nortos_cc32xx.a : HwiPCC32XX_nortos.oem4 (.data:HwiP_dispatchTable)
                  2000ef74    0000016c     drivers_cc32xx.a : PowerCC32XX.oem4 (.data:PowerCC32XX_module)
                  2000f0e0    000000f8     ti_drivers_config.obj (.data:parkInfo)
                  2000f1d8    00000084     ti_drivers_config.obj (.data:gpioPinConfigs)
                  2000f25c    00000008     rtsv7M4_T_le_eabi.lib : _lock.c.obj (.data:$O1$$)
                  2000f264    00000008                           : memory.c.obj (.data:$O1$$)
                  2000f26c    00000008     nortos_cc32xx.a : SemaphoreP_nortos.oem4 (.data:SemaphoreP_defaultParams)
                  2000f274    00000008                     : HwiPCC32XX_nortos.oem4 (.data)
                  2000f27c    00000005                     : ClockPSysTick_nortos.oem4 (.data)
                  2000f281    00000003                     : SemaphoreP_nortos.oem4 (.data)
                  2000f284    00000002     drivers_cc32xx.a : GPIOCC32XX.oem4 (.data)
                  2000f286    00000001                      : PWM.oem4 (.data)

.bss       0    2000f5b0    000002bc     UNINITIALIZED
                  2000f5b0    0000012c     (.common:PowerCC32XX_contextSave)
                  2000f6dc    00000084     (.common:gpioCallbackFunctions)
                  2000f760    00000084     (.common:gpioUserArgs)
                  2000f7e4    00000048     (.common:pwmTimerCC32XXObjects)
                  2000f82c    00000014     drivers_cc32xx.a : GPIOCC32XX.oem4 (.bss:powerNotifyObj)
                  2000f840    00000010     (.common:ClockP_ctrl)
                  2000f850    0000000d     nortos_cc32xx.a : SwiP_nortos.oem4 (.bss)
                  2000f85d    00000003     --HOLE--
                  2000f860    00000004     drivers_cc32xx.a : GPIOCC32XX.oem4 (.bss)
                  2000f864    00000004     nortos_cc32xx.a : ClockPSysTick_nortos.oem4 (.bss)
                  2000f868    00000004     drivers_cc32xx.a : TimerCC32XX.oem4 (.bss:timerState)

.log_data 
*          0    90000000    00000000     COPY SECTION

__llvm_prf_cnts 
*          0    20004000    00000000     UNINITIALIZED

MODULE SUMMARY

       Module                       code    ro data   rw data
       ------                       ----    -------   -------
    .\
       pwmled2.obj                  122     0         0      
       main_nortos.obj              18      0         0      
    +--+----------------------------+-------+---------+---------+
       Total:                       140     0         0      
                                                             
    .\syscfg\
       ti_drivers_config.obj        22      121       716    
    +--+----------------------------+-------+---------+---------+
       Total:                       22      121       716    
                                                             
    C:/ti/simplelink_cc32xx_sdk_6_10_00_05/kernel/nortos/lib/ccs/m4/nortos_cc32xx.a
       HwiPCC32XX_nortos.oem4       304     0         788    
       startup_cc32xx_ccs.oem4      90      64        780    
       ClockPSysTick_nortos.oem4    662     0         25     
       PowerCC32XX_nortos.oem4      476     0         0      
       SemaphoreP_nortos.oem4       380     0         11     
       SwiP_nortos.oem4             96      0         13     
    +--+----------------------------+-------+---------+---------+
       Total:                       2008    64        1617   
                                                             
    C:/ti/simplelink_cc32xx_sdk_6_10_00_05/source/ti/devices/cc32xx/driverlib/ccs/Release/driverlib.a
       prcm.obj                     1604    168       0      
       pin.obj                      280     256       0      
       interrupt.obj                334     48        0      
       flash.obj                    72      0         0      
       cpu.obj                      20      0         0      
       utils.obj                    6       0         0      
    +--+----------------------------+-------+---------+---------+
       Total:                       2316    472       0      
                                                             
    C:/ti/simplelink_cc32xx_sdk_6_10_00_05/source/ti/drivers/lib/ccs/m4/drivers_cc32xx.a
       PowerCC32XX.oem4             2300    0         664    
       PWMTimerCC32XX.oem4          1732    108       0      
       GPIOCC32XX.oem4              940     73        26     
       PWM.oem4                     172     24        1      
       TimerCC32XX.oem4             184     0         4      
       PowerCC32XX_asm.oem4         150     0         0      
       List.oem4                    76      0         0      
    +--+----------------------------+-------+---------+---------+
       Total:                       5554    205       695    
                                                             
    C:\ti\ccs1220\ccs\tools\compiler\ti-cgt-arm_20.2.7.LTS\lib\rtsv7M4_T_le_eabi.lib
       memory.c.obj                 672     0         8      
       memcpy_t2.asm.obj            156     0         0      
       ull_div_t2.asm.obj           150     0         0      
       copy_decompress_lzss.c.obj   104     0         0      
       autoinit.c.obj               68      0         0      
       boot_cortex_m.c.obj          36      0         0      
       copy_zero_init.c.obj         28      0         0      
       ll_mul_t2.asm.obj            24      0         0      
       copy_decompress_none.c.obj   14      0         0      
       _lock.c.obj                  2       0         8      
       exit.c.obj                   4       0         0      
       pre_init.c.obj               4       0         0      
       div0.asm.obj                 2       0         0      
    +--+----------------------------+-------+---------+---------+
       Total:                       1264    0         16     
                                                             
       Heap:                        0       0         32768  
       Stack:                       0       0         4096   
       Linker Generated:            0       229       0      
    +--+----------------------------+-------+---------+---------+
       Grand Total:                 11304   1091      39908  


LINKER GENERATED COPY TABLES

__TI_cinit_table @ 2000f948 records: 2, size/record: 8, table size: 16
	.data: load addr=2000f870, load size=000000c1 bytes, run addr=2000ec68, run size=0000061f bytes, compression=lzss
	.bss: load addr=2000f940, load size=00000008 bytes, run addr=2000f5b0, run size=000002bc bytes, compression=zero_init


LINKER GENERATED HANDLER TABLE

__TI_handler_table @ 2000f934 records: 3, size/record: 4, table size: 12
	index: 0, handler: __TI_decompress_lzss
	index: 1, handler: __TI_decompress_none
	index: 2, handler: __TI_zero_init


GLOBAL SYMBOLS: SORTED ALPHABETICALLY BY Name 

address   name                             
-------   ----                             
2000eaa7  Board_init                       
2000d48f  Board_initHook                   
2000ec61  C$$EXIT                          
2000f5a6  CONFIG_PWM_0_CONST               
2000f5a7  CONFIG_PWM_1_CONST               
2000eabb  CPUcpsid                         
2000eb6b  ClockP_add                       
2000f840  ClockP_ctrl                      
2000e4a1  ClockP_destruct                  
2000ec51  ClockP_doTick                    
2000eb7d  ClockP_getCpuFreq                
2000eb8d  ClockP_getSystemTicks            
2000e66d  ClockP_getTicksUntilInterrupt    
2000ec15  ClockP_isActive                  
2000eb9d  ClockP_setTicks                  
2000e7fd  ClockP_sleep                     
2000e771  ClockP_start                     
2000e6a1  ClockP_startup                   
2000e245  ClockP_stop                      
2000de75  ClockP_sysTickHandler            
2000f27c  ClockP_tickPeriod                
2000e095  FlashDisable                     
2000f564  GPIO_config                      
2000e0dd  GPIO_disableInt                  
2000e125  GPIO_enableInt                   
2000dc55  GPIO_hwiIntFxn                   
2000d491  GPIO_init                        
2000f5a4  GPIO_pinLowerBound               
2000f5a5  GPIO_pinUpperBound               
2000c60d  GPIO_setConfig                   
2000db8d  GPIO_setInterruptConfig          
2000eb35  HwiP_Params_init                 
2000d5b1  HwiP_construct                   
2000e7d1  HwiP_create                      
2000ebdd  HwiP_disable                     
2000e8e9  HwiP_dispatch                    
2000ebeb  HwiP_enable                      
2000ead1  HwiP_inISR                       
2000f274  HwiP_key                         
2000ec55  HwiP_post                        
2000ebad  HwiP_restore                     
2000f278  HwiP_swiPIntNum                  
UNDEFED   ITM_flush                        
UNDEFED   ITM_restore                      
2000d031  IntEnable                        
2000ec1f  IntMasterDisable                 
2000d63d  IntPendSet                       
2000eae5  IntVTableBaseSet                 
2000e89d  List_put                         
2000e8c3  List_remove                      
2000ebeb  NoRTOS_start                     
2000c041  PRCMCC3200MCUInit                
2000ea65  PRCMHIBRegRead                   
2000ea7b  PRCMHIBRegWrite                  
2000e16d  PRCMLPDSEnter                    
2000e58d  PRCMLPDSEnterKeepDebugIf         
2000e289  PRCMLPDSRestoreInfoSet           
2000e825  PRCMPeripheralClkDisable         
2000e1b5  PRCMPeripheralClkEnable          
2000dd71  PRCMPeripheralReset              
2000dcb5  PRCMSysResetCauseGet             
2000d6c5  PWMTimerCC32XX_close             
2000ec45  PWMTimerCC32XX_control           
2000f49c  PWMTimerCC32XX_fxnTable          
2000d9d7  PWMTimerCC32XX_init              
2000cc21  PWMTimerCC32XX_open              
2000cf79  PWMTimerCC32XX_setDuty           
2000c8a9  PWMTimerCC32XX_setDutyAndPeriod  
2000d361  PWMTimerCC32XX_setPeriod         
2000dabd  PWMTimerCC32XX_start             
2000cdf5  PWMTimerCC32XX_stop              
2000eaf9  PWM_Params_init                  
2000f504  PWM_config                       
2000f5a8  PWM_count                        
2000f51c  PWM_defaultParams                
2000e2cd  PWM_init                         
2000e421  PWM_open                         
2000ec29  PWM_setDuty                      
2000ec33  PWM_start                        
2000d74d  PinConfigSet                     
2000e6d5  PinModeGet                       
2000e461  PinModeSet                       
2000e975  PinToPadGet                      
2000f430  PowerCC32XX_config               
2000d0d9  PowerCC32XX_configureWakeup      
2000f5b0  PowerCC32XX_contextSave          
2000e311  PowerCC32XX_enterLPDS            
2000de73  PowerCC32XX_initPolicy           
2000ef74  PowerCC32XX_module               
2000df65  PowerCC32XX_parkPin              
2000e7a1  PowerCC32XX_restoreParkedPin     
2000de21  PowerCC32XX_resumeLPDS           
2000dbf1  PowerCC32XX_setParkState         
2000c46d  PowerCC32XX_sleepPolicy          
2000eb0d  Power_disablePolicy              
2000ebbd  Power_enablePolicy               
2000ec09  Power_getConstraintMask          
2000eb21  Power_getDependencyCount         
2000ea1d  Power_getTransitionLatency       
2000ea35  Power_idleFunc                   
2000d7d5  Power_init                       
2000e84d  Power_registerNotify             
2000e1fd  Power_releaseConstraint          
2000ddc9  Power_releaseDependency          
2000e4dd  Power_setConstraint              
2000d8dd  Power_setDependency              
2000c9e9  Power_sleep                      
2000e955  Power_unregisterNotify           
2000ebcd  SemaphoreP_Params_init           
2000dec5  SemaphoreP_construct             
2000ea91  SemaphoreP_create                
2000e9e5  SemaphoreP_createBinary          
2000f26c  SemaphoreP_defaultParams         
2000ec59  SemaphoreP_delete                
2000e7fb  SemaphoreP_destruct              
2000d225  SemaphoreP_pend                  
2000e355  SemaphoreP_post                  
2000e991  SwiP_disable                     
2000e399  SwiP_restore                     
2000df15  TimerCC32XX_allocateTimerResource
2000e709  TimerCC32XX_freeTimerResource    
2000ec4b  UtilsDelay                       
20004000  __STACK_END                      
00001000  __STACK_SIZE                     
00008000  __SYSMEM_SIZE                    
2000f948  __TI_CINIT_Base                  
2000f958  __TI_CINIT_Limit                 
2000f934  __TI_Handler_Table_Base          
2000f940  __TI_Handler_Table_Limit         
2000e3dd  __TI_auto_init_nobinit_nopinit   
2000db25  __TI_decompress_lzss             
2000ebf9  __TI_decompress_none             
ffffffff  __TI_pprof_out_hndl              
ffffffff  __TI_prof_data_size              
ffffffff  __TI_prof_data_start             
2000f870  __TI_static_base__               
2000e9ad  __TI_zero_init_nomemset          
2000ec67  __aeabi_idiv0                    
2000ec67  __aeabi_ldiv0                    
2000ea4d  __aeabi_lmul                     
2000d2c5  __aeabi_memcpy                   
2000d2c5  __aeabi_memcpy4                  
2000d2c5  __aeabi_memcpy8                  
2000d3f9  __aeabi_uldivmod                 
ffffffff  __binit__                        
ffffffff  __c_args__                       
UNDEFED   __mpu_init                       
20003000  __stack                          
20004000  __start___llvm_prf_cnts          
20004000  __stop___llvm_prf_cnts           
2000e90d  _c_int00_noargs                  
2000f25c  _lock                            
2000e9ff  _nop                             
20004040  _sys_memory                      
UNDEFED   _system_post_cinit               
2000ec5d  _system_pre_init                 
2000f260  _unlock                          
2000ec61  abort                            
2000cb21  aligned_alloc                    
ffffffff  binit                            
2000eacf  clkFxn                           
2000cd11  free                             
2000f6dc  gpioCallbackFunctions            
2000f1d8  gpioPinConfigs                   
2000f760  gpioUserArgs                     
2000e5fd  initVectors                      
2000eb47  main                             
2000d95d  mainThread                       
2000ec3d  malloc                           
2000cb21  memalign                         
2000d2c5  memcpy                           
2000f0e0  parkInfo                         
2000f594  pwmTimerCC32XXHWAttrs            
2000f7e4  pwmTimerCC32XXObjects            
2000ea01  resetISR                         
2000ea14  resetVectorAddr                  
20004000  resetVectors                     
2000e7fd  sleep                            


GLOBAL SYMBOLS: SORTED BY Symbol Address 

address   name                             
-------   ----                             
00001000  __STACK_SIZE                     
00008000  __SYSMEM_SIZE                    
20003000  __stack                          
20004000  __STACK_END                      
20004000  __start___llvm_prf_cnts          
20004000  __stop___llvm_prf_cnts           
20004000  resetVectors                     
20004040  _sys_memory                      
2000c041  PRCMCC3200MCUInit                
2000c46d  PowerCC32XX_sleepPolicy          
2000c60d  GPIO_setConfig                   
2000c8a9  PWMTimerCC32XX_setDutyAndPeriod  
2000c9e9  Power_sleep                      
2000cb21  aligned_alloc                    
2000cb21  memalign                         
2000cc21  PWMTimerCC32XX_open              
2000cd11  free                             
2000cdf5  PWMTimerCC32XX_stop              
2000cf79  PWMTimerCC32XX_setDuty           
2000d031  IntEnable                        
2000d0d9  PowerCC32XX_configureWakeup      
2000d225  SemaphoreP_pend                  
2000d2c5  __aeabi_memcpy                   
2000d2c5  __aeabi_memcpy4                  
2000d2c5  __aeabi_memcpy8                  
2000d2c5  memcpy                           
2000d361  PWMTimerCC32XX_setPeriod         
2000d3f9  __aeabi_uldivmod                 
2000d48f  Board_initHook                   
2000d491  GPIO_init                        
2000d5b1  HwiP_construct                   
2000d63d  IntPendSet                       
2000d6c5  PWMTimerCC32XX_close             
2000d74d  PinConfigSet                     
2000d7d5  Power_init                       
2000d8dd  Power_setDependency              
2000d95d  mainThread                       
2000d9d7  PWMTimerCC32XX_init              
2000dabd  PWMTimerCC32XX_start             
2000db25  __TI_decompress_lzss             
2000db8d  GPIO_setInterruptConfig          
2000dbf1  PowerCC32XX_setParkState         
2000dc55  GPIO_hwiIntFxn                   
2000dcb5  PRCMSysResetCauseGet             
2000dd71  PRCMPeripheralReset              
2000ddc9  Power_releaseDependency          
2000de21  PowerCC32XX_resumeLPDS           
2000de73  PowerCC32XX_initPolicy           
2000de75  ClockP_sysTickHandler            
2000dec5  SemaphoreP_construct             
2000df15  TimerCC32XX_allocateTimerResource
2000df65  PowerCC32XX_parkPin              
2000e095  FlashDisable                     
2000e0dd  GPIO_disableInt                  
2000e125  GPIO_enableInt                   
2000e16d  PRCMLPDSEnter                    
2000e1b5  PRCMPeripheralClkEnable          
2000e1fd  Power_releaseConstraint          
2000e245  ClockP_stop                      
2000e289  PRCMLPDSRestoreInfoSet           
2000e2cd  PWM_init                         
2000e311  PowerCC32XX_enterLPDS            
2000e355  SemaphoreP_post                  
2000e399  SwiP_restore                     
2000e3dd  __TI_auto_init_nobinit_nopinit   
2000e421  PWM_open                         
2000e461  PinModeSet                       
2000e4a1  ClockP_destruct                  
2000e4dd  Power_setConstraint              
2000e58d  PRCMLPDSEnterKeepDebugIf         
2000e5fd  initVectors                      
2000e66d  ClockP_getTicksUntilInterrupt    
2000e6a1  ClockP_startup                   
2000e6d5  PinModeGet                       
2000e709  TimerCC32XX_freeTimerResource    
2000e771  ClockP_start                     
2000e7a1  PowerCC32XX_restoreParkedPin     
2000e7d1  HwiP_create                      
2000e7fb  SemaphoreP_destruct              
2000e7fd  ClockP_sleep                     
2000e7fd  sleep                            
2000e825  PRCMPeripheralClkDisable         
2000e84d  Power_registerNotify             
2000e89d  List_put                         
2000e8c3  List_remove                      
2000e8e9  HwiP_dispatch                    
2000e90d  _c_int00_noargs                  
2000e955  Power_unregisterNotify           
2000e975  PinToPadGet                      
2000e991  SwiP_disable                     
2000e9ad  __TI_zero_init_nomemset          
2000e9e5  SemaphoreP_createBinary          
2000e9ff  _nop                             
2000ea01  resetISR                         
2000ea14  resetVectorAddr                  
2000ea1d  Power_getTransitionLatency       
2000ea35  Power_idleFunc                   
2000ea4d  __aeabi_lmul                     
2000ea65  PRCMHIBRegRead                   
2000ea7b  PRCMHIBRegWrite                  
2000ea91  SemaphoreP_create                
2000eaa7  Board_init                       
2000eabb  CPUcpsid                         
2000eacf  clkFxn                           
2000ead1  HwiP_inISR                       
2000eae5  IntVTableBaseSet                 
2000eaf9  PWM_Params_init                  
2000eb0d  Power_disablePolicy              
2000eb21  Power_getDependencyCount         
2000eb35  HwiP_Params_init                 
2000eb47  main                             
2000eb6b  ClockP_add                       
2000eb7d  ClockP_getCpuFreq                
2000eb8d  ClockP_getSystemTicks            
2000eb9d  ClockP_setTicks                  
2000ebad  HwiP_restore                     
2000ebbd  Power_enablePolicy               
2000ebcd  SemaphoreP_Params_init           
2000ebdd  HwiP_disable                     
2000ebeb  HwiP_enable                      
2000ebeb  NoRTOS_start                     
2000ebf9  __TI_decompress_none             
2000ec09  Power_getConstraintMask          
2000ec15  ClockP_isActive                  
2000ec1f  IntMasterDisable                 
2000ec29  PWM_setDuty                      
2000ec33  PWM_start                        
2000ec3d  malloc                           
2000ec45  PWMTimerCC32XX_control           
2000ec4b  UtilsDelay                       
2000ec51  ClockP_doTick                    
2000ec55  HwiP_post                        
2000ec59  SemaphoreP_delete                
2000ec5d  _system_pre_init                 
2000ec61  C$$EXIT                          
2000ec61  abort                            
2000ec67  __aeabi_idiv0                    
2000ec67  __aeabi_ldiv0                    
2000ef74  PowerCC32XX_module               
2000f0e0  parkInfo                         
2000f1d8  gpioPinConfigs                   
2000f25c  _lock                            
2000f260  _unlock                          
2000f26c  SemaphoreP_defaultParams         
2000f274  HwiP_key                         
2000f278  HwiP_swiPIntNum                  
2000f27c  ClockP_tickPeriod                
2000f430  PowerCC32XX_config               
2000f49c  PWMTimerCC32XX_fxnTable          
2000f504  PWM_config                       
2000f51c  PWM_defaultParams                
2000f564  GPIO_config                      
2000f594  pwmTimerCC32XXHWAttrs            
2000f5a4  GPIO_pinLowerBound               
2000f5a5  GPIO_pinUpperBound               
2000f5a6  CONFIG_PWM_0_CONST               
2000f5a7  CONFIG_PWM_1_CONST               
2000f5a8  PWM_count                        
2000f5b0  PowerCC32XX_contextSave          
2000f6dc  gpioCallbackFunctions            
2000f760  gpioUserArgs                     
2000f7e4  pwmTimerCC32XXObjects            
2000f840  ClockP_ctrl                      
2000f870  __TI_static_base__               
2000f934  __TI_Handler_Table_Base          
2000f940  __TI_Handler_Table_Limit         
2000f948  __TI_CINIT_Base                  
2000f958  __TI_CINIT_Limit                 
ffffffff  __TI_pprof_out_hndl              
ffffffff  __TI_prof_data_size              
ffffffff  __TI_prof_data_start             
ffffffff  __binit__                        
ffffffff  __c_args__                       
ffffffff  binit                            
UNDEFED   ITM_flush                        
UNDEFED   ITM_restore                      
UNDEFED   __mpu_init                       
UNDEFED   _system_post_cinit               

[178 symbols]
