******************************************************************************
                  TI ARM Linker PC v20.2.7                     
******************************************************************************
>> Linked Sun Apr 16 23:06:05 2023

OUTPUT FILE NAME:   <gpiointerrupt_CC3220S_LAUNCHXL_nortos_ccs.out>
ENTRY POINT SYMBOL: "resetISR"  address: 20011df9


MEMORY CONFIGURATION

         name            origin    length      used     unused   attr    fill
----------------------  --------  ---------  --------  --------  ----  --------
  SRAM2                 20000000   00004000  0000130c  00002cf4  RW X
  SRAM                  20004000   0003c000  0000f444  0002cbbc  RW X
  LOG_DATA              90000000   00040000  00000000  00040000  R   


SEGMENT ALLOCATION MAP

run origin  load origin   length   init length attrs members
----------  ----------- ---------- ----------- ----- -------
20003000    20003000    00001000   00000000    rw-
  20003000    20003000    00001000   00000000    rw- .stack
20004000    20004000    00000040   00000040    r--
  20004000    20004000    00000040   00000040    r-- .resetVecs
20004040    20004040    00008000   00000000    rw-
  20004040    20004040    00008000   00000000    rw- .sysmem
2000c040    2000c040    00006302   00006302    r-x
  2000c040    2000c040    00006302   00006302    r-x .text
20012344    20012344    00000626   00000000    rw-
  20012344    20012344    00000626   00000000    rw- .data
20012970    20012970    0000050c   00000000    rw-
  20012970    20012970    0000050c   00000000    rw- .bss
20012e7c    20012e7c    000004e0   000004e0    r--
  20012e7c    20012e7c    000004e0   000004e0    r-- .const
20013360    20013360    000000f0   000000f0    r--
  20013360    20013360    000000f0   000000f0    r-- .cinit


SECTION ALLOCATION MAP

 output                                  attributes/
section   page    origin      length       input sections
--------  ----  ----------  ----------   ----------------
.text      0    2000c040    00006302     
                  2000c040    00000a4e     rtsv7M4_T_le_eabi.lib : _printfi.c.obj (.text:__TI_printfi)
                  2000ca8e    00000002     ti_drivers_config.obj (.text:Board_initHook)
                  2000ca90    0000042c     driverlib.a : prcm.obj (.text:PRCMCC3200MCUInit)
                  2000cebc    00000288     drivers_cc32xx.a : UARTCC32XX.oem4 (.text:UARTCC32XX_open)
                  2000d144    00000268     rtsv7M4_T_le_eabi.lib : _printfi.c.obj (.text:_pconv_a)
                  2000d3ac    000001d0     gpiointerrupt.obj (.text:initI2C)
                  2000d57c    000001cc     rtsv7M4_T_le_eabi.lib : _printfi.c.obj (.text:_pconv_g)
                  2000d748    000001b6                           : fd_add_t2.asm.obj (.text)
                  2000d8fe    00000002     drivers_cc32xx.a : I2C.oem4 (.text:I2C_init)
                  2000d900    000001a0     nortos_cc32xx.a : PowerCC32XX_nortos.oem4 (.text:PowerCC32XX_sleepPolicy)
                  2000daa0    00000154     drivers_cc32xx.a : GPIOCC32XX.oem4 (.text:GPIO_setConfig)
                  2000dbf4    00000148                      : I2CCC32XX.oem4 (.text:I2CCC32XX_hwiFxn)
                  2000dd3c    00000148                      : PowerCC32XX.oem4 (.text:parkPins)
                  2000de84    0000013c     rtsv7M4_T_le_eabi.lib : _printfi.c.obj (.text:_pconv_e)
                  2000dfc0    00000138     drivers_cc32xx.a : PowerCC32XX.oem4 (.text:Power_sleep)
                  2000e0f8    00000138                      : TimerCC32XX.oem4 (.text:Timer_open)
                  2000e230    00000136     rtsv7M4_T_le_eabi.lib : fd_div_t2.asm.obj (.text)
                  2000e366    00000122     drivers_cc32xx.a : I2C.oem4 (.text:I2C_transferTimeout)
                  2000e488    00000120                      : UARTCC32XX.oem4 (.text:UARTCC32XX_close)
                  2000e5a8    00000120     rtsv7M4_T_le_eabi.lib : _printfi.c.obj (.text:fcvt)
                  2000e6c8    00000118     gpiointerrupt.obj (.text:mainThread)
                  2000e7e0    00000100     rtsv7M4_T_le_eabi.lib : memory.c.obj (.text:aligned_alloc)
                  2000e8e0    000000fc     drivers_cc32xx.a : I2CCC32XX.oem4 (.text:I2C_open)
                  2000e9dc    000000fc     rtsv7M4_T_le_eabi.lib : fd_mul_t2.asm.obj (.text)
                  2000ead8    000000f2     drivers_cc32xx.a : UARTCC32XX.oem4 (.text:UARTCC32XX_control)
                  2000ebca    00000002     nortos_cc32xx.a : PowerCC32XX_nortos.oem4 (.text:PowerCC32XX_initPolicy)
                  2000ebcc    000000ec     gpiointerrupt.obj (.text:readTemp)
                  2000ecb8    000000e4     rtsv7M4_T_le_eabi.lib : memory.c.obj (.text:free)
                  2000ed9c    000000d0                           : s_scalbn.c.obj (.text:scalbn)
                  2000ee6c    000000ca     drivers_cc32xx.a : UARTCC32XX.oem4 (.text:UARTCC32XX_write)
                  2000ef36    00000002     nortos_cc32xx.a : SemaphoreP_nortos.oem4 (.text:SemaphoreP_destruct)
                  2000ef38    000000c0     drivers_cc32xx.a : PowerCC32XX.oem4 (.text:restoreParkedPins)
                  2000eff8    000000ba                      : UARTCC32XX.oem4 (.text:UARTCC32XX_readPolling)
                  2000f0b2    00000002                      : Timer.oem4 (.text:Timer_init)
                  2000f0b4    000000b8                      : UARTCC32XX.oem4 (.text:initHw)
                  2000f16c    000000b6                      : UARTCC32XX.oem4 (.text:readTaskCallback)
                  2000f222    000000b2                      : I2CCC32XX.oem4 (.text:I2CCC32XX_completeTransfer)
                  2000f2d4    000000b1     rtsv7M4_T_le_eabi.lib : _printfi.c.obj (.text:_ltostr)
                  2000f385    00000001     --HOLE-- [fill = 0]
                  2000f386    000000b0     drivers_cc32xx.a : UARTCC32XX.oem4 (.text:readTaskBlocking)
                  2000f436    000000ae                      : UARTCC32XX.oem4 (.text:readIsrTextBlocking)
                  2000f4e4    000000a8                      : I2CCC32XX.oem4 (.text:I2CCC32XX_primeWriteBurst)
                  2000f58c    000000a8     driverlib.a : interrupt.obj (.text:IntEnable)
                  2000f634    000000a8     drivers_cc32xx.a : PowerCC32XX.oem4 (.text:PowerCC32XX_configureWakeup)
                  2000f6dc    000000a2                      : UARTCC32XX.oem4 (.text:readIsrTextCallback)
                  2000f77e    000000a2                      : UARTCC32XX.oem4 (.text:writeData)
                  2000f820    000000a0     nortos_cc32xx.a : SemaphoreP_nortos.oem4 (.text:SemaphoreP_pend)
                  2000f8c0    0000009c     drivers_cc32xx.a : I2CCC32XX.oem4 (.text:I2CCC32XX_initHw)
                  2000f95c    0000009c     rtsv7M4_T_le_eabi.lib : memcpy_t2.asm.obj (.text)
                  2000f9f8    00000096                           : ull_div_t2.asm.obj (.text)
                  2000fa8e    00000002     drivers_cc32xx.a : UARTCC32XX.oem4 (.text:UARTCC32XX_init)
                  2000fa90    00000090                      : GPIOCC32XX.oem4 (.text:GPIO_init)
                  2000fb20    00000090                      : PowerCC32XX.oem4 (.text:restoreNVICRegs)
                  2000fbb0    0000008c     nortos_cc32xx.a : HwiPCC32XX_nortos.oem4 (.text:HwiP_construct)
                  2000fc3c    00000088     driverlib.a : interrupt.obj (.text:IntPendSet)
                  2000fcc4    00000088                 : pin.obj (.text:PinConfigSet)
                  2000fd4c    00000086     rtsv7M4_T_le_eabi.lib : fd_cmp_t2.asm.obj (.text:__aeabi_cdcmple)
                  2000fdd2    00000086                           : fd_cmp_t2.asm.obj (.text:__aeabi_cdrcmple)
                  2000fe58    00000084     drivers_cc32xx.a : PowerCC32XX.oem4 (.text:Power_init)
                  2000fedc    00000084                      : PowerCC32XX.oem4 (.text:saveNVICRegs)
                  2000ff60    00000080                      : GPIOCC32XX.oem4 (.text:GPIO_write)
                  2000ffe0    00000080                      : PowerCC32XX.oem4 (.text:Power_setDependency)
                  20010060    0000007c                      : UARTCC32XX.oem4 (.text:readIsrBinaryBlocking)
                  200100dc    0000007a                      : I2CCC32XX.oem4 (.text:I2CCC32XX_primeReadBurst)
                  20010156    0000007a     rtsv7M4_T_le_eabi.lib : fs_mul_t2.asm.obj (.text)
                  200101d0    0000007a                           : memset_t2.asm.obj (.text)
                  2001024a    00000078     drivers_cc32xx.a : UARTCC32XX.oem4 (.text:readIsrBinaryCallback)
                  200102c2    00000074                      : UARTCC32XX.oem4 (.text:UARTCC32XX_hwiIntFxn)
                  20010336    00000002     rtsv7M4_T_le_eabi.lib : _lock.c.obj (.text:_nop)
                  20010338    00000074     drivers_cc32xx.a : GPIOCC32XX.oem4 (.text:powerNotifyFxn)
                  200103ac    00000070     rtsv7M4_T_le_eabi.lib : memory.c.obj (.text:split)
                  2001041c    0000006e                           : _printfi.c.obj (.text:_mcpy)
                  2001048a    0000006a     drivers_cc32xx.a : I2CCC32XX.oem4 (.text:I2CSupport_primeTransfer)
                  200104f4    00000068     rtsv7M4_T_le_eabi.lib : copy_decompress_lzss.c.obj (.text:decompress:lzss:__TI_decompress_lzss)
                  2001055c    00000066     drivers_cc32xx.a : UARTCC32XX.oem4 (.text:UARTCC32XX_writeCancel)
                  200105c2    00000002     nortos_cc32xx.a : startup_cc32xx_ccs.oem4 (.text:busFaultHandler)
                  200105c4    00000064     drivers_cc32xx.a : GPIOCC32XX.oem4 (.text:GPIO_setInterruptConfig)
                  20010628    00000064                      : PowerCC32XX.oem4 (.text:PowerCC32XX_setParkState)
                  2001068c    00000062                      : UARTCC32XX.oem4 (.text:UARTCC32XX_writePolling)
                  200106ee    00000002     nortos_cc32xx.a : SemaphoreP_nortos.oem4 (.text:clkFxn)
                  200106f0    00000060     drivers_cc32xx.a : GPIOCC32XX.oem4 (.text:GPIO_hwiIntFxn)
                  20010750    00000060     driverlib.a : prcm.obj (.text:PRCMSysResetCauseGet)
                  200107b0    0000005c     rtsv7M4_T_le_eabi.lib : s_frexp.c.obj (.text:frexp)
                  2001080c    0000005c     nortos_cc32xx.a : ClockPSysTick_nortos.oem4 (.text:sysTickInit)
                  20010868    00000058     driverlib.a : prcm.obj (.text:PRCMPeripheralReset)
                  200108c0    00000058     drivers_cc32xx.a : PowerCC32XX.oem4 (.text:Power_releaseDependency)
                  20010918    00000056     rtsv7M4_T_le_eabi.lib : _printfi.c.obj (.text:_pconv_f)
                  2001096e    00000054                           : _ltoa.c.obj (.text:__TI_ltoa)
                  200109c2    00000054     drivers_cc32xx.a : UARTCC32XX.oem4 (.text:ringBufGet)
                  20010a16    00000052                      : PowerCC32XX_asm.oem4 (.text:PowerCC32XX_resumeLPDS)
                  20010a68    00000052     rtsv7M4_T_le_eabi.lib : _printfi.c.obj (.text:_ecpy)
                  20010aba    00000052     drivers_cc32xx.a : TimerCC32XX.oem4 (.text:initHw)
                  20010b0c    00000050     nortos_cc32xx.a : ClockPSysTick_nortos.oem4 (.text:ClockP_sysTickHandler)
                  20010b5c    00000050                     : SemaphoreP_nortos.oem4 (.text:SemaphoreP_construct)
                  20010bac    00000050     drivers_cc32xx.a : TimerCC32XX.oem4 (.text:TimerCC32XX_allocateTimerResource)
                  20010bfc    0000004c                      : I2CCC32XX.oem4 (.text:I2CCC32XX_readRecieveFifo)
                  20010c48    0000004c                      : PowerCC32XX.oem4 (.text:PowerCC32XX_parkPin)
                  20010c94    0000004c     rtsv7M4_T_le_eabi.lib : atoi.c.obj (.text:atoi)
                  20010ce0    0000004c     drivers_cc32xx.a : PowerCC32XX.oem4 (.text:restorePeriphClocks)
                  20010d2c    0000004c     rtsv7M4_T_le_eabi.lib : snprintf.c.obj (.text:snprintf)
                  20010d78    00000048     driverlib.a : flash.obj (.text:FlashDisable)
                  20010dc0    00000048     drivers_cc32xx.a : GPIOCC32XX.oem4 (.text:GPIO_disableInt)
                  20010e08    00000048                      : GPIOCC32XX.oem4 (.text:GPIO_enableInt)
                  20010e50    00000048     driverlib.a : prcm.obj (.text:PRCMLPDSEnter)
                  20010e98    00000048                 : prcm.obj (.text:PRCMPeripheralClkEnable)
                  20010ee0    00000048     drivers_cc32xx.a : PowerCC32XX.oem4 (.text:Power_releaseConstraint)
                  20010f28    00000048     gpiointerrupt.obj (.text:initTimer)
                  20010f70    00000048     rtsv7M4_T_le_eabi.lib : fd_toi_t2.asm.obj (.text)
                  20010fb8    00000046     drivers_cc32xx.a : RingBuf.oem4 (.text:RingBuf_put)
                  20010ffe    00000046                      : TimerCC32XX.oem4 (.text:getPrescaler)
                  20011044    00000044     nortos_cc32xx.a : ClockPSysTick_nortos.oem4 (.text:ClockP_stop)
                  20011088    00000044     driverlib.a : prcm.obj (.text:PRCMLPDSRestoreInfoSet)
                  200110cc    00000044     drivers_cc32xx.a : PowerCC32XX_asm.oem4 (.text:PowerCC32XX_enterLPDS)
                  20011110    00000044     nortos_cc32xx.a : SemaphoreP_nortos.oem4 (.text:SemaphoreP_post)
                  20011154    00000044                     : SwiP_nortos.oem4 (.text:SwiP_restore)
                  20011198    00000044     drivers_cc32xx.a : Timer.oem4 (.text:Timer_start)
                  200111dc    00000044                      : UART.oem4 (.text:UART_init)
                  20011220    00000044     rtsv7M4_T_le_eabi.lib : autoinit.c.obj (.text:__TI_auto_init_nobinit_nopinit:__TI_auto_init_nobinit_nopinit)
                  20011264    00000040     nortos_cc32xx.a : ClockPSysTick_nortos.oem4 (.text:ClockP_construct)
                  200112a4    00000040     driverlib.a : pin.obj (.text:PinModeSet)
                  200112e4    00000040     drivers_cc32xx.a : RingBuf.oem4 (.text:RingBuf_get)
                  20011324    00000040                      : TimerCC32XX.oem4 (.text:TimerSupport_timerEnable)
                  20011364    00000040                      : TimerCC32XX.oem4 (.text:Timer_close)
                  200113a4    00000040                      : UARTCC32XX.oem4 (.text:UARTCC32XX_read)
                  200113e4    00000040                      : UART.oem4 (.text:UART_open)
                  20011424    0000003e     rtsv7M4_T_le_eabi.lib : _printfi.c.obj (.text:_fcpy)
                  20011462    00000002     nortos_cc32xx.a : startup_cc32xx_ccs.oem4 (.text:defaultHandler)
                  20011464    0000003c                     : ClockPSysTick_nortos.oem4 (.text:ClockP_destruct)
                  200114a0    0000003c     drivers_cc32xx.a : PowerCC32XX.oem4 (.text:Power_setConstraint)
                  200114dc    0000003c     gpiointerrupt.obj (.text:initUART)
                  20011518    0000003a     nortos_cc32xx.a : PowerCC32XX_nortos.oem4 (.text:getCountsRTC)
                  20011552    00000002                     : startup_cc32xx_ccs.oem4 (.text:faultISR)
                  20011554    00000038     driverlib.a : prcm.obj (.text:PRCMLPDSEnterKeepDebugIf)
                  2001158c    00000038     nortos_cc32xx.a : ClockPSysTick_nortos.oem4 (.text:addToList)
                  200115c4    00000038                     : startup_cc32xx_ccs.oem4 (.text:initVectors)
                  200115fc    00000038     drivers_cc32xx.a : PowerCC32XX.oem4 (.text:notify)
                  20011634    00000038     rtsv7M4_T_le_eabi.lib : fs_toi_t2.asm.obj (.text)
                  2001166c    00000038                           : i_tofs_t2.asm.obj (.text)
                  200116a4    00000036     driverlib.a : timer.obj (.text:TimerControlStall)
                  200116da    00000036     drivers_cc32xx.a : Timer.oem4 (.text:Timer_stop)
                  20011710    00000036                      : UARTCC32XX.oem4 (.text:UARTCC32XX_readCancel)
                  20011746    00000002     nortos_cc32xx.a : startup_cc32xx_ccs.oem4 (.text:nmiISR)
                  20011748    00000034                     : ClockPSysTick_nortos.oem4 (.text:ClockP_getTicksUntilInterrupt)
                  2001177c    00000034                     : ClockPSysTick_nortos.oem4 (.text:ClockP_startup)
                  200117b0    00000034     driverlib.a : pin.obj (.text:PinModeGet)
                  200117e4    00000034     drivers_cc32xx.a : PowerCC32XX.oem4 (.text:PowerCC32XX_restoreParkState)
                  20011818    00000034                      : TimerCC32XX.oem4 (.text:TimerCC32XX_freeTimerResource)
                  2001184c    00000034                      : TimerCC32XX.oem4 (.text:TimerCC32XX_hwiIntFunction)
                  20011880    00000034     gpiointerrupt.obj (.text:checkButtonFlags)
                  200118b4    00000034     drivers_cc32xx.a : TimerCC32XX.oem4 (.text:getPowerMgrId)
                  200118e8    00000030     nortos_cc32xx.a : ClockPSysTick_nortos.oem4 (.text:ClockP_start)
                  20011918    00000030     drivers_cc32xx.a : PowerCC32XX.oem4 (.text:PowerCC32XX_restoreParkedPin)
                  20011948    00000030     rtsv7M4_T_le_eabi.lib : snprintf.c.obj (.text:_outs)
                  20011978    0000002e                           : i_tofd_t2.asm.obj (.text)
                  200119a6    00000002                           : div0.asm.obj (.text)
                  200119a8    0000002c     drivers_cc32xx.a : PowerCC32XX.oem4 (.text:PowerCC32XX_getParkState)
                  200119d4    0000002a     nortos_cc32xx.a : HwiPCC32XX_nortos.oem4 (.text:HwiP_create)
                  200119fe    0000002a     driverlib.a : timer.obj (.text:TimerLoadSet)
                  20011a28    0000002a                 : timer.obj (.text:TimerPrescaleSet)
                  20011a52    00000028                 : i2c.obj (.text:I2CFIFODataPutNonBlocking)
                  20011a7a    00000002     --HOLE-- [fill = 0]
                  20011a7c    00000028                 : prcm.obj (.text:PRCMPeripheralClkDisable)
                  20011aa4    00000028     drivers_cc32xx.a : PowerCC32XX.oem4 (.text:Power_registerNotify)
                  20011acc    00000028     rtsv7M4_T_le_eabi.lib : memory.c.obj (.text:free_list_insert)
                  20011af4    00000026     driverlib.a : i2c.obj (.text:I2CFIFODataGetNonBlocking)
                  20011b1a    00000026     drivers_cc32xx.a : I2C.oem4 (.text:I2C_cancel)
                  20011b40    00000026                      : List.oem4 (.text:List_put)
                  20011b66    00000026                      : List.oem4 (.text:List_remove)
                  20011b8c    00000024     nortos_cc32xx.a : HwiPCC32XX_nortos.oem4 (.text:HwiP_dispatch)
                  20011bb0    00000024     drivers_cc32xx.a : PowerCC32XX.oem4 (.text:PowerCC32XX_reset)
                  20011bd4    00000024                      : TimerCC32XX.oem4 (.text:TimerSupport_timerDisable)
                  20011bf8    00000024     rtsv7M4_T_le_eabi.lib : boot_cortex_m.c.obj (.text:_c_int00_noargs:_c_int00_noargs)
                  20011c1c    00000022     driverlib.a : i2c.obj (.text:I2CMasterSlaveAddrSet)
                  20011c3e    00000020     nortos_cc32xx.a : HwiPCC32XX_nortos.oem4 (.text:HwiP_destruct)
                  20011c5e    00000002     --HOLE-- [fill = 0]
                  20011c60    00000020     drivers_cc32xx.a : PowerCC32XX.oem4 (.text:Power_unregisterNotify)
                  20011c80    00000020                      : RingBuf.oem4 (.text:RingBuf_peek)
                  20011ca0    00000020                      : UARTCC32XX.oem4 (.text:getPowerMgrId)
                  20011cc0    0000001e     driverlib.a : i2c.obj (.text:I2CMasterIntStatusEx)
                  20011cde    0000001e     nortos_cc32xx.a : SemaphoreP_nortos.oem4 (.text:SemaphoreP_constructBinary)
                  20011cfc    0000001e     driverlib.a : timer.obj (.text:TimerDisable)
                  20011d1a    0000001e                 : timer.obj (.text:TimerEnable)
                  20011d38    0000001c     drivers_cc32xx.a : GPIO.oem4 (.text:GPIO_setCallback)
                  20011d54    0000001c     driverlib.a : pin.obj (.text:PinToPadGet)
                  20011d70    0000001c     nortos_cc32xx.a : SwiP_nortos.oem4 (.text:SwiP_disable)
                  20011d8c    0000001c     rtsv7M4_T_le_eabi.lib : memory.c.obj (.text:free_list_remove)
                  20011da8    0000001c                           : memccpy.c.obj (.text:memccpy)
                  20011dc4    0000001a     nortos_cc32xx.a : ClockPSysTick_nortos.oem4 (.text:ClockP_create)
                  20011dde    0000001a                     : SemaphoreP_nortos.oem4 (.text:SemaphoreP_createBinary)
                  20011df8    0000001a                     : startup_cc32xx_ccs.oem4 (.text:resetISR)
                  20011e12    00000018     driverlib.a : i2c.obj (.text:I2CMasterBusBusy)
                  20011e2a    00000018                 : i2c.obj (.text:I2CMasterIntDisableEx)
                  20011e42    00000018                 : i2c.obj (.text:I2CMasterIntEnableEx)
                  20011e5a    00000018                 : i2c.obj (.text:I2CRxFIFOFlush)
                  20011e72    00000018                 : i2c.obj (.text:I2CTxFIFOFlush)
                  20011e8a    00000002     --HOLE-- [fill = 0]
                  20011e8c    00000018     drivers_cc32xx.a : PowerCC32XX.oem4 (.text:Power_getTransitionLatency)
                  20011ea4    00000018                      : PowerCC32XX.oem4 (.text:Power_idleFunc)
                  20011ebc    00000018     driverlib.a : timer.obj (.text:TimerIntDisable)
                  20011ed4    00000018                 : timer.obj (.text:TimerIntEnable)
                  20011eec    00000018                 : uart.obj (.text:UARTBusy)
                  20011f04    00000018                 : uart.obj (.text:UARTIntEnable)
                  20011f1c    00000018     drivers_cc32xx.a : UART.oem4 (.text:UART_Params_init)
                  20011f34    00000018     rtsv7M4_T_le_eabi.lib : snprintf.c.obj (.text:_outc)
                  20011f4c    00000018                           : ll_mul_t2.asm.obj (.text)
                  20011f64    00000016     driverlib.a : i2c.obj (.text:I2CMasterBurstLengthSet)
                  20011f7a    00000016                 : prcm.obj (.text:PRCMHIBRegRead)
                  20011f90    00000016                 : prcm.obj (.text:PRCMHIBRegWrite)
                  20011fa6    00000016     nortos_cc32xx.a : SemaphoreP_nortos.oem4 (.text:SemaphoreP_create)
                  20011fbc    00000016     rtsv7M4_T_le_eabi.lib : strchr.c.obj (.text:strchr)
                  20011fd2    00000014     ti_drivers_config.obj (.text:Board_init)
                  20011fe6    00000014     driverlib.a : cpu.obj (.text:CPUcpsid)
                  20011ffa    00000002     --HOLE-- [fill = 0]
                  20011ffc    00000014     nortos_cc32xx.a : HwiPCC32XX_nortos.oem4 (.text:HwiP_inISR)
                  20012010    00000014     drivers_cc32xx.a : I2CCC32XX.oem4 (.text:I2CSupport_masterFinish)
                  20012024    00000014                      : I2C.oem4 (.text:I2C_transfer)
                  20012038    00000014     driverlib.a : interrupt.obj (.text:IntVTableBaseSet)
                  2001204c    00000014     drivers_cc32xx.a : PowerCC32XX.oem4 (.text:Power_disablePolicy)
                  20012060    00000014                      : PowerCC32XX.oem4 (.text:Power_getDependencyCount)
                  20012074    00000014                      : UARTCC32XX.oem4 (.text:releasePowerConstraint)
                  20012088    00000014     gpiointerrupt.obj (.text:setHeat)
                  2001209c    00000014     rtsv7M4_T_le_eabi.lib : strlen.c.obj (.text:strlen)
                  200120b0    00000012     nortos_cc32xx.a : HwiPCC32XX_nortos.oem4 (.text:HwiP_Params_init)
                  200120c2    00000012     driverlib.a : i2c.obj (.text:I2CMasterIntClearEx)
                  200120d4    00000012     drivers_cc32xx.a : RingBuf.oem4 (.text:RingBuf_construct)
                  200120e6    00000012     driverlib.a : timer.obj (.text:TimerIntClear)
                  200120f8    00000012     main_nortos.obj (.text:main)
                  2001210a    00000012     rtsv7M4_T_le_eabi.lib : wcslen.c.obj (.text:wcslen)
                  2001211c    00000010     nortos_cc32xx.a : ClockPSysTick_nortos.oem4 (.text:ClockP_add)
                  2001212c    00000010                     : ClockPSysTick_nortos.oem4 (.text:ClockP_delete)
                  2001213c    00000010                     : ClockPSysTick_nortos.oem4 (.text:ClockP_getCpuFreq)
                  2001214c    00000010                     : ClockPSysTick_nortos.oem4 (.text:ClockP_getSystemTicks)
                  2001215c    00000010                     : ClockPSysTick_nortos.oem4 (.text:ClockP_setTicks)
                  2001216c    00000010                     : HwiPCC32XX_nortos.oem4 (.text:HwiP_delete)
                  2001217c    00000010                     : HwiPCC32XX_nortos.oem4 (.text:HwiP_restore)
                  2001218c    00000010     driverlib.a : i2c.obj (.text:I2CFIFOStatus)
                  2001219c    00000010     drivers_cc32xx.a : I2C.oem4 (.text:I2C_Params_init)
                  200121ac    00000010                      : PowerCC32XX.oem4 (.text:Power_enablePolicy)
                  200121bc    00000010     nortos_cc32xx.a : SemaphoreP_nortos.oem4 (.text:SemaphoreP_Params_init)
                  200121cc    00000010     drivers_cc32xx.a : Timer.oem4 (.text:Timer_Params_init)
                  200121dc    00000010                      : UARTCC32XX.oem4 (.text:readBlockingTimeout)
                  200121ec    0000000e     nortos_cc32xx.a : HwiPCC32XX_nortos.oem4 (.text:HwiP_clearInterrupt)
                  200121fa    0000000e                     : HwiPCC32XX_nortos.oem4 (.text:HwiP_disable)
                  20012208    0000000e                     : HwiPCC32XX_nortos.oem4 (.text:HwiP_disableInterrupt)
                  20012216    0000000e                     : HwiPCC32XX_nortos.oem4 (.text:HwiP_enable)
                  20012224    0000000e                     : HwiPCC32XX_nortos.oem4 (.text:HwiP_enableInterrupt)
                  20012232    0000000e     drivers_cc32xx.a : I2CCC32XX.oem4 (.text:I2CCC32XX_updateReg)
                  20012240    0000000e                      : RingBuf.oem4 (.text:RingBuf_isFull)
                  2001224e    0000000e     rtsv7M4_T_le_eabi.lib : copy_decompress_none.c.obj (.text:decompress:none:__TI_decompress_none)
                  2001225c    0000000c     drivers_cc32xx.a : I2CCC32XX.oem4 (.text:I2CCC32XX_postNotify)
                  20012268    0000000c                      : PowerCC32XX.oem4 (.text:Power_getConstraintMask)
                  20012274    0000000c     rtsv7M4_T_le_eabi.lib : s_copysign.c.obj (.text:copysign)
                  20012280    0000000c                           : copy_zero_init.c.obj (.text:decompress:ZI:__TI_zero_init)
                  2001228c    0000000c     gpiointerrupt.obj (.text:gpioButtonFxn0)
                  20012298    0000000c     gpiointerrupt.obj (.text:gpioButtonFxn1)
                  200122a4    0000000c     drivers_cc32xx.a : TimerCC32XX.oem4 (.text:postNotifyFxn)
                  200122b0    0000000c                      : UARTCC32XX.oem4 (.text:postNotifyFxn)
                  200122bc    0000000c     gpiointerrupt.obj (.text:timerCallback)
                  200122c8    0000000a     nortos_cc32xx.a : ClockPSysTick_nortos.oem4 (.text:ClockP_Params_init)
                  200122d2    0000000a                     : ClockPSysTick_nortos.oem4 (.text:ClockP_isActive)
                  200122dc    0000000a     driverlib.a : interrupt.obj (.text:IntMasterDisable)
                  200122e6    0000000a     drivers_cc32xx.a : UART.oem4 (.text:UART_write)
                  200122f0    00000008                      : I2CCC32XX.oem4 (.text:I2CCC32XX_blockingCallback)
                  200122f8    00000008     rtsv7M4_T_le_eabi.lib : errno.c.obj (.text:__aeabi_errno_addr)
                  20012300    00000008                           : memory.c.obj (.text:malloc)
                  20012308    00000008     drivers_cc32xx.a : UARTCC32XX.oem4 (.text:readSemCallback)
                  20012310    00000008                      : UARTCC32XX.oem4 (.text:writeSemCallback)
                  20012318    00000006                      : I2CCC32XX.oem4 (.text:I2CSupport_powerRelConstraint)
                  2001231e    00000006                      : I2CCC32XX.oem4 (.text:I2CSupport_powerSetConstraint)
                  20012324    00000006     driverlib.a : utils.obj (.text:UtilsDelay)
                  2001232a    00000004     nortos_cc32xx.a : ClockPSysTick_nortos.oem4 (.text:ClockP_doTick)
                  2001232e    00000004                     : ClockPSysTick_nortos.oem4 (.text:ClockP_setTimeout)
                  20012332    00000004                     : HwiPCC32XX_nortos.oem4 (.text:HwiP_post)
                  20012336    00000004                     : SemaphoreP_nortos.oem4 (.text:SemaphoreP_delete)
                  2001233a    00000004     rtsv7M4_T_le_eabi.lib : pre_init.c.obj (.text:_system_pre_init)
                  2001233e    00000004                           : exit.c.obj (.text:abort:abort)

.const     0    20012e7c    000004e0     
                  20012e7c    00000101     rtsv7M4_T_le_eabi.lib : ctype.c.obj (.const:.string:_ctypes_)
                  20012f7d    00000003     --HOLE-- [fill = 0]
                  20012f80    00000100     driverlib.a : pin.obj (.const:g_ulPinToPadMap)
                  20013080    000000a8                 : prcm.obj (.const:PRCM_PeriphRegsList)
                  20013128    00000044     ti_drivers_config.obj (.const:PowerCC32XX_config)
                  2001316c    00000028     drivers_cc32xx.a : UARTCC32XX.oem4 (.const:UARTCC32XX_fxnTable)
                  20013194    00000028                      : GPIOCC32XX.oem4 (.const:portConfigs)
                  200131bc    00000024                      : UART.oem4 (.const:UART_defaultParams)
                  200131e0    00000024     ti_drivers_config.obj (.const:uartCC32XXHWAttrs0)
                  20013204    00000021     drivers_cc32xx.a : GPIOCC32XX.oem4 (.const:.string:pinTable)
                  20013225    00000003     --HOLE-- [fill = 0]
                  20013228    00000020                      : UARTCC32XX.oem4 (.const:staticFxnTable)
                  20013248    00000018     driverlib.a : interrupt.obj (.const:g_pulEnRegs)
                  20013260    00000018                 : interrupt.obj (.const:g_pulPendRegs)
                  20013278    00000018     gpiointerrupt.obj (.const:sensors)
                  20013290    00000014     ti_drivers_config.obj (.const:i2cCC32XXHWAttrs)
                  200132a4    00000014     drivers_cc32xx.a : UARTCC32XX.oem4 (.const:parityType)
                  200132b8    00000010     ti_drivers_config.obj (.const:GPIO_config)
                  200132c8    00000010     drivers_cc32xx.a : I2C.oem4 (.const:I2C_defaultParams)
                  200132d8    00000010                      : I2CCC32XX.oem4 (.const:I2C_defaultParams)
                  200132e8    00000010                      : UARTCC32XX.oem4 (.const:dataLength)
                  200132f8    00000010     ti_drivers_config.obj (.const:timerCC32XXHWAttrs)
                  20013308    0000000c     gpiointerrupt.obj (.const:.string)
                  20013314    0000000c     ti_drivers_config.obj (.const:UART_config)
                  20013320    0000000c     drivers_cc32xx.a : Timer.oem4 (.const:defaultParams)
                  2001332c    0000000c                      : TimerCC32XX.oem4 (.const:defaultParams)
                  20013338    0000000b     ti_drivers_config.obj (.const)
                  20013343    00000001     --HOLE-- [fill = 0]
                  20013344    00000008     ti_drivers_config.obj (.const:I2C_config)
                  2001334c    00000008     ti_drivers_config.obj (.const:Timer_config)
                  20013354    00000008     drivers_cc32xx.a : UARTCC32XX.oem4 (.const:stopBits)

.cinit     0    20013360    000000f0     
                  20013360    000000cb     (.cinit..data.load) [load image, compression = lzss]
                  2001342b    00000001     --HOLE-- [fill = 0]
                  2001342c    0000000c     (__TI_handler_table)
                  20013438    00000008     (.cinit..bss.load) [load image, compression = zero_init]
                  20013440    00000010     (__TI_cinit_table)

.init_array 
*          0    20004000    00000000     UNINITIALIZED

.ramVecs   0    20000000    0000030c     NOLOAD SECTION
                  20000000    0000030c     nortos_cc32xx.a : startup_cc32xx_ccs.oem4 (.ramVecs)

.stack     0    20003000    00001000     UNINITIALIZED
                  20003000    00000004     rtsv7M4_T_le_eabi.lib : boot_cortex_m.c.obj (.stack)
                  20003004    00000ffc     --HOLE--

.resetVecs 
*          0    20004000    00000040     
                  20004000    00000040     nortos_cc32xx.a : startup_cc32xx_ccs.oem4 (.resetVecs:retain)

.sysmem    0    20004040    00008000     UNINITIALIZED
                  20004040    00000010     rtsv7M4_T_le_eabi.lib : memory.c.obj (.sysmem)
                  20004050    00007ff0     --HOLE--

.data      0    20012344    00000626     UNINITIALIZED
                  20012344    0000030c     nortos_cc32xx.a : HwiPCC32XX_nortos.oem4 (.data:HwiP_dispatchTable)
                  20012650    0000016c     drivers_cc32xx.a : PowerCC32XX.oem4 (.data:PowerCC32XX_module)
                  200127bc    000000f8     ti_drivers_config.obj (.data:parkInfo)
                  200128b4    00000084     ti_drivers_config.obj (.data:gpioPinConfigs)
                  20012938    00000008     rtsv7M4_T_le_eabi.lib : _lock.c.obj (.data:$O1$$)
                  20012940    00000008                           : memory.c.obj (.data:$O1$$)
                  20012948    00000008     nortos_cc32xx.a : SemaphoreP_nortos.oem4 (.data:SemaphoreP_defaultParams)
                  20012950    00000008                     : HwiPCC32XX_nortos.oem4 (.data)
                  20012958    00000005                     : ClockPSysTick_nortos.oem4 (.data)
                  2001295d    00000003     gpiointerrupt.obj (.data)
                  20012960    00000004     rtsv7M4_T_le_eabi.lib : errno.c.obj (.data)
                  20012964    00000003     nortos_cc32xx.a : SemaphoreP_nortos.oem4 (.data)
                  20012967    00000002     drivers_cc32xx.a : GPIOCC32XX.oem4 (.data)
                  20012969    00000001                      : UART.oem4 (.data)

.bss       0    20012970    0000050c     UNINITIALIZED
                  20012970    0000012c     (.common:PowerCC32XX_contextSave)
                  20012a9c    000000fc     (.common:i2cCC32XXObjects)
                  20012b98    00000084     (.common:gpioCallbackFunctions)
                  20012c1c    00000084     (.common:gpioUserArgs)
                  20012ca0    00000084     (.common:timerCC32XXObjects)
                  20012d24    00000084     (.common:uartCC32XXObjects0)
                  20012da8    00000074     gpiointerrupt.obj (.bss:$O1$$)
                  20012e1c    00000020     ti_drivers_config.obj (.bss:uartCC32XXRingBuffer0)
                  20012e3c    00000014     drivers_cc32xx.a : GPIOCC32XX.oem4 (.bss:powerNotifyObj)
                  20012e50    00000010     (.common:ClockP_ctrl)
                  20012e60    0000000d     nortos_cc32xx.a : SwiP_nortos.oem4 (.bss)
                  20012e6d    00000003     --HOLE--
                  20012e70    00000004     drivers_cc32xx.a : GPIOCC32XX.oem4 (.bss)
                  20012e74    00000004     nortos_cc32xx.a : ClockPSysTick_nortos.oem4 (.bss)
                  20012e78    00000004     drivers_cc32xx.a : TimerCC32XX.oem4 (.bss:timerState)

.log_data 
*          0    90000000    00000000     COPY SECTION

__llvm_prf_cnts 
*          0    20004000    00000000     UNINITIALIZED

MODULE SUMMARY

       Module                       code    ro data   rw data
       ------                       ----    -------   -------
    .\
       gpiointerrupt.obj            1220    36        119    
       main_nortos.obj              18      0         0      
    +--+----------------------------+-------+---------+---------+
       Total:                       1238    36        119    
                                                             
    .\syscfg\
       ti_drivers_config.obj        22      195       1192   
    +--+----------------------------+-------+---------+---------+
       Total:                       22      195       1192   
                                                             
    C:/ti/simplelink_cc32xx_sdk_6_10_00_05/kernel/nortos/lib/ccs/m4/nortos_cc32xx.a
       HwiPCC32XX_nortos.oem4       394     0         788    
       startup_cc32xx_ccs.oem4      90      64        780    
       ClockPSysTick_nortos.oem4    706     0         25     
       PowerCC32XX_nortos.oem4      476     0         0      
       SemaphoreP_nortos.oem4       410     0         11     
       SwiP_nortos.oem4             96      0         13     
    +--+----------------------------+-------+---------+---------+
       Total:                       2172    64        1617   
                                                             
    C:/ti/simplelink_cc32xx_sdk_6_10_00_05/source/ti/devices/cc32xx/driverlib/ccs/Release/driverlib.a
       prcm.obj                     1604    168       0      
       pin.obj                      280     256       0      
       interrupt.obj                334     48        0      
       i2c.obj                      318     0         0      
       timer.obj                    264     0         0      
       flash.obj                    72      0         0      
       uart.obj                     48      0         0      
       cpu.obj                      20      0         0      
       utils.obj                    6       0         0      
    +--+----------------------------+-------+---------+---------+
       Total:                       2946    472       0      
                                                             
    C:/ti/simplelink_cc32xx_sdk_6_10_00_05/source/ti/drivers/lib/ccs/m4/drivers_cc32xx.a
       UARTCC32XX.oem4              3466    116       0      
       PowerCC32XX.oem4             2432    0         664    
       I2CCC32XX.oem4               1452    16        0      
       GPIOCC32XX.oem4              1068    73        26     
       TimerCC32XX.oem4             876     12        4      
       I2C.oem4                     366     16        0      
       UART.oem4                    166     36        1      
       RingBuf.oem4                 198     0         0      
       Timer.oem4                   140     12        0      
       PowerCC32XX_asm.oem4         150     0         0      
       List.oem4                    76      0         0      
       GPIO.oem4                    28      0         0      
    +--+----------------------------+-------+---------+---------+
       Total:                       10418   281       695    
                                                             
    C:\ti\ccs1220\ccs\tools\compiler\ti-cgt-arm_20.2.7.LTS\lib\rtsv7M4_T_le_eabi.lib
       _printfi.c.obj               4835    0         0      
       memory.c.obj                 672     0         8      
       fd_add_t2.asm.obj            438     0         0      
       fd_div_t2.asm.obj            310     0         0      
       fd_cmp_t2.asm.obj            268     0         0      
       ctype.c.obj                  0       257       0      
       fd_mul_t2.asm.obj            252     0         0      
       s_scalbn.c.obj               208     0         0      
       memcpy_t2.asm.obj            156     0         0      
       ull_div_t2.asm.obj           150     0         0      
       snprintf.c.obj               148     0         0      
       fs_mul_t2.asm.obj            122     0         0      
       memset_t2.asm.obj            122     0         0      
       copy_decompress_lzss.c.obj   104     0         0      
       s_frexp.c.obj                92      0         0      
       _ltoa.c.obj                  84      0         0      
       atoi.c.obj                   76      0         0      
       fd_toi_t2.asm.obj            72      0         0      
       autoinit.c.obj               68      0         0      
       fs_toi_t2.asm.obj            56      0         0      
       i_tofs_t2.asm.obj            56      0         0      
       i_tofd_t2.asm.obj            46      0         0      
       boot_cortex_m.c.obj          36      0         0      
       memccpy.c.obj                28      0         0      
       ll_mul_t2.asm.obj            24      0         0      
       strchr.c.obj                 22      0         0      
       strlen.c.obj                 20      0         0      
       wcslen.c.obj                 18      0         0      
       copy_decompress_none.c.obj   14      0         0      
       copy_zero_init.c.obj         12      0         0      
       errno.c.obj                  8       0         4      
       s_copysign.c.obj             12      0         0      
       _lock.c.obj                  2       0         8      
       exit.c.obj                   4       0         0      
       pre_init.c.obj               4       0         0      
       div0.asm.obj                 2       0         0      
    +--+----------------------------+-------+---------+---------+
       Total:                       8541    257       20     
                                                             
       Heap:                        0       0         32768  
       Stack:                       0       0         4096   
       Linker Generated:            0       239       0      
    +--+----------------------------+-------+---------+---------+
       Grand Total:                 25337   1544      40507  


LINKER GENERATED COPY TABLES

__TI_cinit_table @ 20013440 records: 2, size/record: 8, table size: 16
	.data: load addr=20013360, load size=000000cb bytes, run addr=20012344, run size=00000626 bytes, compression=lzss
	.bss: load addr=20013438, load size=00000008 bytes, run addr=20012970, run size=0000050c bytes, compression=zero_init


LINKER GENERATED HANDLER TABLE

__TI_handler_table @ 2001342c records: 3, size/record: 4, table size: 12
	index: 0, handler: __TI_decompress_lzss
	index: 1, handler: __TI_decompress_none
	index: 2, handler: __TI_zero_init


GLOBAL SYMBOLS: SORTED ALPHABETICALLY BY Name 

address   name                             
-------   ----                             
20011fd3  Board_init                       
2000ca8f  Board_initHook                   
2001233f  C$$EXIT                          
2001333a  CONFIG_GPIO_BUTTON_0_CONST       
2001333b  CONFIG_GPIO_BUTTON_1_CONST       
2001333c  CONFIG_GPIO_LED_0_CONST          
2001333d  CONFIG_I2C_0_CONST               
2001333f  CONFIG_TIMER_0_CONST             
20013341  CONFIG_UART_0_CONST              
20011fe7  CPUcpsid                         
200122c9  ClockP_Params_init               
2001211d  ClockP_add                       
20011265  ClockP_construct                 
20011dc5  ClockP_create                    
20012e50  ClockP_ctrl                      
2001212d  ClockP_delete                    
20011465  ClockP_destruct                  
2001232b  ClockP_doTick                    
2001213d  ClockP_getCpuFreq                
2001214d  ClockP_getSystemTicks            
20011749  ClockP_getTicksUntilInterrupt    
200122d3  ClockP_isActive                  
2001215d  ClockP_setTicks                  
2001232f  ClockP_setTimeout                
200118e9  ClockP_start                     
2001177d  ClockP_startup                   
20011045  ClockP_stop                      
20010b0d  ClockP_sysTickHandler            
20012958  ClockP_tickPeriod                
20010d79  FlashDisable                     
200132b8  GPIO_config                      
20010dc1  GPIO_disableInt                  
20010e09  GPIO_enableInt                   
200106f1  GPIO_hwiIntFxn                   
2000fa91  GPIO_init                        
20013338  GPIO_pinLowerBound               
20013339  GPIO_pinUpperBound               
20011d39  GPIO_setCallback                 
2000daa1  GPIO_setConfig                   
200105c5  GPIO_setInterruptConfig          
2000ff61  GPIO_write                       
200120b1  HwiP_Params_init                 
200121ed  HwiP_clearInterrupt              
2000fbb1  HwiP_construct                   
200119d5  HwiP_create                      
2001216d  HwiP_delete                      
20011c3f  HwiP_destruct                    
200121fb  HwiP_disable                     
20012209  HwiP_disableInterrupt            
20011b8d  HwiP_dispatch                    
20012217  HwiP_enable                      
20012225  HwiP_enableInterrupt             
20011ffd  HwiP_inISR                       
20012950  HwiP_key                         
20012333  HwiP_post                        
2001217d  HwiP_restore                     
20012954  HwiP_swiPIntNum                  
20011af5  I2CFIFODataGetNonBlocking        
20011a53  I2CFIFODataPutNonBlocking        
2001218d  I2CFIFOStatus                    
20011f65  I2CMasterBurstLengthSet          
20011e13  I2CMasterBusBusy                 
200120c3  I2CMasterIntClearEx              
20011e2b  I2CMasterIntDisableEx            
20011e43  I2CMasterIntEnableEx             
20011cc1  I2CMasterIntStatusEx             
20011c1d  I2CMasterSlaveAddrSet            
20011e5b  I2CRxFIFOFlush                   
20012011  I2CSupport_masterFinish          
20012319  I2CSupport_powerRelConstraint    
2001231f  I2CSupport_powerSetConstraint    
2001048b  I2CSupport_primeTransfer         
20011e73  I2CTxFIFOFlush                   
2001219d  I2C_Params_init                  
20011b1b  I2C_cancel                       
20013344  I2C_config                       
2001333e  I2C_count                        
200132c8  I2C_defaultParams                
2000d8ff  I2C_init                         
2000e8e1  I2C_open                         
20012025  I2C_transfer                     
2000e367  I2C_transferTimeout              
UNDEFED   ITM_flush                        
UNDEFED   ITM_restore                      
2000f58d  IntEnable                        
200122dd  IntMasterDisable                 
2000fc3d  IntPendSet                       
20012039  IntVTableBaseSet                 
20011b41  List_put                         
20011b67  List_remove                      
20012217  NoRTOS_start                     
2000ca91  PRCMCC3200MCUInit                
20011f7b  PRCMHIBRegRead                   
20011f91  PRCMHIBRegWrite                  
20010e51  PRCMLPDSEnter                    
20011555  PRCMLPDSEnterKeepDebugIf         
20011089  PRCMLPDSRestoreInfoSet           
20011a7d  PRCMPeripheralClkDisable         
20010e99  PRCMPeripheralClkEnable          
20010869  PRCMPeripheralReset              
20010751  PRCMSysResetCauseGet             
2000fcc5  PinConfigSet                     
200117b1  PinModeGet                       
200112a5  PinModeSet                       
20011d55  PinToPadGet                      
20013128  PowerCC32XX_config               
2000f635  PowerCC32XX_configureWakeup      
20012970  PowerCC32XX_contextSave          
200110cd  PowerCC32XX_enterLPDS            
200119a9  PowerCC32XX_getParkState         
2000ebcb  PowerCC32XX_initPolicy           
20012650  PowerCC32XX_module               
20010c49  PowerCC32XX_parkPin              
20011bb1  PowerCC32XX_reset                
200117e5  PowerCC32XX_restoreParkState     
20011919  PowerCC32XX_restoreParkedPin     
20010a17  PowerCC32XX_resumeLPDS           
20010629  PowerCC32XX_setParkState         
2000d901  PowerCC32XX_sleepPolicy          
2001204d  Power_disablePolicy              
200121ad  Power_enablePolicy               
20012269  Power_getConstraintMask          
20012061  Power_getDependencyCount         
20011e8d  Power_getTransitionLatency       
20011ea5  Power_idleFunc                   
2000fe59  Power_init                       
20011aa5  Power_registerNotify             
20010ee1  Power_releaseConstraint          
200108c1  Power_releaseDependency          
200114a1  Power_setConstraint              
2000ffe1  Power_setDependency              
2000dfc1  Power_sleep                      
20011c61  Power_unregisterNotify           
200120d5  RingBuf_construct                
200112e5  RingBuf_get                      
20012241  RingBuf_isFull                   
20011c81  RingBuf_peek                     
20010fb9  RingBuf_put                      
200121bd  SemaphoreP_Params_init           
20010b5d  SemaphoreP_construct             
20011cdf  SemaphoreP_constructBinary       
20011fa7  SemaphoreP_create                
20011ddf  SemaphoreP_createBinary          
20012948  SemaphoreP_defaultParams         
20012337  SemaphoreP_delete                
2000ef37  SemaphoreP_destruct              
2000f821  SemaphoreP_pend                  
20011111  SemaphoreP_post                  
20011d71  SwiP_disable                     
20011155  SwiP_restore                     
20010bad  TimerCC32XX_allocateTimerResource
20011819  TimerCC32XX_freeTimerResource    
200116a5  TimerControlStall                
20011cfd  TimerDisable                     
20011d1b  TimerEnable                      
2001295d  TimerFlag                        
200120e7  TimerIntClear                    
20011ebd  TimerIntDisable                  
20011ed5  TimerIntEnable                   
200119ff  TimerLoadSet                     
20011a29  TimerPrescaleSet                 
20011bd5  TimerSupport_timerDisable        
20011325  TimerSupport_timerEnable         
200121cd  Timer_Params_init                
20011365  Timer_close                      
2001334c  Timer_config                     
20013340  Timer_count                      
2000f0b3  Timer_init                       
2000e0f9  Timer_open                       
20011199  Timer_start                      
200116db  Timer_stop                       
20011eed  UARTBusy                         
2000e489  UARTCC32XX_close                 
2000ead9  UARTCC32XX_control               
2001316c  UARTCC32XX_fxnTable              
2000fa8f  UARTCC32XX_init                  
2000cebd  UARTCC32XX_open                  
200113a5  UARTCC32XX_read                  
20011711  UARTCC32XX_readCancel            
2000eff9  UARTCC32XX_readPolling           
2000ee6d  UARTCC32XX_write                 
2001055d  UARTCC32XX_writeCancel           
2001068d  UARTCC32XX_writePolling          
20011f05  UARTIntEnable                    
20011f1d  UART_Params_init                 
20013314  UART_config                      
20013342  UART_count                       
200131bc  UART_defaultParams               
200111dd  UART_init                        
200113e5  UART_open                        
200122e7  UART_write                       
20012325  UtilsDelay                       
20004000  __STACK_END                      
00001000  __STACK_SIZE                     
00008000  __SYSMEM_SIZE                    
20013440  __TI_CINIT_Base                  
20013450  __TI_CINIT_Limit                 
2001342c  __TI_Handler_Table_Base          
20013438  __TI_Handler_Table_Limit         
20011221  __TI_auto_init_nobinit_nopinit   
200104f5  __TI_decompress_lzss             
2001224f  __TI_decompress_none             
2001096f  __TI_ltoa                        
ffffffff  __TI_pprof_out_hndl              
2000c041  __TI_printfi                     
ffffffff  __TI_prof_data_size              
ffffffff  __TI_prof_data_start             
20013360  __TI_static_base__               
20012281  __TI_zero_init                   
2000fd4d  __aeabi_cdcmpeq                  
2000fd4d  __aeabi_cdcmple                  
2000fdd3  __aeabi_cdrcmple                 
20010f71  __aeabi_d2iz                     
2000d753  __aeabi_dadd                     
2000e231  __aeabi_ddiv                     
2000e9dd  __aeabi_dmul                     
2000d749  __aeabi_dsub                     
200122f9  __aeabi_errno_addr               
20011635  __aeabi_f2iz                     
20010157  __aeabi_fmul                     
20011979  __aeabi_i2d                      
2001166d  __aeabi_i2f                      
200119a7  __aeabi_idiv0                    
200119a7  __aeabi_ldiv0                    
20011f4d  __aeabi_lmul                     
200101d1  __aeabi_memclr                   
200101d1  __aeabi_memclr4                  
200101d1  __aeabi_memclr8                  
2000f95d  __aeabi_memcpy                   
2000f95d  __aeabi_memcpy4                  
2000f95d  __aeabi_memcpy8                  
200101d3  __aeabi_memset                   
200101d3  __aeabi_memset4                  
200101d3  __aeabi_memset8                  
2000f9f9  __aeabi_uldivmod                 
ffffffff  __binit__                        
ffffffff  __c_args__                       
UNDEFED   __mpu_init                       
20003000  __stack                          
20004000  __start___llvm_prf_cnts          
20004000  __stop___llvm_prf_cnts           
20011bf9  _c_int00_noargs                  
20012e7c  _ctypes_                         
20012938  _lock                            
20010337  _nop                             
20004040  _sys_memory                      
UNDEFED   _system_post_cinit               
2001233b  _system_pre_init                 
2001293c  _unlock                          
2001233f  abort                            
2000e7e1  aligned_alloc                    
20010c95  atoi                             
ffffffff  binit                            
20011881  checkButtonFlags                 
200106ef  clkFxn                           
20012275  copysign                         
20012275  copysignl                        
20012960  errno                            
2000ecb9  free                             
200107b1  frexp                            
200107b1  frexpl                           
2001228d  gpioButtonFxn0                   
20012299  gpioButtonFxn1                   
20012b98  gpioCallbackFunctions            
200128b4  gpioPinConfigs                   
20012c1c  gpioUserArgs                     
20012da8  heat                             
20012db4  i2c                              
20013290  i2cCC32XXHWAttrs                 
20012a9c  i2cCC32XXObjects                 
20012dbc  i2cTransaction                   
2000d3ad  initI2C                          
20010f29  initTimer                        
200114dd  initUART                         
200115c5  initVectors                      
2000ed9d  ldexp                            
2000ed9d  ldexpl                           
2001295e  lowerTempFlag                    
200120f9  main                             
2000e6c9  mainThread                       
20012301  malloc                           
2000e7e1  memalign                         
20011da9  memccpy                          
2000f95d  memcpy                           
200101d9  memset                           
20012ddc  output                           
200127bc  parkInfo                         
2001295f  raiseTempFlag                    
2000ebcd  readTemp                         
20011df9  resetISR                         
20011e0c  resetVectorAddr                  
20004000  resetVectors                     
20012dae  rxBuffer                         
2000ed9d  scalbn                           
2000ed9d  scalbnl                          
20012089  setHeat                          
20012daa  setPoint                         
20010d2d  snprintf                         
20011fbd  strchr                           
2001209d  strlen                           
20012dac  temperature                      
20012db8  timer0                           
200132f8  timerCC32XXHWAttrs               
20012ca0  timerCC32XXObjects               
200122bd  timerCallback                    
20012da9  txBuffer                         
20012db0  uart                             
20012d24  uartCC32XXObjects0               
2001210b  wcslen                           


GLOBAL SYMBOLS: SORTED BY Symbol Address 

address   name                             
-------   ----                             
00001000  __STACK_SIZE                     
00008000  __SYSMEM_SIZE                    
20003000  __stack                          
20004000  __STACK_END                      
20004000  __start___llvm_prf_cnts          
20004000  __stop___llvm_prf_cnts           
20004000  resetVectors                     
20004040  _sys_memory                      
2000c041  __TI_printfi                     
2000ca8f  Board_initHook                   
2000ca91  PRCMCC3200MCUInit                
2000cebd  UARTCC32XX_open                  
2000d3ad  initI2C                          
2000d749  __aeabi_dsub                     
2000d753  __aeabi_dadd                     
2000d8ff  I2C_init                         
2000d901  PowerCC32XX_sleepPolicy          
2000daa1  GPIO_setConfig                   
2000dfc1  Power_sleep                      
2000e0f9  Timer_open                       
2000e231  __aeabi_ddiv                     
2000e367  I2C_transferTimeout              
2000e489  UARTCC32XX_close                 
2000e6c9  mainThread                       
2000e7e1  aligned_alloc                    
2000e7e1  memalign                         
2000e8e1  I2C_open                         
2000e9dd  __aeabi_dmul                     
2000ead9  UARTCC32XX_control               
2000ebcb  PowerCC32XX_initPolicy           
2000ebcd  readTemp                         
2000ecb9  free                             
2000ed9d  ldexp                            
2000ed9d  ldexpl                           
2000ed9d  scalbn                           
2000ed9d  scalbnl                          
2000ee6d  UARTCC32XX_write                 
2000ef37  SemaphoreP_destruct              
2000eff9  UARTCC32XX_readPolling           
2000f0b3  Timer_init                       
2000f58d  IntEnable                        
2000f635  PowerCC32XX_configureWakeup      
2000f821  SemaphoreP_pend                  
2000f95d  __aeabi_memcpy                   
2000f95d  __aeabi_memcpy4                  
2000f95d  __aeabi_memcpy8                  
2000f95d  memcpy                           
2000f9f9  __aeabi_uldivmod                 
2000fa8f  UARTCC32XX_init                  
2000fa91  GPIO_init                        
2000fbb1  HwiP_construct                   
2000fc3d  IntPendSet                       
2000fcc5  PinConfigSet                     
2000fd4d  __aeabi_cdcmpeq                  
2000fd4d  __aeabi_cdcmple                  
2000fdd3  __aeabi_cdrcmple                 
2000fe59  Power_init                       
2000ff61  GPIO_write                       
2000ffe1  Power_setDependency              
20010157  __aeabi_fmul                     
200101d1  __aeabi_memclr                   
200101d1  __aeabi_memclr4                  
200101d1  __aeabi_memclr8                  
200101d3  __aeabi_memset                   
200101d3  __aeabi_memset4                  
200101d3  __aeabi_memset8                  
200101d9  memset                           
20010337  _nop                             
2001048b  I2CSupport_primeTransfer         
200104f5  __TI_decompress_lzss             
2001055d  UARTCC32XX_writeCancel           
200105c5  GPIO_setInterruptConfig          
20010629  PowerCC32XX_setParkState         
2001068d  UARTCC32XX_writePolling          
200106ef  clkFxn                           
200106f1  GPIO_hwiIntFxn                   
20010751  PRCMSysResetCauseGet             
200107b1  frexp                            
200107b1  frexpl                           
20010869  PRCMPeripheralReset              
200108c1  Power_releaseDependency          
2001096f  __TI_ltoa                        
20010a17  PowerCC32XX_resumeLPDS           
20010b0d  ClockP_sysTickHandler            
20010b5d  SemaphoreP_construct             
20010bad  TimerCC32XX_allocateTimerResource
20010c49  PowerCC32XX_parkPin              
20010c95  atoi                             
20010d2d  snprintf                         
20010d79  FlashDisable                     
20010dc1  GPIO_disableInt                  
20010e09  GPIO_enableInt                   
20010e51  PRCMLPDSEnter                    
20010e99  PRCMPeripheralClkEnable          
20010ee1  Power_releaseConstraint          
20010f29  initTimer                        
20010f71  __aeabi_d2iz                     
20010fb9  RingBuf_put                      
20011045  ClockP_stop                      
20011089  PRCMLPDSRestoreInfoSet           
200110cd  PowerCC32XX_enterLPDS            
20011111  SemaphoreP_post                  
20011155  SwiP_restore                     
20011199  Timer_start                      
200111dd  UART_init                        
20011221  __TI_auto_init_nobinit_nopinit   
20011265  ClockP_construct                 
200112a5  PinModeSet                       
200112e5  RingBuf_get                      
20011325  TimerSupport_timerEnable         
20011365  Timer_close                      
200113a5  UARTCC32XX_read                  
200113e5  UART_open                        
20011465  ClockP_destruct                  
200114a1  Power_setConstraint              
200114dd  initUART                         
20011555  PRCMLPDSEnterKeepDebugIf         
200115c5  initVectors                      
20011635  __aeabi_f2iz                     
2001166d  __aeabi_i2f                      
200116a5  TimerControlStall                
200116db  Timer_stop                       
20011711  UARTCC32XX_readCancel            
20011749  ClockP_getTicksUntilInterrupt    
2001177d  ClockP_startup                   
200117b1  PinModeGet                       
200117e5  PowerCC32XX_restoreParkState     
20011819  TimerCC32XX_freeTimerResource    
20011881  checkButtonFlags                 
200118e9  ClockP_start                     
20011919  PowerCC32XX_restoreParkedPin     
20011979  __aeabi_i2d                      
200119a7  __aeabi_idiv0                    
200119a7  __aeabi_ldiv0                    
200119a9  PowerCC32XX_getParkState         
200119d5  HwiP_create                      
200119ff  TimerLoadSet                     
20011a29  TimerPrescaleSet                 
20011a53  I2CFIFODataPutNonBlocking        
20011a7d  PRCMPeripheralClkDisable         
20011aa5  Power_registerNotify             
20011af5  I2CFIFODataGetNonBlocking        
20011b1b  I2C_cancel                       
20011b41  List_put                         
20011b67  List_remove                      
20011b8d  HwiP_dispatch                    
20011bb1  PowerCC32XX_reset                
20011bd5  TimerSupport_timerDisable        
20011bf9  _c_int00_noargs                  
20011c1d  I2CMasterSlaveAddrSet            
20011c3f  HwiP_destruct                    
20011c61  Power_unregisterNotify           
20011c81  RingBuf_peek                     
20011cc1  I2CMasterIntStatusEx             
20011cdf  SemaphoreP_constructBinary       
20011cfd  TimerDisable                     
20011d1b  TimerEnable                      
20011d39  GPIO_setCallback                 
20011d55  PinToPadGet                      
20011d71  SwiP_disable                     
20011da9  memccpy                          
20011dc5  ClockP_create                    
20011ddf  SemaphoreP_createBinary          
20011df9  resetISR                         
20011e0c  resetVectorAddr                  
20011e13  I2CMasterBusBusy                 
20011e2b  I2CMasterIntDisableEx            
20011e43  I2CMasterIntEnableEx             
20011e5b  I2CRxFIFOFlush                   
20011e73  I2CTxFIFOFlush                   
20011e8d  Power_getTransitionLatency       
20011ea5  Power_idleFunc                   
20011ebd  TimerIntDisable                  
20011ed5  TimerIntEnable                   
20011eed  UARTBusy                         
20011f05  UARTIntEnable                    
20011f1d  UART_Params_init                 
20011f4d  __aeabi_lmul                     
20011f65  I2CMasterBurstLengthSet          
20011f7b  PRCMHIBRegRead                   
20011f91  PRCMHIBRegWrite                  
20011fa7  SemaphoreP_create                
20011fbd  strchr                           
20011fd3  Board_init                       
20011fe7  CPUcpsid                         
20011ffd  HwiP_inISR                       
20012011  I2CSupport_masterFinish          
20012025  I2C_transfer                     
20012039  IntVTableBaseSet                 
2001204d  Power_disablePolicy              
20012061  Power_getDependencyCount         
20012089  setHeat                          
2001209d  strlen                           
200120b1  HwiP_Params_init                 
200120c3  I2CMasterIntClearEx              
200120d5  RingBuf_construct                
200120e7  TimerIntClear                    
200120f9  main                             
2001210b  wcslen                           
2001211d  ClockP_add                       
2001212d  ClockP_delete                    
2001213d  ClockP_getCpuFreq                
2001214d  ClockP_getSystemTicks            
2001215d  ClockP_setTicks                  
2001216d  HwiP_delete                      
2001217d  HwiP_restore                     
2001218d  I2CFIFOStatus                    
2001219d  I2C_Params_init                  
200121ad  Power_enablePolicy               
200121bd  SemaphoreP_Params_init           
200121cd  Timer_Params_init                
200121ed  HwiP_clearInterrupt              
200121fb  HwiP_disable                     
20012209  HwiP_disableInterrupt            
20012217  HwiP_enable                      
20012217  NoRTOS_start                     
20012225  HwiP_enableInterrupt             
20012241  RingBuf_isFull                   
2001224f  __TI_decompress_none             
20012269  Power_getConstraintMask          
20012275  copysign                         
20012275  copysignl                        
20012281  __TI_zero_init                   
2001228d  gpioButtonFxn0                   
20012299  gpioButtonFxn1                   
200122bd  timerCallback                    
200122c9  ClockP_Params_init               
200122d3  ClockP_isActive                  
200122dd  IntMasterDisable                 
200122e7  UART_write                       
200122f9  __aeabi_errno_addr               
20012301  malloc                           
20012319  I2CSupport_powerRelConstraint    
2001231f  I2CSupport_powerSetConstraint    
20012325  UtilsDelay                       
2001232b  ClockP_doTick                    
2001232f  ClockP_setTimeout                
20012333  HwiP_post                        
20012337  SemaphoreP_delete                
2001233b  _system_pre_init                 
2001233f  C$$EXIT                          
2001233f  abort                            
20012650  PowerCC32XX_module               
200127bc  parkInfo                         
200128b4  gpioPinConfigs                   
20012938  _lock                            
2001293c  _unlock                          
20012948  SemaphoreP_defaultParams         
20012950  HwiP_key                         
20012954  HwiP_swiPIntNum                  
20012958  ClockP_tickPeriod                
2001295d  TimerFlag                        
2001295e  lowerTempFlag                    
2001295f  raiseTempFlag                    
20012960  errno                            
20012970  PowerCC32XX_contextSave          
20012a9c  i2cCC32XXObjects                 
20012b98  gpioCallbackFunctions            
20012c1c  gpioUserArgs                     
20012ca0  timerCC32XXObjects               
20012d24  uartCC32XXObjects0               
20012da8  heat                             
20012da9  txBuffer                         
20012daa  setPoint                         
20012dac  temperature                      
20012dae  rxBuffer                         
20012db0  uart                             
20012db4  i2c                              
20012db8  timer0                           
20012dbc  i2cTransaction                   
20012ddc  output                           
20012e50  ClockP_ctrl                      
20012e7c  _ctypes_                         
20013128  PowerCC32XX_config               
2001316c  UARTCC32XX_fxnTable              
200131bc  UART_defaultParams               
20013290  i2cCC32XXHWAttrs                 
200132b8  GPIO_config                      
200132c8  I2C_defaultParams                
200132f8  timerCC32XXHWAttrs               
20013314  UART_config                      
20013338  GPIO_pinLowerBound               
20013339  GPIO_pinUpperBound               
2001333a  CONFIG_GPIO_BUTTON_0_CONST       
2001333b  CONFIG_GPIO_BUTTON_1_CONST       
2001333c  CONFIG_GPIO_LED_0_CONST          
2001333d  CONFIG_I2C_0_CONST               
2001333e  I2C_count                        
2001333f  CONFIG_TIMER_0_CONST             
20013340  Timer_count                      
20013341  CONFIG_UART_0_CONST              
20013342  UART_count                       
20013344  I2C_config                       
2001334c  Timer_config                     
20013360  __TI_static_base__               
2001342c  __TI_Handler_Table_Base          
20013438  __TI_Handler_Table_Limit         
20013440  __TI_CINIT_Base                  
20013450  __TI_CINIT_Limit                 
ffffffff  __TI_pprof_out_hndl              
ffffffff  __TI_prof_data_size              
ffffffff  __TI_prof_data_start             
ffffffff  __binit__                        
ffffffff  __c_args__                       
ffffffff  binit                            
UNDEFED   ITM_flush                        
UNDEFED   ITM_restore                      
UNDEFED   __mpu_init                       
UNDEFED   _system_post_cinit               

[309 symbols]
